Archive member included to satisfy reference by file (symbol)

../../Compiler/COMMON/SGL_302j/LIB_ELF/SEGA_SYS.A(sys_exit.o)
                              ../../jo_engine/core.o (SYS_Exit)
../../Compiler/COMMON/SGL_302j/LIB_ELF/SEGA_SYS.A(sys_sub.o)
                              ../../Compiler/COMMON/SGL_302j/LIB_ELF/SEGA_SYS.A(sys_exit.o) (SYSUB_SetStackptr)
../../Compiler/COMMON/SGL_302j/LIB_ELF/LIBCD.A(CDC_CMN.O)
                              ../../Compiler/COMMON/SGL_302j/LIB_ELF/SEGA_SYS.A(sys_exit.o) (CDC_GetCurStat)
../../Compiler/COMMON/SGL_302j/LIB_ELF/LIBCD.A(CDC_DRV.O)
                              pcmsys.o (CDC_CdPlay)
../../Compiler/COMMON/SGL_302j/LIB_ELF/LIBCD.A(CDC_CFS.O)
                              ../../Compiler/COMMON/SGL_302j/LIB_ELF/SEGA_SYS.A(sys_exit.o) (CDC_ChgDir)
../../Compiler/COMMON/SGL_302j/LIB_ELF/LIBCD.A(CDC_REG.O)
                              ../../Compiler/COMMON/SGL_302j/LIB_ELF/SEGA_SYS.A(sys_exit.o) (CDC_GetHirqReq)
../../Compiler/COMMON/SGL_302j/LIB_ELF/LIBCD.A(CDC_SUB.O)
                              ../../Compiler/COMMON/SGL_302j/LIB_ELF/LIBCD.A(CDC_CMN.O) (CDSUB_UpdStatus)
../../Compiler/COMMON/SGL_302j/LIB_ELF/LIBCD.A(GFS.O)
                              pcmsys.o (GFS_Init)
../../Compiler/COMMON/SGL_302j/LIB_ELF/LIBCD.A(GFS_BUF.O)
                              ../../Compiler/COMMON/SGL_302j/LIB_ELF/LIBCD.A(GFS.O) (GFBF_GetNumData)
../../Compiler/COMMON/SGL_302j/LIB_ELF/LIBCD.A(GFS_CDB.O)
                              ../../Compiler/COMMON/SGL_302j/LIB_ELF/LIBCD.A(GFS.O) (GFCB_Close)
../../Compiler/COMMON/SGL_302j/LIB_ELF/LIBCD.A(GFS_CDC.O)
                              ../../Compiler/COMMON/SGL_302j/LIB_ELF/LIBCD.A(GFS.O) (GFCD_SetCdbfs)
../../Compiler/COMMON/SGL_302j/LIB_ELF/LIBCD.A(GFS_CDF.O)
                              ../../Compiler/COMMON/SGL_302j/LIB_ELF/LIBCD.A(GFS.O) (GFCF_Init)
../../Compiler/COMMON/SGL_302j/LIB_ELF/LIBCD.A(GFS_DIR.O)
                              ../../Compiler/COMMON/SGL_302j/LIB_ELF/LIBCD.A(GFS.O) (GFDR_SetupDirTbl)
../../Compiler/COMMON/SGL_302j/LIB_ELF/LIBCD.A(GFS_TRN.O)
                              ../../Compiler/COMMON/SGL_302j/LIB_ELF/LIBCD.A(GFS.O) (GFTR_Setup)
../../Compiler/COMMON/SGL_302j/LIB_ELF/LIBCD.A(CDC_DEV.O)
                              ../../Compiler/COMMON/SGL_302j/LIB_ELF/LIBCD.A(GFS_CDC.O) (CDC_CdSetCon)
../../Compiler/COMMON/SGL_302j/LIB_ELF/LIBCD.A(CDC_SEL.O)
                              ../../Compiler/COMMON/SGL_302j/LIB_ELF/LIBCD.A(GFS_CDC.O) (CDC_SetFiltRange)
../../Compiler/COMMON/SGL_302j/LIB_ELF/LIBCD.A(CDC_BIF.O)
                              ../../Compiler/COMMON/SGL_302j/LIB_ELF/LIBCD.A(GFS_CDC.O) (CDC_GetBufSiz)
../../Compiler/COMMON/SGL_302j/LIB_ELF/LIBCD.A(CDC_BIO.O)
                              ../../Compiler/COMMON/SGL_302j/LIB_ELF/LIBCD.A(GFS_CDC.O) (CDC_SetSctLen)
../../Compiler/COMMON/SGL_302j/LIB_ELF/LIBSGL.A(sglA15.o)
                              ../../jo_engine/slave.o (slSlaveFunc)
../../Compiler/COMMON/SGL_302j/LIB_ELF/LIBSGL.A(sglA16.o)
                              main.o (slLookAt)
../../Compiler/COMMON/SGL_302j/LIB_ELF/LIBSGL.A(sglA17.o)
                              main.o (slRotZ)
../../Compiler/COMMON/SGL_302j/LIB_ELF/LIBSGL.A(sglA18.o)
                              main.o (slRotY)
../../Compiler/COMMON/SGL_302j/LIB_ELF/LIBSGL.A(sglA19.o)
                              main.o (slRotX)
../../Compiler/COMMON/SGL_302j/LIB_ELF/LIBSGL.A(sglA20.o)
                              main.o (slUnitMatrix)
../../Compiler/COMMON/SGL_302j/LIB_ELF/LIBSGL.A(sglA21.o)
                              main.o (slPushMatrix)
../../Compiler/COMMON/SGL_302j/LIB_ELF/LIBSGL.A(sglA27.o)
                              main.o (slTranslate)
../../Compiler/COMMON/SGL_302j/LIB_ELF/LIBSGL.A(sglA28.o)
                              main.o (slScale)
../../Compiler/COMMON/SGL_302j/LIB_ELF/LIBSGL.A(sglA40.o)
                              main.o (slCalcVector)
../../Compiler/COMMON/SGL_302j/LIB_ELF/LIBSGL.A(sglB001.o)
                              main.o (slTVOn)
../../Compiler/COMMON/SGL_302j/LIB_ELF/LIBSGL.A(sglB011.o)
                              ../../jo_engine/vdp2.o (slBitMapNbg1)
../../Compiler/COMMON/SGL_302j/LIB_ELF/LIBSGL.A(sglB014.o)
                              ../../jo_engine/vdp2.o (slScrTransparent)
../../Compiler/COMMON/SGL_302j/LIB_ELF/LIBSGL.A(sglB015.o)
                              ../../jo_engine/vdp2.o (slScrAutoDisp)
../../Compiler/COMMON/SGL_302j/LIB_ELF/LIBSGL.A(sglB016.o)
                              ../../jo_engine/vdp2.o (slBack1ColSet)
../../Compiler/COMMON/SGL_302j/LIB_ELF/LIBSGL.A(sglB020.o)
                              ../../jo_engine/vdp2.o (slColorCalc)
../../Compiler/COMMON/SGL_302j/LIB_ELF/LIBSGL.A(sglB021.o)
                              ../../jo_engine/vdp2.o (slColorCalcOn)
../../Compiler/COMMON/SGL_302j/LIB_ELF/LIBSGL.A(sglB023.o)
                              ../../jo_engine/vdp2.o (slColRate)
[...]
Memory Configuration

Name             Origin             Length             Attributes
*default*        0x00000000         0xffffffff

Linker script and memory map


SLSTART         0x06004000       0x30
                0x06004000                ___Start = .
 *(SLSTART)
 SLSTART        0x06004000       0x28 ../../Compiler/COMMON/SGL_302j/LIB_ELF/LIBSGL.A(sglI00.o)
                0x06004000                SGL_Start
                0x06004002                slStartSGL

.text           0x06004040    0x20970
 *(.text)
 .text          0x06004040        0x0 ../../Compiler/COMMON/SGL_302j/LIB_ELF/SGLAREA.O
 .text          0x06004040     0xd4b4 main.o
                0x06004040                my_tga_palette_handling
                0x0600405c                my_tga_palette_handling2
                0x06004078                my_vblank
                0x06005508                nDigits
                0x0600558c                stop_sounds
                0x06005614                search_for_item
                0x06005648                create_enemy
                0x06005760                player_reload
                0x06005c7c                previous_item
                0x06005d08                next_item
                0x06005d88                add_item
                0x06005f60                clear_items
                0x06005f70                load_items
                0x0600600c                clear_saved_items
                0x06006018                save_items
                0x060060ac                create_powerup
                0x06006114                create_door
                0x06006158                load_binary
                0x06006aa0                load_file
                0x060076a4                load_map_textures
                0x060076d8                load_map_plan_tex
                0x060076f4                create_player
                0x06007788                reset_demo
                0x060078b0                restart_level
                0x06007a08                Lerp
                0x06007a4c                apply_player_gravity
                0x06007a8c                apply_enemy_gravity
                0x06007ac8                player_jump
                0x06007af4                player_flap
                0x06007b28                player_bounce
                0x06007b54                player_bounceback
                0x06007b80                player_hurt
                0x06007bf4                has_horizontal_collision
                0x06007cd8                has_trigger_collision
                0x06007d88                has_vertical_collision
                0x06007f40                has_ramp_collision
                0x060080e0                has_shadow_collision
                0x0600820c                has_ceiling_collision
                0x060082bc                has_object_collision
                0x06008d70                enemy_target
                0x06008d8c                enemy_collision_handling
                0x06008da8                player_target
                0x06008dc4                player_collision_handling
                0x0600a4d4                destroy_last_map_section
                0x0600a4e4                create_map_section
                0x0600a510                computeLight
                0x0600a580                player_animation_handling
                0x0600a848                animate_enemies
                0x0600aa70                draw_enemies
                0x0600aa84                draw_powerups
                0x0600abf8                draw_player
                0x0600c590                draw_fog
                0x0600c63c                draw_map
                0x0600c8d8                draw_hud
                0x0600cd08                my_draw
                0x0600cd24                init_level
                0x0600d5c0                transition_to_title_screen
                0x0600da74                load_level
                0x0600da90                load_area
                0x0600daac                use_item
                0x0600e054                show_map_plan
                0x0600e070                inventory
                0x0600e08c                map_builder_animate_enemy
                0x0600e258                map_builder_animate_player
                0x0600e52c                map_builder_draw_player
                0x0600ef5c                map_builder_draw_enemy
                0x0600f9bc                map_builder_draw_powerup
                0x0600fb1c                object_viewer
                0x0601017c                player_dead
                0x06010198                pause_game
                0x060101b4                move_camera
                0x06010d64                title_screen
                0x06010d80                init_display
                0x06010e78                my_gamepad
                0x06010e94                load_background
                0x06010ed4                load_textures
                0x0601100c                load_sound
                0x06011134                draw_3d_planes
                0x06011150                init_3d_planes
                0x060111fc                gameLoop
                0x06011334                jo_main
 .text          0x060114f4      0x928 pcmsys.o
                0x0601155c                pcm_play
                0x06011584                pcm_parameter_change
                0x060115a8                pcm_cease
                0x060115d4                cd_init
                0x0601160c                smpc_wait_till_ready
                0x06011620                smpc_issue_command
                0x06011634                load_driver_binary
                0x06011760                load_drv
                0x060117ac                calculate_bytes_per_blank
                0x060117dc                convert_bitrate_to_pitchword
                0x06011838                load_16bit_pcm
                0x060119ac                load_8bit_pcm
                0x06011b20                gcd
                0x06011b4c                lcm
                0x06011b90                load_adx
                0x06011d90                sdrv_vblank_rq
                0x06011da0                CDDASetVolume
                0x06011db4                CDDAPlay
                0x06011df4                CDDAPlaySingle
                0x06011e00                CDDAStop
 .text          0x06011e1c      0xae4 ../../jo_engine/tga.o
                0x06012098                jo_set_tga_palette_handling
                0x060120a4                __jo_tga_load
                0x060121c4                __jo_tga_any_loader_from_stream
                0x0601220c                jo_tga_8bits_loader_from_stream
                0x06012224                jo_tga_loader_from_stream
                0x0601223c                __jo_tga_any_loader
                0x0601228c                jo_tga_8bits_loader
                0x060122a8                jo_tga_loader
                0x060122c4                jo_tga_8bits_tileset_loader
                0x06012500                jo_sprite_add_tga_tileset
                0x06012758                jo_sprite_add_tga_from_stream
                0x06012810                jo_sprite_add_tga
 .text          0x06012900      0x950 ../../jo_engine/3d.o
                0x06012968                jo_3d_init
                0x06012990                jo_3d_create_triangle
                0x060129cc                jo_3d_create_plane
                0x06012a0c                jo_3d_create_mesh_from_vertices_and_normals
                0x06012b20                jo_3d_free_mesh
                0x06012b74                jo_3d_create_cube
                0x06012bd0                jo_3d_set_mesh_polygon_transparency
                0x06012c44                jo_3d_set_mesh_transparency
                0x06012cb0                jo_3d_set_mesh_polygon_screen_doors
                0x06012d28                jo_3d_set_mesh_screen_doors
                0x06012d94                jo_3d_set_mesh_polygon_light
                0x06012e04                jo_3d_set_mesh_light
                0x06012e70                jo_3d_set_mesh_polygon_texture
                0x06012f3c                jo_3d_set_mesh_texture
                0x06012fa8                jo_3d_set_mesh_polygon_wireframe
                0x06012ffc                jo_3d_set_mesh_polygon_color_ex
                0x060130b8                jo_3d_set_mesh_color
                0x06013128                jo_3d_free_sprite_quad
                0x06013154                jo_3d_create_sprite_quad
 .text          0x06013250      0x960 ../../jo_engine/fs.o
                0x060132b8                jo_fs_init
                0x06013368                jo_fs_do_background_jobs
                0x06013424                jo_fs_read_file_async_ptr
                0x060135c8                jo_fs_cd
                0x06013638                jo_fs_read_file_ptr
                0x060137d4                jo_fs_read_file_in_dir
                0x06013820                jo_fs_open
                0x0601391c                jo_fs_seek_forward
                0x06013a2c                jo_fs_read_next_bytes
                0x06013b24                jo_fs_close
                0x06013b70                jo_fs_set_read_sector_count
 .text          0x06013bb0      0x158 ../../jo_engine/slave.o
                0x06013c30                jo_core_add_slave_callback
                0x06013c80                jo_core_remove_slave_callback
                0x06013cc0                jo_core_slave_init
                0x06013cd0                jo_core_wait_for_slave
                0x06013cf4                jo_core_exec_on_slave
 .text          0x06013d08      0x574 ../../jo_engine/font.o
                0x06013d70                jo_font_load
                0x06014000                jo_font_print
                0x06014124                jo_font_print_centered
 .text          0x0601427c      0x118 ../../jo_engine/input.o
                0x060142e4                jo_get_inputs_vblank
                0x0601432c                jo_get_input_type
                0x06014370                jo_get_input_count
 .text          0x06014394        0x0 ../../jo_engine/physics.o
 .text          0x06014394      0x988 ../../jo_engine/core.o
                0x06014444                __jo_core_set_screens_order
                0x0601457c                jo_goto_boot_menu
                0x06014588                jo_core_suspend
                0x06014668                __jo_core_error
                0x06014788                jo_core_add_vblank_callback
                0x0601480c                jo_core_init
                0x06014aa0                jo_core_remove_vblank_callback
                0x06014b00                jo_core_add_callback
                0x06014b50                jo_core_remove_callback
                0x06014b90                jo_core_set_restart_game_callback
                0x06014b9c                jo_core_run
                0x06014c64                jo_dump_vdp1_registers
                0x06014cc0                jo_dump_vdp2_registers
 .text          0x06014d1c      0xcb8 ../../jo_engine/math.o
                0x06014d84                jo_fixed_mult
                0x06014d98                jo_fixed_dot
                0x06014db0                jo_fixed_pow
                0x06014de8                jo_fixed_div
                0x06014e10                jo_fixed_sin
                0x06014f14                jo_fixed_cos
                0x0601508c                jo_gcd
                0x060150f4                jo_atan2f_rad
                0x060152b8                jo_planar_rotate
                0x06015414                jo_random
                0x06015484                jo_vector_fixed_compute_bezier_point
                0x06015614                jo_vectorf_compute_bezier_point
                0x06015764                jo_fixed_sqrt
                0x06015814                jo_sqrt
                0x06015854                jo_fixed_rsqrt
                0x06015964                jo_rsqrt
 .text          0x060159d4      0x4b4 ../../jo_engine/malloc.o
                0x06015a3c                jo_add_memory_zone
                0x06015aac                jo_malloc_with_behaviour
                0x06015bf8                jo_reduce_memory_fragmentation
                0x06015c6c                jo_free
                0x06015ce8                jo_memory_usage_percent
                0x06015dec                jo_memory_fragmentation
 .text          0x06015e88      0x4a8 ../../jo_engine/tools.o
                0x06015ef0                jo_print
                0x06015f40                jo_clear_screen_line
                0x06015f88                jo_clear_screen
                0x06015fac                jo_getdate
                0x06016048                jo_get_current_language
                0x0601606c                jo_tools_atoi
                0x060160ec                jo_strlen
                0x0601613c                jo_endwith
                0x060161e8                jo_strcmp
                0x06016218                jo_memset
                0x060162bc                jo_map_to_vram
 .text          0x06016330      0x134 ../../jo_engine/palette.o
                0x06016398                jo_create_palette
                0x060163ec                jo_set_palette_register
                0x06016450                jo_get_palette_register
 .text          0x06016464      0x9f8 ../../jo_engine/sprites.o
                0x06016600                jo_sprite_usage_percent
                0x0601668c                jo_get_last_sprite_id
                0x06016698                jo_sprite_init
                0x0601671c                jo_sprite_name2id
                0x06016794                jo_sprite_replace
                0x060168b4                jo_sprite_add
                0x06016900                jo_sprite_add_8bits_image
                0x0601694c                jo_sprite_free_from
                0x060169f4                jo_set_gouraud_shading_colors
                0x06016a1c                jo_set_gouraud_shading_brightness
                0x06016a5c                jo_sprite_draw_4p_fixed
                0x06016b74                jo_sprite_draw
                0x06016cbc                jo_sprite_draw_rotate
                0x06016e28                jo_sprite_set_clipping_area
 .text          0x06016e5c      0xb38 ../../jo_engine/map.o
                0x06016f8c                jo_map_per_pixel_vertical_collision
                0x06017120                jo_map_hitbox_detection_custom_boundaries
                0x06017190                jo_map_create
                0x0601720c                jo_map_add_tile
                0x06017230                jo_map_add_animated_tile
                0x06017254                jo_map_draw_background
                0x060172ec                jo_map_3d_draw
                0x06017428                jo_map_draw
                0x06017524                jo_map_free
                0x0601753c                jo_map_load_from_file
                0x06017914                jo_map_move_tiles_by_attribute
 .text          0x06017994      0x200 ../../jo_engine/list.o
                0x060179fc                jo_list_init
                0x06017a0c                jo_list_add
                0x06017a84                jo_list_insert_at
                0x06017b34                jo_list_remove
 .text          0x06017b94      0x2bc ../../jo_engine/sprite_animator.o
                0x06017ca8                jo_replace_sprite_anim
                0x06017d5c                jo_create_sprite_anim
                0x06017e28                jo_clear_all_sprite_anim
 .text          0x06017e50      0x7b0 ../../jo_engine/image.o
                0x06017eb8                __jo_bin_load
                0x06017f08                jo_free_img
                0x06017f50                jo_bin_loader_from_stream
                0x06018020                jo_bin_loader
                0x060180a4                jo_replace_color
                0x06018110                jo_sprite_add_bin_tileset
                0x06018308                jo_sprite_add_bin
                0x060183d4                jo_sprite_add_bin_from_stream
                0x0601846c                jo_sprite_add_image_pack
 .text          0x06018600      0xbe8 ../../jo_engine/vdp2.o
                0x060186e4                jo_set_default_background_color
                0x06018724                jo_img_to_vdp2_cells
                0x06018848                jo_vdp2_replace_rbg0_plane_a_8bits_image
                0x0601885c                jo_vdp2_replace_rbg0_plane_b_8bits_image
                0x06018870                jo_vdp2_set_rbg0_plane_a_8bits_image
                0x06018938                jo_vdp2_set_rbg0_plane_b_8bits_image
                0x06018a00                jo_vdp2_enable_rbg0
                0x06018ad4                jo_vdp2_disable_rbg0
                0x06018aec                jo_init_nbg0_printf
                0x06018b70                __jo_init_vdp2
                0x06018bd4                jo_vdp2_disable_nbg0_line_scroll
                0x06018bf8                jo_vdp2_compute_nbg0_line_scroll
                0x06018c10                jo_vdp2_enable_nbg0_line_scroll
                0x06018c80                jo_vdp2_draw_bitmap_nbg1_line
                0x06018d4c                jo_vdp2_clear_bitmap_nbg1
                0x06018db0                jo_vdp2_set_nbg1_8bits_image
                0x06018e98                jo_vdp2_set_nbg1_image
                0x06018fd4                jo_vdp2_disable_nbg1_line_scroll
                0x06018ff8                jo_vdp2_compute_nbg1_line_scroll
                0x06019010                jo_vdp2_enable_nbg1_line_scroll
                0x06019080                jo_set_displayed_screens
                0x06019090                jo_disable_all_screens_transparency
                0x060190b4                jo_enable_screen_transparency
 .text          0x060191e8      0x280 ../../jo_engine/time.o
                0x06019250                jo_time_init
                0x0601927c                jo_get_ticks
                0x0601935c                jo_fixed_point_time
 .text          0x06019468       0x68 ../../jo_engine/vdp1_command_pipeline.o
 .text          0x060194d0      0x334 ../../jo_engine/vdp2_malloc.o
                0x06019538                jo_vdp2_malloc_init
                0x06019570                jo_vdp2_free
                0x06019630                jo_vdp2_malloc
 *fill*         0x06019804        0xc 
 .text          0x06019810      0x238 ../../Compiler/COMMON/SGL_302j/LIB_ELF/SEGA_SYS.A(sys_exit.o)
                0x06019810                sys_version
                0x06019830                SYS_Exit
 *fill*         0x06019a48        0x8 
 .text          0x06019a50        0x6 ../../Compiler/COMMON/SGL_302j/LIB_ELF/SEGA_SYS.A(sys_sub.o)
                0x06019a50                SYSUB_SetStackptr
 *fill*         0x06019a56        0xa 
 .text          0x06019a60      0x3a0 ../../Compiler/COMMON/SGL_302j/LIB_ELF/LIBCD.A(CDC_CMN.O)
                0x06019a60                CDC_GetCurStat
                0x06019ab0                CDC_GetLastStat
                0x06019ac8                CDC_GetPeriStat
                0x06019b9c                CDC_GetHwInfo
                0x06019c04                CDC_TgetToc
                0x06019c54                CDC_GetSes
                0x06019c90                CDC_CdInit
                0x06019d14                CDC_CdOpen
                0x06019d3c                CDC_DataReady
                0x06019da8                CDC_DataEnd
 .text          0x06019e00      0x130 ../../Compiler/COMMON/SGL_302j/LIB_ELF/LIBCD.A(CDC_DRV.O)
                0x06019e00                CDC_CdPlay
                0x06019ecc                CDC_CdSeek
                0x06019f00                CDC_CdScan
 .text          0x06019f30      0x194 ../../Compiler/COMMON/SGL_302j/LIB_ELF/LIBCD.A(CDC_CFS.O)
                0x06019f30                CDC_ChgDir
                0x06019f64                CDC_ReadDir
                0x06019f98                CDC_GetFileScope
                0x06019ff8                CDC_TgetFileInfo
                0x0601a054                CDC_ReadFile
                0x0601a088                CDC_AbortFile
 *fill*         0x0601a0c4        0xc 
 .text          0x0601a0d0      0x2dc ../../Compiler/COMMON/SGL_302j/LIB_ELF/LIBCD.A(CDC_REG.O)
                0x0601a0d0                CDC_GetDataPtr
                0x0601a0e0                CDC_GetHirqReq
                0x0601a0f4                CDC_ClrHirqReq
                0x0601a124                CDREG_ClrHirqReq
                0x0601a134                CDREG_InitHirqReq
                0x0601a15c                CDREG_SetHirqFlag
                0x0601a170                CDC_GetHirqMsk
                0x0601a184                CDC_SetHirqMsk
                0x0601a194                CDC_GetMpegPtr
                0x0601a1a4                CDREG_TgetData
                0x0601a200                CDREG_CmdRsp
                0x0601a300                CDREG_WaitHirq
                0x0601a370                CDREG_ReadRsp
 *fill*         0x0601a3ac        0x4 
 .text          0x0601a3b0      0x152 ../../Compiler/COMMON/SGL_302j/LIB_ELF/LIBCD.A(CDC_SUB.O)
                0x0601a3b0                CDSUB_UpdStatus
                0x0601a3c8                CDSUB_UpdCdstat
                0x0601a3e8                CDSUB_CdCmd
                0x0601a458                CDSUB_GetCdstat
                0x0601a498                CDSUB_RspToCdstat
                0x0601a4e0                CDSUB_SoftTimer
 *fill*         0x0601a502        0xe 
 .text          0x0601a510     0x1adc ../../Compiler/COMMON/SGL_302j/LIB_ELF/LIBCD.A(GFS.O)
                0x0601a510                gfs_version
                0x0601a530                GFS_Init
                0x0601a618                GFS_LoadDir
                0x0601a6c0                GFS_SetDir
                0x0601a728                GFS_NameToId
                0x0601a78c                GFS_IdToName
                0x0601a7f8                GFS_GetDirInfo
                0x0601a868                GFS_Reset
                0x0601a8ec                GFS_Open
                0x0601a9a0                GFS_Close
                0x0601a9d8                GFS_Seek
                0x0601aa8c                GFS_Tell
                0x0601aadc                GFS_IsEof
                0x0601ab30                GFS_ByteToSct
                0x0601ab8c                GFS_GetFileSize
                0x0601abe8                GFS_GetFileInfo
                0x0601ac5c                GFS_GetNumCdbuf
                0x0601ac84                GFS_Load
                0x0601ad48                GFS_Fread
                0x0601ade4                gfs_waitRead
                0x0601ae8c                GFS_NwFread
                0x0601af98                GFS_NwCdRead
                0x0601b010                GFS_NwIsComplete
                0x0601b048                GFS_NwStop
                0x0601b0b4                GFS_NwGetStat
                0x0601b130                gfs_recovRdErr
                0x0601b160                GFS_NwExecOne
                0x0601b220                GFS_NwExecServer
                0x0601b29c                GFS_SetGmode
                0x0601b300                GFS_SetTmode
                0x0601b36c                GFS_SetReadPara
                0x0601b3d0                GFS_SetTransPara
                0x0601b43c                GFS_SetTrFunc
                0x0601b4a0                GFS_StartTrans
                0x0601b4ec                GFS_CdMovePickup
                0x0601b558                GFS_SetErrFunc
                0x0601b584                GFS_GetErrStat
                0x0601b5a8                GFS_ConvTno
                0x0601b5d0                gfs_chgRoot
                0x0601b69c                gfs_aborttrans
                0x0601b6a8                gfs_mngSetupFuncTbl
                0x0601b6dc                gfs_mngInitWork
                0x0601b780                gfs_mngGetNumFile
                0x0601b7e8                GFS_mngAllocGrp
                0x0601b830                gfs_mngFreeGrp
                0x0601b83c                gfs_mngTermAccess
                0x0601b8c0                gfs_mngSetErrCode
                0x0601b940                gfs_svrSearchHndl
                0x0601b980                gfs_svrAddHndl
                0x0601b9bc                gfs_svrRemoveHndl
                0x0601ba18                GFS_OpenSub
                0x0601ba70                gfs_loadVol
                0x0601bb34                gfs_getRootDir
                0x0601bc30                gfs_loadRootDir
                0x0601bcb8                gfs_flowIn
                0x0601bd60                gfs_transData
                0x0601be04                GFS_GetFad
                0x0601be5c                gfs_SetSct
                0x0601be9c                gfs_GetFinfo
                0x0601bedc                gfs_closeSub
                0x0601bf18                gfs_getGmode
                0x0601bf24                gfs_isTaskDone
                0x0601bf78                gfs_convFinStat
 *fill*         0x0601bfec        0x4 
 .text          0x0601bff0      0x106 ../../Compiler/COMMON/SGL_302j/LIB_ELF/LIBCD.A(GFS_BUF.O)
                0x0601c020                GFBF_GetTranData
                0x0601c048                GFBF_GetNumData
                0x0601c078                GFBF_GetSrcPk
                0x0601c0a0                GFBF_GetSctData
                0x0601c0c4                GFBF_RtnPk
                0x0601c0ec                gfbf_getSctDt
 *fill*         0x0601c0f6        0xa 
 .text          0x0601c100      0x600 ../../Compiler/COMMON/SGL_302j/LIB_ELF/LIBCD.A(GFS_CDB.O)
                0x0601c100                GFCB_Setup
                0x0601c220                GFCB_Close
                0x0601c248                GFCB_GetLenData
                0x0601c2f4                GFCB_GetLenRoom
                0x0601c300                GFCB_SetFilt
                0x0601c368                GFCB_DeleteAllData
                0x0601c390                GFCB_Tell
                0x0601c3a0                gfcb_getSctNum
                0x0601c3f0                GFCB_Seek
                0x0601c4ec                GFCB_GetSrcPack
                0x0601c5cc                GFCB_GetSctData
                0x0601c604                GFCB_GetDstPack
                0x0601c610                GFCB_RtnPk
                0x0601c658                GFCB_MovePickup
                0x0601c674                GFCB_SetCon
                0x0601c6a8                GFCB_GetPickup
                0x0601c6d0                GFCB_IsPuOwner
                0x0601c6e8                GFCB_UngetPickup
 .text          0x0601c700     0x1a10 ../../Compiler/COMMON/SGL_302j/LIB_ELF/LIBCD.A(GFS_CDC.O)
                0x0601c700                GFCD_SetCdbfs
                0x0601c72c                GFCD_Init
                0x0601c930                GFCD_AllocFilt
                0x0601c96c                GFCD_FreeFilt
                0x0601c99c                GFCD_AllocBuf
                0x0601c9d0                GFCD_FreeBuf
                0x0601ca74                GFCD_GetBaseFad
                0x0601caa8                GFCD_GetPickup
                0x0601cadc                GFCD_UngetPickup
                0x0601cb08                GFCD_IsPuOwner
                0x0601cb2c                GFCD_SetFilt
                0x0601cbf0                GFCD_GetFilt
                0x0601cc38                GFCD_SetCon
                0x0601cc90                GFCD_Play
                0x0601ccf0                GFCD_GetLenData
                0x0601cd58                GFCD_ReqData
                0x0601cdb4                GFCD_EndData
                0x0601cdfc                GFCD_DelSctData
                0x0601ce54                GFCD_CheckDelSctData
                0x0601ce84                GFCD_GetStat
                0x0601cf38                GFCD_MovePickup
                0x0601cf84                GFCD_MoveSctData
                0x0601cff8                GFCD_CheckMove
                0x0601d01c                GFCD_GetSctInfo
                0x0601d064                GFCD_ChgDir
                0x0601d0d8                GFCD_SetFiltCon
                0x0601d1c0                GFCD_GetFileInfo
                0x0601d29c                GFCD_GetBufSiz
                0x0601d2d4                GFCD_ExecServer
                0x0601d3a8                gfcd_isIdleTask
                0x0601d434                gfcd_doTask
                0x0601d4e0                GFCD_SetTimer
                0x0601d4f4                GFCD_WaitServer
                0x0601d530                gfcd_doSetFiltTsk
                0x0601d6f4                gfcd_doSetConTsk
                0x0601d784                gfcd_doGetLenDataTsk
                0x0601d8d8                gfcd_doReqDataTsk
                0x0601d978                gfcd_doDelSctDataTsk
                0x0601daac                gfcd_doMoveSctTsk
                0x0601dc10                gfcd_doChgDirTsk
                0x0601de0c                gfcd_doSetFiltConTsk
                0x0601df50                gfcd_checkEflag
                0x0601df74                gfcd_initCdbMng
                0x0601dff4                gfcd_setStat
                0x0601e020                GFCD_SetCsctFunc
                0x0601e03c                GFCD_ChkScdqFlag
                0x0601e060                GFCD_ClrScdqFlag
                0x0601e07c                GFCD_WaitScdqFlag
                0x0601e0c0                GFCD_WaitPause
 .text          0x0601e110      0x8d8 ../../Compiler/COMMON/SGL_302j/LIB_ELF/LIBCD.A(GFS_CDF.O)
                0x0601e110                GFCF_Init
                0x0601e1b0                GFCF_Setup
                0x0601e2f8                GFCF_SetSct
                0x0601e33c                GFCF_GetFileInfo
                0x0601e3b0                GFCF_FlowInBuf
                0x0601e504                GFCF_StopInBuf
                0x0601e5a4                GFCF_Recover
                0x0601e5ec                GFCF_Tell
                0x0601e604                GFCF_Seek
                0x0601e61c                GFCF_MovePickup
                0x0601e6b8                GFCF_cnvIntlvOfs
                0x0601e70c                GFCF_GetStat
                0x0601e7a4                gfcf_getSctSize
                0x0601e7e0                gfcf_isCdOk
                0x0601e8a0                gfcf_getPlayRange
 *fill*         0x0601e9e8        0x8 
 .text          0x0601e9f0      0x92c ../../Compiler/COMMON/SGL_302j/LIB_ELF/LIBCD.A(GFS_DIR.O)
                0x0601e9f0                GFDR_SetupDirTbl
                0x0601ea64                GFDR_NameToId
                0x0601eac4                GFDR_GetInfoDirId
                0x0601ead8                GFDR_GetInfoDirName
                0x0601eaec                GFDR_GetAtrDirId
                0x0601eb04                GFDR_GetAtrDirName
                0x0601eb1c                GFDR_ChgRoot
                0x0601eb34                GFDR_ChgDir
                0x0601eba8                gfdr_setupDirIdTbl
                0x0601ec2c                gfdr_setupDirNameTbl
                0x0601ecd8                gfdr_open
                0x0601ed00                gfdr_read
                0x0601edc0                gfdr_readByte
                0x0601edec                gfdr_readWord
                0x0601ee18                gfdr_readWordNB
                0x0601ee6c                gfdr_readLongNB
                0x0601eeb8                gfdr_readLongNM
                0x0601eee0                gfdr_setNextRec
                0x0601ef64                gfdr_readDirEnt
                0x0601f2e0                gfdr_setDirrecCd
 *fill*         0x0601f31c        0x4 
 .text          0x0601f320      0x9c6 ../../Compiler/COMMON/SGL_302j/LIB_ELF/LIBCD.A(GFS_TRN.O)
                0x0601f350                GFTR_Setup
                0x0601f394                GFTR_SetMode
                0x0601f3a8                GFTR_SetUnit
                0x0601f3b4                GFTR_SetTransPara
                0x0601f3e8                GFTR_GetTransPara
                0x0601f3f4                GFTR_GetNumTrans
                0x0601f400                GFTR_SetTransMax
                0x0601f40c                GFTR_Start
                0x0601f418                GFTR_Pause
                0x0601f424                GFTR_Stop
                0x0601f4dc                GFTR_Exec
                0x0601f560                GFTR_Idle
                0x0601f5d8                GFTR_ExecSvr
                0x0601f6e0                gftr_getSrcPack
                0x0601f768                gftr_getDstPack
                0x0601f7c4                gftr_reqScu
                0x0601f7d0                gftr_execScu
                0x0601f86c                gftr_remScu
                0x0601f8a0                gfdma_canUse
                0x0601f8ac                gfdma_exec
                0x0601f91c                gfdma_getBytecnt
                0x0601f954                gftr_reqDma0
                0x0601f96c                gftr_execSdma0
                0x0601f990                gftr_remDma0
                0x0601f9a8                gftr_reqDma1
                0x0601f9c0                gftr_execSdma1
                0x0601f9e4                gftr_remDma1
                0x0601f9fc                gftr_reqCpu
                0x0601fa08                gftr_execCpu
                0x0601fa48                gftr_remCpu
                0x0601fa54                gftr_reqTrn
                0x0601fac4                gftr_execTrn
                0x0601fb9c                gftr_remTrn
                0x0601fc10                gftr_copyFrac
                0x0601fc38                GFTR_GetLenData
                0x0601fc44                GFTR_GetLenRoom
                0x0601fc5c                GFTR_GetDstPack
                0x0601fc90                GFTR_RtnDstPk
                0x0601fcac                GFTR_GetData
                0x0601fcc0                GFTR_SetData
                0x0601fcd4                GFTR_SetTransFunc
 *fill*         0x0601fce6        0xa 
 .text          0x0601fcf0       0xa8 ../../Compiler/COMMON/SGL_302j/LIB_ELF/LIBCD.A(CDC_DEV.O)
                0x0601fcf0                CDC_CdSetCon
                0x0601fd20                CDC_CdGetCon
                0x0601fd5c                CDC_CdGetLastBuf
 *fill*         0x0601fd98        0x8 
 .text          0x0601fda0      0x2b8 ../../Compiler/COMMON/SGL_302j/LIB_ELF/LIBCD.A(CDC_SEL.O)
                0x0601fda0                CDC_SetFiltRange
                0x0601fdd4                CDC_GetFiltRange
                0x0601fe2c                CDC_SetFiltSubh
                0x0601fe9c                CDC_GetFiltSubh
                0x0601ff18                CDC_SetFiltMode
                0x0601ff4c                CDC_GetFiltMode
                0x0601ff90                CDC_SetFiltCon
                0x0601ffd0                CDC_GetFiltCon
                0x06020024                CDC_ResetSelector
 *fill*         0x06020058        0x8 
 .text          0x06020060      0x270 ../../Compiler/COMMON/SGL_302j/LIB_ELF/LIBCD.A(CDC_BIF.O)
                0x06020060                CDC_GetBufSiz
                0x060200bc                CDC_GetSctNum
                0x06020100                CDC_CalActSiz
                0x0602013c                CDC_GetActSiz
                0x060201bc                CDC_GetSctInfo
                0x0602023c                CDC_ExeFadSearch
                0x06020274                CDC_GetFadSearch
 .text          0x060202d0      0x1e4 ../../Compiler/COMMON/SGL_302j/LIB_ELF/LIBCD.A(CDC_BIO.O)
                0x060202d0                CDC_SetSctLen
                0x06020304                CDC_GetSctData
                0x06020340                CDC_DelSctData
                0x0602037c                CDC_GetdelSctData
                0x060203b8                CDC_PutSctData
                0x060203f0                CDC_CopySctData
                0x06020434                CDC_MoveSctData
                0x06020478                CDC_GetCopyErr
 *fill*         0x060204b4        0xc 
 .text          0x060204c0        0x0 ../../Compiler/COMMON/SGL_302j/LIB_ELF/LIBSGL.A(sglA15.o)
 .text          0x060204c0        0x0 ../../Compiler/COMMON/SGL_302j/LIB_ELF/LIBSGL.A(sglA16.o)
 .text          0x060204c0        0x0 ../../Compiler/COMMON/SGL_302j/LIB_ELF/LIBSGL.A(sglA17.o)
 .text          0x060204c0        0x0 ../../Compiler/COMMON/SGL_302j/LIB_ELF/LIBSGL.A(sglA18.o)
 .text          0x060204c0        0x0 ../../Compiler/COMMON/SGL_302j/LIB_ELF/LIBSGL.A(sglA19.o)
 .text          0x060204c0        0x0 ../../Compiler/COMMON/SGL_302j/LIB_ELF/LIBSGL.A(sglA20.o)
 .text          0x060204c0        0x0 ../../Compiler/COMMON/SGL_302j/LIB_ELF/LIBSGL.A(sglA21.o)
 .text          0x060204c0        0x0 ../../Compiler/COMMON/SGL_302j/LIB_ELF/LIBSGL.A(sglA27.o)
 .text          0x060204c0        0x0 ../../Compiler/COMMON/SGL_302j/LIB_ELF/LIBSGL.A(sglA28.o)
 .text          0x060204c0        0x0 ../../Compiler/COMMON/SGL_302j/LIB_ELF/LIBSGL.A(sglA40.o)
 .text          0x060204c0        0x0 ../../Compiler/COMMON/SGL_302j/LIB_ELF/LIBSGL.A(sglB001.o)
 .text          0x060204c0        0x0 ../../Compiler/COMMON/SGL_302j/LIB_ELF/LIBSGL.A(sglB011.o)
 .text          0x060204c0        0x0 ../../Compiler/COMMON/SGL_302j/LIB_ELF/LIBSGL.A(sglB014.o)
 .text          0x060204c0        0x0 ../../Compiler/COMMON/SGL_302j/LIB_ELF/LIBSGL.A(sglB015.o)
 .text          0x060204c0        0x0 ../../Compiler/COMMON/SGL_302j/LIB_ELF/LIBSGL.A(sglB016.o)
 .text          0x060204c0        0x0 ../../Compiler/COMMON/SGL_302j/LIB_ELF/LIBSGL.A(sglB020.o)
 .text          0x060204c0        0x0 ../../Compiler/COMMON/SGL_302j/LIB_ELF/LIBSGL.A(sglB021.o)
 .text          0x060204c0        0x0 ../../Compiler/COMMON/SGL_302j/LIB_ELF/LIBSGL.A(sglB023.o)
 .text          0x060204c0        0x0 ../../Compiler/COMMON/SGL_302j/LIB_ELF/LIBSGL.A(sglB032.o)
 .text          0x060204c0        0x0 ../../Compiler/COMMON/SGL_302j/LIB_ELF/LIBSGL.A(sglB035.o)
 .text          0x060204c0        0x0 ../../Compiler/COMMON/SGL_302j/LIB_ELF/LIBSGL.A(sglB036.o)
 .text          0x060204c0        0x0 ../../Compiler/COMMON/SGL_302j/LIB_ELF/LIBSGL.A(sglB038.o)
 .text          0x060204c0        0x0 ../../Compiler/COMMON/SGL_302j/LIB_ELF/LIBSGL.A(sglB039.o)
 .text          0x060204c0        0x0 ../../Compiler/COMMON/SGL_302j/LIB_ELF/LIBSGL.A(sglB040.o)
 .text          0x060204c0        0x0 ../../Compiler/COMMON/SGL_302j/LIB_ELF/LIBSGL.A(sglB041.o)
 .text          0x060204c0        0x0 ../../Compiler/COMMON/SGL_302j/LIB_ELF/LIBSGL.A(sglB042.o)
 .text          0x060204c0        0x0 ../../Compiler/COMMON/SGL_302j/LIB_ELF/LIBSGL.A(sglB043.o)
 .text          0x060204c0        0x0 ../../Compiler/COMMON/SGL_302j/LIB_ELF/LIBSGL.A(sglB044.o)
 .text          0x060204c0        0x0 ../../Compiler/COMMON/SGL_302j/LIB_ELF/LIBSGL.A(sglB045.o)
 .text          0x060204c0        0x0 ../../Compiler/COMMON/SGL_302j/LIB_ELF/LIBSGL.A(sglB047.o)
 .text          0x060204c0        0x0 ../../Compiler/COMMON/SGL_302j/LIB_ELF/LIBSGL.A(sglB048.o)
 .text          0x060204c0        0x0 ../../Compiler/COMMON/SGL_302j/LIB_ELF/LIBSGL.A(sglB056.o)
 .text          0x060204c0        0x0 ../../Compiler/COMMON/SGL_302j/LIB_ELF/LIBSGL.A(sglB059.o)
 .text          0x060204c0        0x0 ../../Compiler/COMMON/SGL_302j/LIB_ELF/LIBSGL.A(sglB060.o)
 .text          0x060204c0        0x0 ../../Compiler/COMMON/SGL_302j/LIB_ELF/LIBSGL.A(sglB063.o)
 .text          0x060204c0        0x0 ../../Compiler/COMMON/SGL_302j/LIB_ELF/LIBSGL.A(sglB087.o)
 .text          0x060204c0        0x0 ../../Compiler/COMMON/SGL_302j/LIB_ELF/LIBSGL.A(sglB088.o)
 .text          0x060204c0        0x0 ../../Compiler/COMMON/SGL_302j/LIB_ELF/LIBSGL.A(sglB090.o)
 .text          0x060204c0        0x0 ../../Compiler/COMMON/SGL_302j/LIB_ELF/LIBSGL.A(sglB200.o)
 .text          0x060204c0        0x0 ../../Compiler/COMMON/SGL_302j/LIB_ELF/LIBSGL.A(sglC03.o)
 .text          0x060204c0        0x0 ../../Compiler/COMMON/SGL_302j/LIB_ELF/LIBSGL.A(sglC04.o)
 .text          0x060204c0        0x0 ../../Compiler/COMMON/SGL_302j/LIB_ELF/LIBSGL.A(sglC05.o)
 .text          0x060204c0        0x0 ../../Compiler/COMMON/SGL_302j/LIB_ELF/LIBSGL.A(sglC06.o)
 .text          0x060204c0        0x0 ../../Compiler/COMMON/SGL_302j/LIB_ELF/LIBSGL.A(sglC07.o)
 .text          0x060204c0        0x0 ../../Compiler/COMMON/SGL_302j/LIB_ELF/LIBSGL.A(sglC08.o)
 .text          0x060204c0        0x0 ../../Compiler/COMMON/SGL_302j/LIB_ELF/LIBSGL.A(sglC14.o)
 .text          0x060204c0        0x0 ../../Compiler/COMMON/SGL_302j/LIB_ELF/LIBSGL.A(sglC16.o)
 .text          0x060204c0        0x0 ../../Compiler/COMMON/SGL_302j/LIB_ELF/LIBSGL.A(sglC17.o)
 .text          0x060204c0        0x0 ../../Compiler/COMMON/SGL_302j/LIB_ELF/LIBSGL.A(sglC19.o)
 .text          0x060204c0        0x0 ../../Compiler/COMMON/SGL_302j/LIB_ELF/LIBSGL.A(sglC20.o)
 .text          0x060204c0        0x0 ../../Compiler/COMMON/SGL_302j/LIB_ELF/LIBSGL.A(sglC21.o)
 .text          0x060204c0        0x0 ../../Compiler/COMMON/SGL_302j/LIB_ELF/LIBSGL.A(sglD00.o)
 .text          0x060204c0        0x0 ../../Compiler/COMMON/SGL_302j/LIB_ELF/LIBSGL.A(sglD01.o)
 .text          0x060204c0        0x0 ../../Compiler/COMMON/SGL_302j/LIB_ELF/LIBSGL.A(sglD02.o)
 .text          0x060204c0        0x0 ../../Compiler/COMMON/SGL_302j/LIB_ELF/LIBSGL.A(sglD03.o)
 .text          0x060204c0        0x0 ../../Compiler/COMMON/SGL_302j/LIB_ELF/LIBSGL.A(sglD15.o)
 .text          0x060204c0        0x0 ../../Compiler/COMMON/SGL_302j/LIB_ELF/LIBSGL.A(sglD16.o)
 .text          0x060204c0        0x0 ../../Compiler/COMMON/SGL_302j/LIB_ELF/LIBSGL.A(sglD17.o)
 .text          0x060204c0        0x0 ../../Compiler/COMMON/SGL_302j/LIB_ELF/LIBSGL.A(sglD18.o)
 .text          0x060204c0        0x0 ../../Compiler/COMMON/SGL_302j/LIB_ELF/LIBSGL.A(sglF00.o)
 .text          0x060204c0        0x0 ../../Compiler/COMMON/SGL_302j/LIB_ELF/LIBSGL.A(sglF05.o)
 .text          0x060204c0        0x0 ../../Compiler/COMMON/SGL_302j/LIB_ELF/LIBSGL.A(sglF08.o)
 .text          0x060204c0        0x0 ../../Compiler/COMMON/SGL_302j/LIB_ELF/LIBSGL.A(sglH00.o)
 .text          0x060204c0        0x0 ../../Compiler/COMMON/SGL_302j/LIB_ELF/LIBSGL.A(sglH01.o)
 .text          0x060204c0        0x0 ../../Compiler/COMMON/SGL_302j/LIB_ELF/LIBSGL.A(sglH02.o)
 .text          0x060204c0        0x0 ../../Compiler/COMMON/SGL_302j/LIB_ELF/LIBSGL.A(sglH04.o)
 .text          0x060204c0        0x0 ../../Compiler/COMMON/SGL_302j/LIB_ELF/LIBSGL.A(sglI01.o)
 .text          0x060204c0        0x0 ../../Compiler/COMMON/SGL_302j/LIB_ELF/LIBSGL.A(sglI04.o)
 .text          0x060204c0      0x128 ../../Compiler/COMMON/SGL_302j/LIB_ELF/LIBSGL.A(sglIc0.o)
                0x060204c0                slInitSystem
 *fill*         0x060205e8        0x8 
 .text          0x060205f0        0x0 ../../Compiler/COMMON/SGL_302j/LIB_ELF/LIBSGL.A(sglJ00.o)
 .text          0x060205f0        0x0 ../../Compiler/COMMON/SGL_302j/LIB_ELF/LIBSGL.A(sglJ01.o)
 .text          0x060205f0        0x0 ../../Compiler/COMMON/SGL_302j/LIB_ELF/LIBSGL.A(sglJ02.o)
 .text          0x060205f0        0x0 ../../Compiler/COMMON/SGL_302j/LIB_ELF/LIBSGL.A(sglJ03.o)
 .text          0x060205f0        0x0 ../../Compiler/COMMON/SGL_302j/LIB_ELF/LIBSGL.A(sglJ04.o)
 .text          0x060205f0        0x0 ../../Compiler/COMMON/SGL_302j/LIB_ELF/LIBSGL.A(sglJ05.o)
 .text          0x060205f0        0x0 ../../Compiler/COMMON/SGL_302j/LIB_ELF/LIBSGL.A(sglK01.o)
 .text          0x060205f0        0x0 ../../Compiler/COMMON/SGL_302j/LIB_ELF/LIBSGL.A(sglM00.o)
 .text          0x060205f0        0x0 ../../Compiler/COMMON/SGL_302j/LIB_ELF/LIBSGL.A(sglM01.o)
 .text          0x060205f0        0x0 ../../Compiler/COMMON/SGL_302j/LIB_ELF/LIBSGL.A(sglA00.o)
 .text          0x060205f0        0x0 ../../Compiler/COMMON/SGL_302j/LIB_ELF/LIBSGL.A(sglA01.o)
 .text          0x060205f0        0x0 ../../Compiler/COMMON/SGL_302j/LIB_ELF/LIBSGL.A(sglA10.o)
 .text          0x060205f0        0x0 ../../Compiler/COMMON/SGL_302j/LIB_ELF/LIBSGL.A(sglA24.o)
 .text          0x060205f0        0x0 ../../Compiler/COMMON/SGL_302j/LIB_ELF/LIBSGL.A(sglA25.o)
 .text          0x060205f0        0x0 ../../Compiler/COMMON/SGL_302j/LIB_ELF/LIBSGL.A(sglB000.o)
 .text          0x060205f0        0x0 ../../Compiler/COMMON/SGL_302j/LIB_ELF/LIBSGL.A(sglC00.o)
 .text          0x060205f0        0x0 ../../Compiler/COMMON/SGL_302j/LIB_ELF/LIBSGL.A(sglC13.o)
 .text          0x060205f0        0x0 ../../Compiler/COMMON/SGL_302j/LIB_ELF/LIBSGL.A(sglD19.o)
 .text          0x060205f0        0x0 ../../Compiler/COMMON/SGL_302j/LIB_ELF/LIBSGL.A(sglI00.o)
 .text          0x060205f0        0x0 ../../Compiler/COMMON/SGL_302j/LIB_ELF/LIBSGL.A(sglH03.o)
 .text          0x060205f0       0x52 c:/users/jason/desktop/saturn game project/joengine-master/compiler/windows/bin/../lib/gcc/sh-elf/9.3.0\libgcc.a(_ashiftrt.o)
                0x060205f0                __ashiftrt_r4_31
                0x060205f0                __ashiftrt_r4_32
                0x060205f6                __ashiftrt_r4_30
                0x060205f8                __ashiftrt_r4_29
                0x060205fa                __ashiftrt_r4_28
                0x060205fc                __ashiftrt_r4_27
                0x060205fe                __ashiftrt_r4_26
                0x06020600                __ashiftrt_r4_25
                0x06020602                __ashiftrt_r4_24
                0x0602060a                __ashiftrt_r4_23
                0x0602060c                __ashiftrt_r4_22
                0x0602060e                __ashiftrt_r4_21
                0x06020610                __ashiftrt_r4_20
                0x06020612                __ashiftrt_r4_19
                0x06020614                __ashiftrt_r4_18
                0x06020616                __ashiftrt_r4_17
                0x06020618                __ashiftrt_r4_16
                0x0602061e                __ashiftrt_r4_15
                0x06020620                __ashiftrt_r4_14
                0x06020622                __ashiftrt_r4_13
                0x06020624                __ashiftrt_r4_12
                0x06020626                __ashiftrt_r4_11
                0x06020628                __ashiftrt_r4_10
                0x0602062a                __ashiftrt_r4_9
                0x0602062c                __ashiftrt_r4_8
                0x0602062e                __ashiftrt_r4_7
                0x06020630                __ashiftrt_r4_6
                0x06020632                __ashiftrt_r4_5
                0x06020634                __ashiftrt_r4_4
                0x06020636                __ashiftrt_r4_3
                0x06020638                __ashiftrt_r4_2
                0x0602063a                __ashiftrt_r4_1
                0x0602063e                __ashiftrt_r4_0
 *fill*         0x06020642        0x2 
 .text          0x06020644       0x80 c:/users/jason/desktop/saturn game project/joengine-master/compiler/windows/bin/../lib/gcc/sh-elf/9.3.0\libgcc.a(_ashiftrt_n.o)
                0x06020644                __ashrsi3
 .text          0x060206c4       0xbc c:/users/jason/desktop/saturn game project/joengine-master/compiler/windows/bin/../lib/gcc/sh-elf/9.3.0\libgcc.a(_ashiftlt.o)
                0x060206c4                __ashlsi3
                0x060206c8                __ashlsi3_r0
 .text          0x06020780       0xbc c:/users/jason/desktop/saturn game project/joengine-master/compiler/windows/bin/../lib/gcc/sh-elf/9.3.0\libgcc.a(_lshiftrt.o)
                0x06020780                __lshrsi3
                0x06020784                __lshrsi3_r0
 .text          0x0602083c       0xa0 c:/users/jason/desktop/saturn game project/joengine-master/compiler/windows/bin/../lib/gcc/sh-elf/9.3.0\libgcc.a(_sdivsi3.o)
                0x0602083c                __sdivsi3
 .text          0x060208dc       0x6c c:/users/jason/desktop/saturn game project/joengine-master/compiler/windows/bin/../lib/gcc/sh-elf/9.3.0\libgcc.a(_udivsi3.o)
                0x060208fe                __udivsi3
 .text          0x06020948       0x4c c:/users/jason/desktop/saturn game project/joengine-master/compiler/windows/bin/../lib/gcc/sh-elf/9.3.0\libgcc.a(_fixunssfsi.o)
                0x06020948                __fixunssfsi
 .text          0x06020994      0x21c c:/users/jason/desktop/saturn game project/joengine-master/compiler/windows/bin/../lib/gcc/sh-elf/9.3.0\libgcc.a(_addsub_sf.o)
                0x06020b14                __addsf3
                0x06020b60                __subsf3
 .text          0x06020bb0      0x134 c:/users/jason/desktop/saturn game project/joengine-master/compiler/windows/bin/../lib/gcc/sh-elf/9.3.0\libgcc.a(_mul_sf.o)
                0x06020bb0                __mulsf3
 .text          0x06020ce4       0xdc c:/users/jason/desktop/saturn game project/joengine-master/compiler/windows/bin/../lib/gcc/sh-elf/9.3.0\libgcc.a(_div_sf.o)
                0x06020ce4                __divsf3
 .text          0x06020dc0       0x54 c:/users/jason/desktop/saturn game project/joengine-master/compiler/windows/bin/../lib/gcc/sh-elf/9.3.0\libgcc.a(_ne_sf.o)
                0x06020dc0                __nesf2
 .text          0x06020e14       0x54 c:/users/jason/desktop/saturn game project/joengine-master/compiler/windows/bin/../lib/gcc/sh-elf/9.3.0\libgcc.a(_gt_sf.o)
                0x06020e14                __gtsf2
 .text          0x06020e68       0x54 c:/users/jason/desktop/saturn game project/joengine-master/compiler/windows/bin/../lib/gcc/sh-elf/9.3.0\libgcc.a(_ge_sf.o)
                0x06020e68                __gesf2
 .text          0x06020ebc       0x54 c:/users/jason/desktop/saturn game project/joengine-master/compiler/windows/bin/../lib/gcc/sh-elf/9.3.0\libgcc.a(_lt_sf.o)
                0x06020ebc                __ltsf2
 .text          0x06020f10       0x54 c:/users/jason/desktop/saturn game project/joengine-master/compiler/windows/bin/../lib/gcc/sh-elf/9.3.0\libgcc.a(_le_sf.o)
                0x06020f10                __lesf2
 .text          0x06020f64       0x84 c:/users/jason/desktop/saturn game project/joengine-master/compiler/windows/bin/../lib/gcc/sh-elf/9.3.0\libgcc.a(_si_to_sf.o)
                0x06020f64                __floatsisf
 .text          0x06020fe8       0x70 c:/users/jason/desktop/saturn game project/joengine-master/compiler/windows/bin/../lib/gcc/sh-elf/9.3.0\libgcc.a(_sf_to_si.o)
                0x06020fe8                __fixsfsi
 .text          0x06021058       0x3c c:/users/jason/desktop/saturn game project/joengine-master/compiler/windows/bin/../lib/gcc/sh-elf/9.3.0\libgcc.a(_sf_to_df.o)
                0x06021058                __extendsfdf2
 .text          0x06021094        0x0 c:/users/jason/desktop/saturn game project/joengine-master/compiler/windows/bin/../lib/gcc/sh-elf/9.3.0\libgcc.a(_thenan_sf.o)
 .text          0x06021094       0x94 c:/users/jason/desktop/saturn game project/joengine-master/compiler/windows/bin/../lib/gcc/sh-elf/9.3.0\libgcc.a(_usi_to_sf.o)
                0x06021094                __floatunsisf
 .text          0x06021128      0x3e0 c:/users/jason/desktop/saturn game project/joengine-master/compiler/windows/bin/../lib/gcc/sh-elf/9.3.0\libgcc.a(_addsub_df.o)
                0x06021464                __adddf3
                0x060214b4                __subdf3
 .text          0x06021508      0x208 c:/users/jason/desktop/saturn game project/joengine-master/compiler/windows/bin/../lib/gcc/sh-elf/9.3.0\libgcc.a(_mul_df.o)
                0x06021508                __muldf3
 .text          0x06021710       0xa8 c:/users/jason/desktop/saturn game project/joengine-master/compiler/windows/bin/../lib/gcc/sh-elf/9.3.0\libgcc.a(_si_to_df.o)
                0x06021710                __floatsidf
 .text          0x060217b8       0xa0 c:/users/jason/desktop/saturn game project/joengine-master/compiler/windows/bin/../lib/gcc/sh-elf/9.3.0\libgcc.a(_df_to_si.o)
                0x060217b8                __fixdfsi
 .text          0x06021858       0x28 c:/users/jason/desktop/saturn game project/joengine-master/compiler/windows/bin/../lib/gcc/sh-elf/9.3.0\libgcc.a(_make_df.o)
                0x06021858                __make_dp
 .text          0x06021880       0x4c c:/users/jason/desktop/saturn game project/joengine-master/compiler/windows/bin/../lib/gcc/sh-elf/9.3.0\libgcc.a(_df_to_sf.o)
                0x06021880                __truncdfsf2
 .text          0x060218cc        0x0 c:/users/jason/desktop/saturn game project/joengine-master/compiler/windows/bin/../lib/gcc/sh-elf/9.3.0\libgcc.a(_thenan_df.o)
 .text          0x060218cc       0x54 c:/users/jason/desktop/saturn game project/joengine-master/compiler/windows/bin/../lib/gcc/sh-elf/9.3.0\libgcc.a(_clzsi2.o)
                0x060218cc                __clzsi2
 .text          0x06021920      0x11c c:/users/jason/desktop/saturn game project/joengine-master/compiler/windows/bin/../lib/gcc/sh-elf/9.3.0\libgcc.a(_pack_sf.o)
                0x06021920                __pack_f
 .text          0x06021a3c       0xa0 c:/users/jason/desktop/saturn game project/joengine-master/compiler/windows/bin/../lib/gcc/sh-elf/9.3.0\libgcc.a(_unpack_sf.o)
                0x06021a3c                __unpack_f
 .text          0x06021adc       0xac c:/users/jason/desktop/saturn game project/joengine-master/compiler/windows/bin/../lib/gcc/sh-elf/9.3.0\libgcc.a(_fpcmp_parts_sf.o)
                0x06021adc                __fpcmp_parts_f
 .text          0x06021b88       0x20 c:/users/jason/desktop/saturn game project/joengine-master/compiler/windows/bin/../lib/gcc/sh-elf/9.3.0\libgcc.a(_make_sf.o)
                0x06021b88                __make_fp
 .text          0x06021ba8      0x274 c:/users/jason/desktop/saturn game project/joengine-master/compiler/windows/bin/../lib/gcc/sh-elf/9.3.0\libgcc.a(_pack_df.o)
                0x06021ba8                __pack_d
 .text          0x06021e1c       0xcc c:/users/jason/desktop/saturn game project/joengine-master/compiler/windows/bin/../lib/gcc/sh-elf/9.3.0\libgcc.a(_unpack_df.o)
                0x06021e1c                __unpack_d
 .text          0x06021ee8        0x0 c:/users/jason/desktop/saturn game project/joengine-master/compiler/windows/bin/../lib/gcc/sh-elf/9.3.0\libgcc.a(_clz.o)
 .text          0x06021ee8        0x0 c:/users/jason/desktop/saturn game project/joengine-master/compiler/windows/bin/../lib/gcc/sh-elf/9.3.0/../../../../sh-elf/lib\libc.a(lib_a-impure.o)
 .text          0x06021ee8       0x1e c:/users/jason/desktop/saturn game project/joengine-master/compiler/windows/bin/../lib/gcc/sh-elf/9.3.0/../../../../sh-elf/lib\libc.a(lib_a-memcmp.o)
                0x06021ee8                memcmp
 *fill*         0x06021f06        0x2 
 .text          0x06021f08       0x94 c:/users/jason/desktop/saturn game project/joengine-master/compiler/windows/bin/../lib/gcc/sh-elf/9.3.0/../../../../sh-elf/lib\libc.a(lib_a-memcpy.o)
                0x06021f08                memcpy
 .text          0x06021f9c       0x40 c:/users/jason/desktop/saturn game project/joengine-master/compiler/windows/bin/../lib/gcc/sh-elf/9.3.0/../../../../sh-elf/lib\libc.a(lib_a-memset.o)
                0x06021f9c                memset
 .text          0x06021fdc       0x60 c:/users/jason/desktop/saturn game project/joengine-master/compiler/windows/bin/../lib/gcc/sh-elf/9.3.0/../../../../sh-elf/lib\libc.a(lib_a-rget.o)
                0x06021fdc                __srget_r
                0x06022028                __srget
 .text          0x0602203c       0x8c c:/users/jason/desktop/saturn game project/joengine-master/compiler/windows/bin/../lib/gcc/sh-elf/9.3.0/../../../../sh-elf/lib\libc.a(lib_a-sprintf.o)
                0x0602203c                _siprintf_r
                0x0602203c                _sprintf_r
                0x0602207c                siprintf
                0x0602207c                sprintf
 .text          0x060220c8       0xd0 c:/users/jason/desktop/saturn game project/joengine-master/compiler/windows/bin/../lib/gcc/sh-elf/9.3.0/../../../../sh-elf/lib\libc.a(lib_a-sscanf.o)
                0x060220c8                sscanf
                0x060220c8                siscanf
                0x06022130                _siscanf_r
                0x06022130                _sscanf_r
 .text          0x06022198       0xe0 c:/users/jason/desktop/saturn game project/joengine-master/compiler/windows/bin/../lib/gcc/sh-elf/9.3.0/../../../../sh-elf/lib\libc.a(lib_a-stdio.o)
                0x06022198                __sread
                0x060221d4                __seofread
                0x060221d8                __swrite
                0x06022228                __sseek
                0x06022268                __sclose
 .text          0x06022278       0x3c c:/users/jason/desktop/saturn game project/joengine-master/compiler/windows/bin/../lib/gcc/sh-elf/9.3.0/../../../../sh-elf/lib\libc.a(lib_a-strcpy.o)
                0x06022278                strcpy
 .text          0x060222b4       0x20 c:/users/jason/desktop/saturn game project/joengine-master/compiler/windows/bin/../lib/gcc/sh-elf/9.3.0/../../../../sh-elf/lib\libc.a(lib_a-strlen.o)
                0x060222b4                strlen
 .text          0x060222d4       0x2a c:/users/jason/desktop/saturn game project/joengine-master/compiler/windows/bin/../lib/gcc/sh-elf/9.3.0/../../../../sh-elf/lib\libc.a(lib_a-strncmp.o)
                0x060222d4                strncmp
 .text          0x060222fe       0x36 c:/users/jason/desktop/saturn game project/joengine-master/compiler/windows/bin/../lib/gcc/sh-elf/9.3.0/../../../../sh-elf/lib\libc.a(lib_a-strncpy.o)
                0x060222fe                strncpy
 .text          0x06022334       0xdc c:/users/jason/desktop/saturn game project/joengine-master/compiler/windows/bin/../lib/gcc/sh-elf/9.3.0/../../../../sh-elf/lib\libc.a(lib_a-wbuf.o)
                0x06022334                __swbuf_r
                0x060223fc                __swbuf
 .text          0x06022410       0x34 c:/users/jason/desktop/saturn game project/joengine-master/compiler/windows/bin/../lib/gcc/sh-elf/9.3.0/../../../../sh-elf/lib\libc.a(lib_a-writer.o)
                0x06022410                _write_r
 .text          0x06022444       0xcc c:/users/jason/desktop/saturn game project/joengine-master/compiler/windows/bin/../lib/gcc/sh-elf/9.3.0/../../../../sh-elf/lib\libc.a(lib_a-wsetup.o)
                0x06022444                __swsetup_r
 .text          0x06022510       0x30 c:/users/jason/desktop/saturn game project/joengine-master/compiler/windows/bin/../lib/gcc/sh-elf/9.3.0/../../../../sh-elf/lib\libc.a(lib_a-closer.o)
                0x06022510                _close_r
 .text          0x06022540      0x1a4 c:/users/jason/desktop/saturn game project/joengine-master/compiler/windows/bin/../lib/gcc/sh-elf/9.3.0/../../../../sh-elf/lib\libc.a(lib_a-fflush.o)
                0x06022540                __sflush_r
                0x0602267c                _fflush_r
                0x060226bc                fflush
 .text          0x060226e4      0x1d0 c:/users/jason/desktop/saturn game project/joengine-master/compiler/windows/bin/../lib/gcc/sh-elf/9.3.0/../../../../sh-elf/lib\libc.a(lib_a-findfp.o)
                0x0602273c                _cleanup_r
                0x0602274c                __sfmoreglue
                0x06022798                _cleanup
                0x060227ac                __sinit
                0x06022800                __sfp
 .text          0x060228b4       0xb0 c:/users/jason/desktop/saturn game project/joengine-master/compiler/windows/bin/../lib/gcc/sh-elf/9.3.0/../../../../sh-elf/lib\libc.a(lib_a-fwalk.o)
                0x060228b4                _fwalk
                0x06022908                _fwalk_reent
 .text          0x06022964       0x34 c:/users/jason/desktop/saturn game project/joengine-master/compiler/windows/bin/../lib/gcc/sh-elf/9.3.0/../../../../sh-elf/lib\libc.a(lib_a-lseekr.o)
                0x06022964                _lseek_r
 .text          0x06022998      0x108 c:/users/jason/desktop/saturn game project/joengine-master/compiler/windows/bin/../lib/gcc/sh-elf/9.3.0/../../../../sh-elf/lib\libc.a(lib_a-makebuf.o)
                0x06022998                __swhatbuf_r
                0x060229f4                __smakebuf_r
 .text          0x06022aa0       0xd0 c:/users/jason/desktop/saturn game project/joengine-master/compiler/windows/bin/../lib/gcc/sh-elf/9.3.0/../../../../sh-elf/lib\libc.a(lib_a-nano-freer.o)
                0x06022aa0                _free_r
 .text          0x06022b70       0xf8 c:/users/jason/desktop/saturn game project/joengine-master/compiler/windows/bin/../lib/gcc/sh-elf/9.3.0/../../../../sh-elf/lib\libc.a(lib_a-nano-mallocr.o)
                0x06022b70                _malloc_r
 .text          0x06022c68      0x444 c:/users/jason/desktop/saturn game project/joengine-master/compiler/windows/bin/../lib/gcc/sh-elf/9.3.0/../../../../sh-elf/lib\libc.a(lib_a-nano-svfprintf.o)
                0x06022c68                __ssputs_r
                0x06022d5c                __ssprint_r
                0x06022e90                _svfprintf_r
                0x06022e90                _svfiprintf_r
 .text          0x060230ac      0x3f8 c:/users/jason/desktop/saturn game project/joengine-master/compiler/windows/bin/../lib/gcc/sh-elf/9.3.0/../../../../sh-elf/lib\libc.a(lib_a-nano-svfscanf.o)
                0x060230ac                _sungetc_r
                0x06023148                __ssrefill_r
                0x06023194                __ssvfiscanf_r
                0x06023194                __ssvfscanf_r
 .text          0x060234a4      0x380 c:/users/jason/desktop/saturn game project/joengine-master/compiler/windows/bin/../lib/gcc/sh-elf/9.3.0/../../../../sh-elf/lib\libc.a(lib_a-nano-vfprintf_i.o)
                0x060234a4                _printf_common
                0x060235a4                _printf_i
 .text          0x06023824      0x324 c:/users/jason/desktop/saturn game project/joengine-master/compiler/windows/bin/../lib/gcc/sh-elf/9.3.0/../../../../sh-elf/lib\libc.a(lib_a-nano-vfscanf_i.o)
                0x06023824                _scanf_chars
                0x06023904                _scanf_i
 .text          0x06023b48       0x34 c:/users/jason/desktop/saturn game project/joengine-master/compiler/windows/bin/../lib/gcc/sh-elf/9.3.0/../../../../sh-elf/lib\libc.a(lib_a-readr.o)
                0x06023b48                _read_r
 .text          0x06023b7c      0x100 c:/users/jason/desktop/saturn game project/joengine-master/compiler/windows/bin/../lib/gcc/sh-elf/9.3.0/../../../../sh-elf/lib\libc.a(lib_a-reent.o)
                0x06023b7c                cleanup_glue
                0x06023ba8                _reclaim_reent
 .text          0x06023c7c      0x150 c:/users/jason/desktop/saturn game project/joengine-master/compiler/windows/bin/../lib/gcc/sh-elf/9.3.0/../../../../sh-elf/lib\libc.a(lib_a-refill.o)
                0x06023c94                __srefill_r
 .text          0x06023dcc       0x30 c:/users/jason/desktop/saturn game project/joengine-master/compiler/windows/bin/../lib/gcc/sh-elf/9.3.0/../../../../sh-elf/lib\libc.a(lib_a-sbrkr.o)
                0x06023dcc                _sbrk_r
 .text          0x06023dfc       0xa0 c:/users/jason/desktop/saturn game project/joengine-master/compiler/windows/bin/../lib/gcc/sh-elf/9.3.0/../../../../sh-elf/lib\libc.a(lib_a-sccl.o)
                0x06023dfc                __sccl
 .text          0x06023e9c      0x19c c:/users/jason/desktop/saturn game project/joengine-master/compiler/windows/bin/../lib/gcc/sh-elf/9.3.0/../../../../sh-elf/lib\libc.a(lib_a-strtol.o)
                0x06023ffc                _strtol_r
                0x06024008                strtol_l
                0x06024020                strtol
 .text          0x06024038      0x16c c:/users/jason/desktop/saturn game project/joengine-master/compiler/windows/bin/../lib/gcc/sh-elf/9.3.0/../../../../sh-elf/lib\libc.a(lib_a-strtoul.o)
                0x06024168                _strtoul_r
                0x06024174                strtoul_l
                0x0602418c                strtoul
 .text          0x060241a4      0x25c c:/users/jason/desktop/saturn game project/joengine-master/compiler/windows/bin/../lib/gcc/sh-elf/9.3.0/../../../../sh-elf/lib\libc.a(lib_a-syscalls.o)
                0x0602421c                _read
                0x0602422c                _lseek
                0x0602423c                _write
                0x0602424c                _close
                0x0602425c                _link
                0x06024260                _sbrk
                0x060242b8                _fstat
                0x060242c2                _open
                0x060242d4                _creat
                0x060242e4                _unlink
                0x060242e8                isatty
                0x060242ec                _isatty
                0x060242f0                _exit
                0x06024300                _kill
                0x06024314                _getpid
                0x06024318                _raise
                0x0602431c                _stat
                0x0602432c                _chmod
                0x0602433c                _chown
                0x0602434c                _utime
                0x06024360                _fork
                0x0602436c                _wait
                0x0602437c                _execve
                0x0602438c                _execv
                0x0602439c                _pipe
                0x060243a8                _times
                0x060243ac                _gettimeofday
                0x060243d4                __setup_argv_and_call_main
 .text          0x06024400       0x14 c:/users/jason/desktop/saturn game project/joengine-master/compiler/windows/bin/../lib/gcc/sh-elf/9.3.0/../../../../sh-elf/lib\libc.a(lib_a-trap.o)
                0x06024400                __trap34
 .text          0x06024414      0x1b0 c:/users/jason/desktop/saturn game project/joengine-master/compiler/windows/bin/../lib/gcc/sh-elf/9.3.0/../../../../sh-elf/lib\libc.a(lib_a-ungetc.o)
                0x06024414                __submore
                0x060244a4                _ungetc_r
                0x060245b0                ungetc
 .text          0x060245c4       0x18 c:/users/jason/desktop/saturn game project/joengine-master/compiler/windows/bin/../lib/gcc/sh-elf/9.3.0/../../../../sh-elf/lib\libc.a(lib_a-abort.o)
                0x060245c4                abort
 .text          0x060245dc        0x0 c:/users/jason/desktop/saturn game project/joengine-master/compiler/windows/bin/../lib/gcc/sh-elf/9.3.0/../../../../sh-elf/lib\libc.a(lib_a-ctype_.o)
 .text          0x060245dc        0xc c:/users/jason/desktop/saturn game project/joengine-master/compiler/windows/bin/../lib/gcc/sh-elf/9.3.0/../../../../sh-elf/lib\libc.a(lib_a-errno.o)
                0x060245dc                __errno
 .text          0x060245e8       0x34 c:/users/jason/desktop/saturn game project/joengine-master/compiler/windows/bin/../lib/gcc/sh-elf/9.3.0/../../../../sh-elf/lib\libc.a(lib_a-fstatr.o)
                0x060245e8                _fstat_r
 .text          0x0602461c       0x30 c:/users/jason/desktop/saturn game project/joengine-master/compiler/windows/bin/../lib/gcc/sh-elf/9.3.0/../../../../sh-elf/lib\libc.a(lib_a-isattyr.o)
                0x0602461c                _isatty_r
 .text          0x0602464c       0x1c c:/users/jason/desktop/saturn game project/joengine-master/compiler/windows/bin/../lib/gcc/sh-elf/9.3.0/../../../../sh-elf/lib\libc.a(lib_a-memchr.o)
                0x0602464c                memchr
 .text          0x06024668       0x3c c:/users/jason/desktop/saturn game project/joengine-master/compiler/windows/bin/../lib/gcc/sh-elf/9.3.0/../../../../sh-elf/lib\libc.a(lib_a-memmove.o)
                0x06024668                memmove
 .text          0x060246a4        0x8 c:/users/jason/desktop/saturn game project/joengine-master/compiler/windows/bin/../lib/gcc/sh-elf/9.3.0/../../../../sh-elf/lib\libc.a(lib_a-mlock.o)
                0x060246a4                __malloc_lock
                0x060246a8                __malloc_unlock
 .text          0x060246ac       0x7c c:/users/jason/desktop/saturn game project/joengine-master/compiler/windows/bin/../lib/gcc/sh-elf/9.3.0/../../../../sh-elf/lib\libc.a(lib_a-nano-reallocr.o)
                0x060246ac                _realloc_r
 .text          0x06024728      0x1b4 c:/users/jason/desktop/saturn game project/joengine-master/compiler/windows/bin/../lib/gcc/sh-elf/9.3.0/../../../../sh-elf/lib\libc.a(lib_a-signal.o)
                0x06024728                _init_signal_r
                0x06024768                _signal_r
                0x060247b4                _raise_r
                0x0602482c                __sigtramp_r
                0x06024890                raise
                0x060248a4                signal
                0x060248b8                _init_signal
                0x060248c8                __sigtramp
 .text          0x060248dc       0x40 c:/users/jason/desktop/saturn game project/joengine-master/compiler/windows/bin/../lib/gcc/sh-elf/9.3.0/../../../../sh-elf/lib\libc.a(lib_a-signalr.o)
                0x060248dc                _kill_r
                0x06024910                _getpid_r
 .text          0x0602491c       0x16 c:/users/jason/desktop/saturn game project/joengine-master/compiler/windows/bin/../lib/gcc/sh-elf/9.3.0/../../../../sh-elf/lib\libc.a(lib_a-nano-msizer.o)
                0x0602491c                _malloc_usable_size_r
 *fill*         0x06024932        0x2 
 .text          0x06024934       0x78 c:/users/jason/desktop/saturn game project/joengine-master/compiler/windows/bin/../lib/gcc/sh-elf/9.3.0\libgcc.a(_movmem.o)
                0x06024934                __movmem
                0x06024934                __movstr
                0x06024968                __movstrSI64
                0x06024968                __movmemSI64
                0x0602496c                __movstrSI60
                0x0602496c                __movmemSI60
                0x06024970                __movstrSI56
                0x06024970                __movmemSI56
                0x06024974                __movstrSI52
                0x06024974                __movmemSI52
                0x06024978                __movstrSI48
                0x06024978                __movmemSI48
                0x0602497c                __movmemSI44
                0x0602497c                __movstrSI44
                0x06024980                __movstrSI40
                0x06024980                __movmemSI40
                0x06024984                __movmemSI36
                0x06024984                __movstrSI36
                0x06024988                __movmemSI32
                0x06024988                __movstrSI32
                0x0602498c                __movstrSI28
                0x0602498c                __movmemSI28
                0x06024990                __movmemSI24
                0x06024990                __movstrSI24
                0x06024994                __movstrSI20
                0x06024994                __movmemSI20
                0x06024998                __movstrSI16
                0x06024998                __movmemSI16
                0x0602499c                __movstrSI12
                0x0602499c                __movmemSI12
                0x060249a0                __movmemSI8
                0x060249a0                __movstrSI8
                0x060249a4                __movmemSI4
                0x060249a4                __movstrSI4
 *(.strings)
 *(SEGA_P)
 *(.eh_frame_hdr)
 *(.eh_frame)
                0x060249ac                __etext = .

.text.startup   0x060249b0       0x40
 .text.startup  0x060249b0       0x40 ../../jo_engine/core.o
                0x060249b0                main

SLPROG          0x06024a00    0x134f0
                0x06024a00                __slprog_start = .
 *(SLPROG)
 SLPROG         0x06024a00     0x6540 ../../Compiler/COMMON/SGL_302j/LIB_ELF/SGLAREA.O
                0x06024a00                MasterStack
                0x06024a04                SlaveStack
                0x06024a08                MaxVertices
                0x06024a0a                MaxPolygons
                0x06024a0c                SortList
                0x06024a10                SortListSize
                0x06024a14                TransList
                0x06024a18                Zbuffer
                0x06024a1c                SpriteBuf
                0x06024a20                SpriteBufSize
                0x06024a24                Pbuffer
                0x06024a28                CommandBuf
                0x06024a2c                CLOfstBuf
                0x06024a30                PCM_Work
                0x06024a34                PCM_WkSize
                0x06024a38                MaxEvents
                0x06024a3a                EventSize
                0x06024a3c                MaxWorks
                0x06024a3e                WorkSize
                0x06024a40                RemainEvent
                0x06024b40                RemainWork
                0x06024f40                EventBuf
                0x06026f40                WorkBuf
 SLPROG         0x0602af40       0x18 ../../Compiler/COMMON/SGL_302j/LIB_ELF/LIBSGL.A(sglA15.o)
                0x0602af40                slSlaveFunc
 *fill*         0x0602af58        0x8 
 SLPROG         0x0602af60       0xd0 ../../Compiler/COMMON/SGL_302j/LIB_ELF/LIBSGL.A(sglA16.o)
                0x0602af60                slLookAt
 SLPROG         0x0602b030       0x78 ../../Compiler/COMMON/SGL_302j/LIB_ELF/LIBSGL.A(sglA17.o)
                0x0602b030                slRotZ
                0x0602b03a                slRotZSC
 *fill*         0x0602b0a8        0x8 
 SLPROG         0x0602b0b0       0x78 ../../Compiler/COMMON/SGL_302j/LIB_ELF/LIBSGL.A(sglA18.o)
                0x0602b0b0                slRotY
                0x0602b0ba                slRotYSC
 *fill*         0x0602b128        0x8 
 SLPROG         0x0602b130       0x78 ../../Compiler/COMMON/SGL_302j/LIB_ELF/LIBSGL.A(sglA19.o)
                0x0602b130                slRotX
                0x0602b13a                slRotXSC
 *fill*         0x0602b1a8        0x8 
 SLPROG         0x0602b1b0      0x42c ../../Compiler/COMMON/SGL_302j/LIB_ELF/LIBSGL.A(sglA20.o)
                0x0602b1b0                slInitMatrix
                0x0602b1ba                slPushUnitMatrix
                0x0602b1ce                slUnitMatrix
 *fill*         0x0602b5dc        0x4 
 SLPROG         0x0602b5e0       0x48 ../../Compiler/COMMON/SGL_302j/LIB_ELF/LIBSGL.A(sglA21.o)
                0x0602b5e0                slPushMatrix
                0x0602b614                slDecMatrixPtr
                0x0602b614                slPopMatrix
 *fill*         0x0602b628        0x8 
 SLPROG         0x0602b630       0x50 ../../Compiler/COMMON/SGL_302j/LIB_ELF/LIBSGL.A(sglA27.o)
                0x0602b630                slTranslate
 SLPROG         0x0602b680       0x70 ../../Compiler/COMMON/SGL_302j/LIB_ELF/LIBSGL.A(sglA28.o)
                0x0602b680                slScale
 SLPROG         0x0602b6f0       0x22 ../../Compiler/COMMON/SGL_302j/LIB_ELF/LIBSGL.A(sglA40.o)
                0x0602b6f0                slCalcVector
 *fill*         0x0602b712        0xe 
 SLPROG         0x0602b720       0x20 ../../Compiler/COMMON/SGL_302j/LIB_ELF/LIBSGL.A(sglB001.o)
                0x0602b720                slTVOn
                0x0602b72a                slTVOff
 SLPROG         0x0602b740       0x24 ../../Compiler/COMMON/SGL_302j/LIB_ELF/LIBSGL.A(sglB011.o)
                0x0602b740                slBitMapNbg1
 *fill*         0x0602b764        0xc 
 SLPROG         0x0602b770        0x8 ../../Compiler/COMMON/SGL_302j/LIB_ELF/LIBSGL.A(sglB014.o)
                0x0602b770                slScrTransparent
 *fill*         0x0602b778        0x8 
 SLPROG         0x0602b780      0x40c ../../Compiler/COMMON/SGL_302j/LIB_ELF/LIBSGL.A(sglB015.o)
                0x0602b780                slScrAutoDisp
 *fill*         0x0602bb8c        0x4 
 SLPROG         0x0602bb90        0xc ../../Compiler/COMMON/SGL_302j/LIB_ELF/LIBSGL.A(sglB016.o)
                0x0602bb90                slBack1ColSet
 *fill*         0x0602bb9c        0x4 
 SLPROG         0x0602bba0       0x10 ../../Compiler/COMMON/SGL_302j/LIB_ELF/LIBSGL.A(sglB020.o)
                0x0602bba0                slColorCalc
 SLPROG         0x0602bbb0        0xc ../../Compiler/COMMON/SGL_302j/LIB_ELF/LIBSGL.A(sglB021.o)
                0x0602bbb0                slColorCalcOn
 *fill*         0x0602bbbc        0x4 
 SLPROG         0x0602bbc0        0xc ../../Compiler/COMMON/SGL_302j/LIB_ELF/LIBSGL.A(sglB023.o)
                0x0602bbc0                slColRate
 *fill*         0x0602bbcc        0x4 
 SLPROG         0x0602bbd0       0xb4 ../../Compiler/COMMON/SGL_302j/LIB_ELF/LIBSGL.A(sglB032.o)
                0x0602bbd0                slMapNbg1
 *fill*         0x0602bc84        0xc 
 SLPROG         0x0602bc90       0xd4 ../../Compiler/COMMON/SGL_302j/LIB_ELF/LIBSGL.A(sglB035.o)
                0x0602bc90                sl1MapRA
                0x0602bd22                rbank_set
 *fill*         0x0602bd64        0xc 
 SLPROG         0x0602bd70       0xa0 ../../Compiler/COMMON/SGL_302j/LIB_ELF/LIBSGL.A(sglB036.o)
                0x0602bd70                sl1MapRB
 SLPROG         0x0602be10       0x70 ../../Compiler/COMMON/SGL_302j/LIB_ELF/LIBSGL.A(sglB038.o)
                0x0602be10                slRparaInitSet
 SLPROG         0x0602be80       0x7e ../../Compiler/COMMON/SGL_302j/LIB_ELF/LIBSGL.A(sglB039.o)
                0x0602be80                slMakeKtable
 *fill*         0x0602befe        0x2 
 SLPROG         0x0602bf00       0x58 ../../Compiler/COMMON/SGL_302j/LIB_ELF/LIBSGL.A(sglB040.o)
                0x0602bf00                slKtableRA
 *fill*         0x0602bf58        0x8 
 SLPROG         0x0602bf60       0x5c ../../Compiler/COMMON/SGL_302j/LIB_ELF/LIBSGL.A(sglB041.o)
                0x0602bf60                slKtableRB
 *fill*         0x0602bfbc        0x4 
 SLPROG         0x0602bfc0       0x10 ../../Compiler/COMMON/SGL_302j/LIB_ELF/LIBSGL.A(sglB042.o)
                0x0602bfc0                slCurRpara
 SLPROG         0x0602bfd0        0x8 ../../Compiler/COMMON/SGL_302j/LIB_ELF/LIBSGL.A(sglB043.o)
                0x0602bfd0                slRparaMode
 *fill*         0x0602bfd8        0x8 
 SLPROG         0x0602bfe0      0x4e4 ../../Compiler/COMMON/SGL_302j/LIB_ELF/LIBSGL.A(sglB044.o)
                0x0602bfe0                slScrMatSet
 *fill*         0x0602c4c4        0xc 
 SLPROG         0x0602c4d0       0x28 ../../Compiler/COMMON/SGL_302j/LIB_ELF/LIBSGL.A(sglB045.o)
                0x0602c4d0                slScrMatConv
 *fill*         0x0602c4f8        0x8 
 SLPROG         0x0602c500        0xc ../../Compiler/COMMON/SGL_302j/LIB_ELF/LIBSGL.A(sglB047.o)
                0x0602c500                slOverRA
 *fill*         0x0602c50c        0x4 
 SLPROG         0x0602c510       0x10 ../../Compiler/COMMON/SGL_302j/LIB_ELF/LIBSGL.A(sglB048.o)
                0x0602c510                slOverRB
 SLPROG         0x0602c520        0xc ../../Compiler/COMMON/SGL_302j/LIB_ELF/LIBSGL.A(sglB056.o)
                0x0602c520                slPlaneNbg1
 *fill*         0x0602c52c        0x4 
 SLPROG         0x0602c530        0xc ../../Compiler/COMMON/SGL_302j/LIB_ELF/LIBSGL.A(sglB059.o)
                0x0602c530                slPlaneRA
 *fill*         0x0602c53c        0x4 
 SLPROG         0x0602c540       0x10 ../../Compiler/COMMON/SGL_302j/LIB_ELF/LIBSGL.A(sglB060.o)
                0x0602c540                slPlaneRB
 SLPROG         0x0602c550        0xc ../../Compiler/COMMON/SGL_302j/LIB_ELF/LIBSGL.A(sglB063.o)
                0x0602c550                slPriority
 *fill*         0x0602c55c        0x4 
 SLPROG         0x0602c560       0x18 ../../Compiler/COMMON/SGL_302j/LIB_ELF/LIBSGL.A(sglB087.o)
                0x0602c560                slLineScrollTable0
 *fill*         0x0602c578        0x8 
 SLPROG         0x0602c580        0x8 ../../Compiler/COMMON/SGL_302j/LIB_ELF/LIBSGL.A(sglB088.o)
                0x0602c580                slLineScrollTable1
 *fill*         0x0602c588        0x8 
 SLPROG         0x0602c590        0xc ../../Compiler/COMMON/SGL_302j/LIB_ELF/LIBSGL.A(sglB090.o)
                0x0602c590                slLineScrollMode
 *fill*         0x0602c59c        0x4 
 SLPROG         0x0602c5a0      0x114 ../../Compiler/COMMON/SGL_302j/LIB_ELF/LIBSGL.A(sglB200.o)
                0x0602c5a0                slCharRbg0
                0x0602c5ac                slCharNbg0
                0x0602c5b8                slCharNbg1
                0x0602c5c4                slCharNbg2
                0x0602c5da                slCharNbg3
                0x0602c5f2                slPageRbg0
                0x0602c608                slPageNbg1
                0x0602c610                slPageNbg2
                0x0602c618                slPageNbg3
                0x0602c624                slPageNbg0
 *fill*         0x0602c6b4        0xc 
 SLPROG         0x0602c6c0       0xc4 ../../Compiler/COMMON/SGL_302j/LIB_ELF/LIBSGL.A(sglC03.o)
                0x0602c6c0                slWindow
 *fill*         0x0602c784        0xc 
 SLPROG         0x0602c790       0x2c ../../Compiler/COMMON/SGL_302j/LIB_ELF/LIBSGL.A(sglC04.o)
                0x0602c790                slZdspLevel
 *fill*         0x0602c7bc        0x4 
 SLPROG         0x0602c7c0       0x78 ../../Compiler/COMMON/SGL_302j/LIB_ELF/LIBSGL.A(sglC05.o)
                0x0602c7c0                slSetSprite
 *fill*         0x0602c838        0x8 
 SLPROG         0x0602c840       0xfa ../../Compiler/COMMON/SGL_302j/LIB_ELF/LIBSGL.A(sglC06.o)
                0x0602c840                slDispSprite
 *fill*         0x0602c93a        0x6 
 SLPROG         0x0602c940      0x162 ../../Compiler/COMMON/SGL_302j/LIB_ELF/LIBSGL.A(sglC07.o)
                0x0602c946                slPutSprite
 *fill*         0x0602caa2        0xe 
 SLPROG         0x0602cab0     0x1218 ../../Compiler/COMMON/SGL_302j/LIB_ELF/LIBSGL.A(sglC08.o)
                0x0602cab0                slPutPolygon
                0x0602d72c                MsCalcDepthFlat
 *fill*         0x0602dcc8        0x8 
 SLPROG         0x0602dcd0       0x8c ../../Compiler/COMMON/SGL_302j/LIB_ELF/LIBSGL.A(sglC14.o)
                0x0602dcd0                slCurWindow
 *fill*         0x0602dd5c        0x4 
 SLPROG         0x0602dd60       0x54 ../../Compiler/COMMON/SGL_302j/LIB_ELF/LIBSGL.A(sglC16.o)
                0x0602dd60                slDynamicFrame
 *fill*         0x0602ddb4        0xc 
 SLPROG         0x0602ddc0       0x4c ../../Compiler/COMMON/SGL_302j/LIB_ELF/LIBSGL.A(sglC17.o)
                0x0602ddc0                slDispSpriteHV
 *fill*         0x0602de0c        0x4 
 SLPROG         0x0602de10       0xd4 ../../Compiler/COMMON/SGL_302j/LIB_ELF/LIBSGL.A(sglC19.o)
                0x0602de10                slDispSprite4P
 *fill*         0x0602dee4        0xc 
 SLPROG         0x0602def0       0x40 ../../Compiler/COMMON/SGL_302j/LIB_ELF/LIBSGL.A(sglC20.o)
                0x0602def0                SpriteEntry
 SLPROG         0x0602df30      0x4ae ../../Compiler/COMMON/SGL_302j/LIB_ELF/LIBSGL.A(sglC21.o)
                0x0602dfb8                RotSprite
                0x0602e046                SetSprPosition
 *fill*         0x0602e3de        0x2 
 SLPROG         0x0602e3e0       0x84 ../../Compiler/COMMON/SGL_302j/LIB_ELF/LIBSGL.A(sglD00.o)
                0x0602e3e0                slCpuDMACopy
                0x0602e3e0                slDMACopy
                0x0602e43a                CSH_AllClr
                0x0602e43a                slCashPurge
 *fill*         0x0602e464        0xc 
 SLPROG         0x0602e470       0xa0 ../../Compiler/COMMON/SGL_302j/LIB_ELF/LIBSGL.A(sglD01.o)
                0x0602e470                slDMAXCopy
 SLPROG         0x0602e510       0x10 ../../Compiler/COMMON/SGL_302j/LIB_ELF/LIBSGL.A(sglD02.o)
                0x0602e510                slDMAWait
 SLPROG         0x0602e520        0xc ../../Compiler/COMMON/SGL_302j/LIB_ELF/LIBSGL.A(sglD03.o)
                0x0602e520                slDMAStatus
 *fill*         0x0602e52c        0x4 
 SLPROG         0x0602e530       0x20 ../../Compiler/COMMON/SGL_302j/LIB_ELF/LIBSGL.A(sglD15.o)
                0x0602e530                CSH_Purge
 SLPROG         0x0602e550       0x84 ../../Compiler/COMMON/SGL_302j/LIB_ELF/LIBSGL.A(sglD16.o)
                0x0602e550                DMA_ScuSetPrm
                0x0602e598                DMA_SCU_PRM0
 *fill*         0x0602e5d4        0xc 
 SLPROG         0x0602e5e0       0x88 ../../Compiler/COMMON/SGL_302j/LIB_ELF/LIBSGL.A(sglD17.o)
                0x0602e5e0                DMA_ScuStart
 *fill*         0x0602e668        0x8 
 SLPROG         0x0602e670       0x34 ../../Compiler/COMMON/SGL_302j/LIB_ELF/LIBSGL.A(sglD18.o)
                0x0602e670                DMA_ScuGetStatus
 *fill*         0x0602e6a4        0xc 
 SLPROG         0x0602e6b0       0x4e ../../Compiler/COMMON/SGL_302j/LIB_ELF/LIBSGL.A(sglF00.o)
                0x0602e6b0                slCurScrn
                0x0602e6c0                slCurColor
                0x0602e6ca                slLocate
                0x0602e6fc                CurrentScreen
 *fill*         0x0602e6fe        0x2 
 SLPROG         0x0602e700       0x1c ../../Compiler/COMMON/SGL_302j/LIB_ELF/LIBSGL.A(sglF05.o)
                0x0602e700                slPrint
 *fill*         0x0602e71c        0x4 
 SLPROG         0x0602e720       0x34 ../../Compiler/COMMON/SGL_302j/LIB_ELF/LIBSGL.A(sglF08.o)
                0x0602e720                slDec2Hex
 *fill*         0x0602e754        0xc 
 SLPROG         0x0602e760      0xfc8 ../../Compiler/COMMON/SGL_302j/LIB_ELF/LIBSGL.A(sglH00.o)
                0x0602e778                slGetPortDir1
                0x0602e780                slGetPortDir2
                0x0602e788                slSetPortDir1
                0x0602e7b2                slSetPortDir2
                0x0602e7ec                slGetPortData1
                0x0602e7f4                slGetPortData2
                0x0602e7fc                slSetPortData1
                0x0602e806                slSetPortData2
                0x0602e818                slGetPortSelect1
                0x0602e822                slGetPortSelect2
                0x0602e82c                slSetPortSelect1
                0x0602e860                slSetPortSelect2
                0x0602e89c                slGetPortExt1
                0x0602e8a6                slGetPortExt2
                0x0602e8b0                slSetPortExt1
                0x0602e8e0                slSetPortExt2
                0x0602ea54                slSmpcDirectAccess
                0x0602ead4                slInitPeripheral
                0x0602eb66                slSetResultBuffer
                0x0602ebf2                slCheckIntBackSet
                0x0602ebfe                slIntBackCancel
                0x0602ec28                slCheckReset
                0x0602ec32                slClearReset
                0x0602edf8                slSmpcCashSend
                0x0602eeb4                slSmpcCashBlow
                0x0602ef90                slGetOptimize
                0x0602ef9a                slSetOptimize
                0x0602efc0                slGetPortMode1
                0x0602efcc                slGetPortMode2
                0x0602efda                slSetPortMode1
                0x0602f018                slSetPortMode2
                0x0602f1a4                slRequestCommand
                0x0602f214                Smpc_Status
                0x0602f218                Smpc_Result
                0x0602f21c                Smpc_Peripheral
                0x0602f222                Per_Connect1
                0x0602f223                Per_Connect2
                0x0602f244                SmpcStatusBuf
 *fill*         0x0602f728        0x8 
 SLPROG         0x0602f730       0xa8 ../../Compiler/COMMON/SGL_302j/LIB_ELF/LIBSGL.A(sglH01.o)
                0x0602f730                slGetLanguage
                0x0602f73a                slSetLanguage
                0x0602f75c                slGetSoundEffect
                0x0602f768                slSetSoundEffect
                0x0602f784                slGetSoundOutput
                0x0602f790                slSetSoundOutput
                0x0602f7ac                slGetHelpWindow
                0x0602f7b8                slSetHelpWindow
 *fill*         0x0602f7d8        0x8 
 SLPROG         0x0602f7e0      0x470 ../../Compiler/COMMON/SGL_302j/LIB_ELF/LIBSGL.A(sglH02.o)
                0x0602fbd0                smpc_pfr_tbl
                0x0602fc10                smpc_ptf_tbl
 SLPROG         0x0602fc50       0x60 ../../Compiler/COMMON/SGL_302j/LIB_ELF/LIBSGL.A(sglH04.o)
                0x0602fc50                slComPrmIntBack
                0x0602fc64                slComPrmSetMemory
                0x0602fc7a                slComPrmSetTime
 SLPROG         0x0602fcb0      0x3a4 ../../Compiler/COMMON/SGL_302j/LIB_ELF/LIBSGL.A(sglI01.o)
                0x0602fcb0                slInitSynch
                0x0602fcca                slSynch
                0x0602fdc0                slRandom
                0x0602fdde                PCM_EndCheck
                0x0602fe9a                RetPCMBuf
                0x0602ff34                PCM_Buf
                0x0602ffd4                Sound_Buf
 *fill*         0x06030054        0xc 
 SLPROG         0x06030060       0x10 ../../Compiler/COMMON/SGL_302j/LIB_ELF/LIBSGL.A(sglI04.o)
                0x06030060                slIntFunction
 SLPROG         0x06030070       0x74 ../../Compiler/COMMON/SGL_302j/LIB_ELF/LIBSGL.A(sglJ00.o)
                0x06030070                InitSlaveSH
                0x060300d8                SlaveCommand
 *fill*         0x060300e4        0xc 
 SLPROG         0x060300f0      0x3d0 ../../Compiler/COMMON/SGL_302j/LIB_ELF/LIBSGL.A(sglJ01.o)
                0x060300f0                SlaveControl
                0x060304ac                ErasePolygonData
 SLPROG         0x060304c0     0x12b8 ../../Compiler/COMMON/SGL_302j/LIB_ELF/LIBSGL.A(sglJ02.o)
                0x060304c0                sbMakePolygon
                0x060306a8                sbCalcPolygon
                0x060313e0                SetTexture
                0x060313ec                SetPolygon
                0x060313f4                SetPosition
                0x0603142c                stvtc_4
                0x060314e4                stvtc_3
                0x060316f4                stvtc_1
                0x06031708                stvtc_2
                0x0603171c                stvtc_0
 *fill*         0x06031778        0x8 
 SLPROG         0x06031780      0x140 ../../Compiler/COMMON/SGL_302j/LIB_ELF/LIBSGL.A(sglJ03.o)
                0x06031780                sbMakeDMATable
 SLPROG         0x060318c0      0x470 ../../Compiler/COMMON/SGL_302j/LIB_ELF/LIBSGL.A(sglJ04.o)
                0x0603191e                sbMakeSprite
                0x06031984                sbMakeRotSprite
 SLPROG         0x06031d30       0x3c ../../Compiler/COMMON/SGL_302j/LIB_ELF/LIBSGL.A(sglJ05.o)
                0x06031d30                sbSortEntry
 *fill*         0x06031d6c        0x4 
 SLPROG         0x06031d70      0x4b8 ../../Compiler/COMMON/SGL_302j/LIB_ELF/LIBSGL.A(sglM00.o)
                0x06031d70                slInitGouraud
                0x06031e64                slPutPolygonX
                0x06031eaa                slGouraudTblCopy
                0x06031f02                slSetGouraudTbl
                0x06031f08                slSetGouraudColor
                0x06031f80                slSetAmbient
                0x06031fa4                slSetFlatColor
 *fill*         0x06032228        0x8 
 SLPROG         0x06032230       0x6a ../../Compiler/COMMON/SGL_302j/LIB_ELF/LIBSGL.A(sglM01.o)
                0x06032230                slSetDepthLimit
                0x0603225c                slSetDepthTbl
                0x0603228c                DepthWorkArea
 *fill*         0x0603229a        0x6 
 SLPROG         0x060322a0       0x20 ../../Compiler/COMMON/SGL_302j/LIB_ELF/LIBSGL.A(sglA00.o)
                0x060322a0                set_imask
                0x060322a0                _builtin_set_imask
                0x060322b4                _builtin_get_imask
                0x060322b4                get_imask