Archive member included to satisfy reference by file (symbol)

../../Compiler/COMMON/SGL_302j/LIB_ELF/SEGA_SYS.A(sys_exit.o)
                              ../../jo_engine/core.o (SYS_Exit)
../../Compiler/COMMON/SGL_302j/LIB_ELF/SEGA_SYS.A(sys_sub.o)
                              ../../Compiler/COMMON/SGL_302j/LIB_ELF/SEGA_SYS.A(sys_exit.o) (SYSUB_SetStackptr)
../../Compiler/COMMON/SGL_302j/LIB_ELF/LIBCD.A(CDC_CMN.O)
                              ../../Compiler/COMMON/SGL_302j/LIB_ELF/SEGA_SYS.A(sys_exit.o) (CDC_GetCurStat)
../../Compiler/COMMON/SGL_302j/LIB_ELF/LIBCD.A(CDC_DRV.O)
                              pcmsys.o (CDC_CdPlay)
../../Compiler/COMMON/SGL_302j/LIB_ELF/LIBCD.A(CDC_CFS.O)
                              ../../Compiler/COMMON/SGL_302j/LIB_ELF/SEGA_SYS.A(sys_exit.o) (CDC_ChgDir)
../../Compiler/COMMON/SGL_302j/LIB_ELF/LIBCD.A(CDC_REG.O)
                              ../../Compiler/COMMON/SGL_302j/LIB_ELF/SEGA_SYS.A(sys_exit.o) (CDC_GetHirqReq)
../../Compiler/COMMON/SGL_302j/LIB_ELF/LIBCD.A(CDC_SUB.O)
                              ../../Compiler/COMMON/SGL_302j/LIB_ELF/LIBCD.A(CDC_CMN.O) (CDSUB_UpdStatus)
../../Compiler/COMMON/SGL_302j/LIB_ELF/LIBCD.A(GFS.O)
                              pcmsys.o (GFS_Init)
../../Compiler/COMMON/SGL_302j/LIB_ELF/LIBCD.A(GFS_BUF.O)
                              ../../Compiler/COMMON/SGL_302j/LIB_ELF/LIBCD.A(GFS.O) (GFBF_GetNumData)
../../Compiler/COMMON/SGL_302j/LIB_ELF/LIBCD.A(GFS_CDB.O)
                              ../../Compiler/COMMON/SGL_302j/LIB_ELF/LIBCD.A(GFS.O) (GFCB_Close)
../../Compiler/COMMON/SGL_302j/LIB_ELF/LIBCD.A(GFS_CDC.O)
                              ../../Compiler/COMMON/SGL_302j/LIB_ELF/LIBCD.A(GFS.O) (GFCD_SetCdbfs)
../../Compiler/COMMON/SGL_302j/LIB_ELF/LIBCD.A(GFS_CDF.O)
                              ../../Compiler/COMMON/SGL_302j/LIB_ELF/LIBCD.A(GFS.O) (GFCF_Init)
../../Compiler/COMMON/SGL_302j/LIB_ELF/LIBCD.A(GFS_DIR.O)
                              ../../Compiler/COMMON/SGL_302j/LIB_ELF/LIBCD.A(GFS.O) (GFDR_SetupDirTbl)
../../Compiler/COMMON/SGL_302j/LIB_ELF/LIBCD.A(GFS_TRN.O)
                              ../../Compiler/COMMON/SGL_302j/LIB_ELF/LIBCD.A(GFS.O) (GFTR_Setup)
../../Compiler/COMMON/SGL_302j/LIB_ELF/LIBCD.A(CDC_DEV.O)
                              ../../Compiler/COMMON/SGL_302j/LIB_ELF/LIBCD.A(GFS_CDC.O) (CDC_CdSetCon)
../../Compiler/COMMON/SGL_302j/LIB_ELF/LIBCD.A(CDC_SEL.O)
                              ../../Compiler/COMMON/SGL_302j/LIB_ELF/LIBCD.A(GFS_CDC.O) (CDC_SetFiltRange)
../../Compiler/COMMON/SGL_302j/LIB_ELF/LIBCD.A(CDC_BIF.O)
                              ../../Compiler/COMMON/SGL_302j/LIB_ELF/LIBCD.A(GFS_CDC.O) (CDC_GetBufSiz)
../../Compiler/COMMON/SGL_302j/LIB_ELF/LIBCD.A(CDC_BIO.O)
                              ../../Compiler/COMMON/SGL_302j/LIB_ELF/LIBCD.A(GFS_CDC.O) (CDC_SetSctLen)
../../Compiler/COMMON/SGL_302j/LIB_ELF/LIBSGL.A(sglA15.o)
                              ../../jo_engine/slave.o (slSlaveFunc)
../../Compiler/COMMON/SGL_302j/LIB_ELF/LIBSGL.A(sglA16.o)
                              main.o (slLookAt)
../../Compiler/COMMON/SGL_302j/LIB_ELF/LIBSGL.A(sglA17.o)
                              main.o (slRotZ)
../../Compiler/COMMON/SGL_302j/LIB_ELF/LIBSGL.A(sglA18.o)
                              main.o (slRotY)
../../Compiler/COMMON/SGL_302j/LIB_ELF/LIBSGL.A(sglA19.o)
                              main.o (slRotX)
../../Compiler/COMMON/SGL_302j/LIB_ELF/LIBSGL.A(sglA20.o)
                              main.o (slUnitMatrix)
../../Compiler/COMMON/SGL_302j/LIB_ELF/LIBSGL.A(sglA21.o)
                              main.o (slPushMatrix)
../../Compiler/COMMON/SGL_302j/LIB_ELF/LIBSGL.A(sglA27.o)
                              main.o (slTranslate)
../../Compiler/COMMON/SGL_302j/LIB_ELF/LIBSGL.A(sglA28.o)
                              main.o (slScale)
../../Compiler/COMMON/SGL_302j/LIB_ELF/LIBSGL.A(sglA40.o)
                              main.o (slCalcVector)
../../Compiler/COMMON/SGL_302j/LIB_ELF/LIBSGL.A(sglB001.o)
                              main.o (slTVOn)
../../Compiler/COMMON/SGL_302j/LIB_ELF/LIBSGL.A(sglB011.o)
                              ../../jo_engine/vdp2.o (slBitMapNbg1)
../../Compiler/COMMON/SGL_302j/LIB_ELF/LIBSGL.A(sglB014.o)
                              ../../jo_engine/vdp2.o (slScrTransparent)
../../Compiler/COMMON/SGL_302j/LIB_ELF/LIBSGL.A(sglB015.o)
                              ../../jo_engine/vdp2.o (slScrAutoDisp)
../../Compiler/COMMON/SGL_302j/LIB_ELF/LIBSGL.A(sglB016.o)
                              ../../jo_engine/vdp2.o (slBack1ColSet)
../../Compiler/COMMON/SGL_302j/LIB_ELF/LIBSGL.A(sglB020.o)
                              ../../jo_engine/vdp2.o (slColorCalc)
../../Compiler/COMMON/SGL_302j/LIB_ELF/LIBSGL.A(sglB021.o)
                              ../../jo_engine/vdp2.o (slColorCalcOn)
../../Compiler/COMMON/SGL_302j/LIB_ELF/LIBSGL.A(sglB023.o)
                              ../../jo_engine/vdp2.o (slColRate)
[...]
Memory Configuration

Name             Origin             Length             Attributes
*default*        0x00000000         0xffffffff

Linker script and memory map


SLSTART         0x06004000       0x30
                0x06004000                ___Start = .
 *(SLSTART)
 SLSTART        0x06004000       0x28 ../../Compiler/COMMON/SGL_302j/LIB_ELF/LIBSGL.A(sglI00.o)
                0x06004000                SGL_Start
                0x06004002                slStartSGL

.text           0x06004040    0x21110
 *(.text)
 .text          0x06004040        0x0 ../../Compiler/COMMON/SGL_302j/LIB_ELF/SGLAREA.O
 .text          0x06004040     0xdc08 main.o
                0x06004040                my_tga_palette_handling
                0x0600405c                my_tga_palette_handling2
                0x06004078                my_vblank
                0x06005570                nDigits
                0x060055f4                stop_sounds
                0x0600567c                search_for_item
                0x060056b0                create_enemy
                0x060057c8                player_reload
                0x06005ce4                previous_item
                0x06005d70                next_item
                0x06005df0                add_item
                0x06006288                clear_items
                0x06006298                load_items
                0x06006334                clear_saved_items
                0x06006340                save_items
                0x060063d4                create_powerup
                0x06006438                create_puzzle
                0x06006444                create_door
                0x06006488                load_binary
                0x06006e6c                load_file
                0x06007a64                load_map_textures
                0x06007a98                load_map_plan_tex
                0x06007ab4                load_puzzle_tex
                0x06007ad0                create_player
                0x06007b64                reset_demo
                0x06007c8c                restart_level
                0x06007de4                Lerp
                0x06007e28                apply_player_gravity
                0x06007e68                apply_enemy_gravity
                0x06007ea4                player_jump
                0x06007ed0                player_flap
                0x06007f04                player_bounce
                0x06007f30                player_bounceback
                0x06007f5c                player_hurt
                0x06007fd0                has_horizontal_collision
                0x060080b4                has_trigger_collision
                0x06008164                has_vertical_collision
                0x0600831c                has_ramp_collision
                0x060084bc                has_shadow_collision
                0x060085e8                has_ceiling_collision
                0x06008698                has_object_collision
                0x0600914c                enemy_target
                0x06009168                enemy_collision_handling
                0x06009184                player_target
                0x060091a0                player_collision_handling
                0x0600a984                destroy_last_map_section
                0x0600a994                create_map_section
                0x0600a9c0                computeLight
                0x0600aa30                player_animation_handling
                0x0600acf8                animate_enemies
                0x0600af20                draw_enemies
                0x0600af34                draw_powerups
                0x0600b0a8                draw_player
                0x0600cb80                draw_fog
                0x0600cc2c                draw_map
                0x0600cec8                draw_hud
                0x0600d310                my_draw
                0x0600d32c                init_level
                0x0600dc90                transition_to_title_screen
                0x0600e140                load_level
                0x0600e15c                load_area
                0x0600e178                use_item
                0x0600e758                show_puzzle
                0x0600e774                show_map_plan
                0x0600e790                inventory
                0x0600e7ac                map_builder_animate_enemy
                0x0600e978                map_builder_animate_player
                0x0600ec4c                map_builder_draw_player
                0x0600f67c                map_builder_draw_enemy
                0x060100dc                map_builder_draw_powerup
                0x0601023c                object_viewer
                0x0601089c                player_dead
                0x060108b8                pause_game
                0x060108d4                move_camera
                0x06011470                transition_to_mirror_world
                0x0601148c                title_screen
                0x060114a8                init_display
                0x060115a0                my_gamepad
                0x060115bc                load_background
                0x060115fc                load_textures
                0x06011734                load_sound
                0x0601185c                draw_3d_planes
                0x06011878                init_3d_planes
                0x06011924                gameLoop
                0x06011a88                jo_main
 .text          0x06011c48      0x928 pcmsys.o
                0x06011cb0                pcm_play
                0x06011cd8                pcm_parameter_change
                0x06011cfc                pcm_cease
                0x06011d28                cd_init
                0x06011d60                smpc_wait_till_ready
                0x06011d74                smpc_issue_command
                0x06011d88                load_driver_binary
                0x06011eb4                load_drv
                0x06011f00                calculate_bytes_per_blank
                0x06011f30                convert_bitrate_to_pitchword
                0x06011f8c                load_16bit_pcm
                0x06012100                load_8bit_pcm
                0x06012274                gcd
                0x060122a0                lcm
                0x060122e4                load_adx
                0x060124e4                sdrv_vblank_rq
                0x060124f4                CDDASetVolume
                0x06012508                CDDAPlay
                0x06012548                CDDAPlaySingle
                0x06012554                CDDAStop
 .text          0x06012570      0xae4 ../../jo_engine/tga.o
                0x060127ec                jo_set_tga_palette_handling
                0x060127f8                __jo_tga_load
                0x06012918                __jo_tga_any_loader_from_stream
                0x06012960                jo_tga_8bits_loader_from_stream
                0x06012978                jo_tga_loader_from_stream
                0x06012990                __jo_tga_any_loader
                0x060129e0                jo_tga_8bits_loader
                0x060129fc                jo_tga_loader
                0x06012a18                jo_tga_8bits_tileset_loader
                0x06012c54                jo_sprite_add_tga_tileset
                0x06012eac                jo_sprite_add_tga_from_stream
                0x06012f64                jo_sprite_add_tga
 .text          0x06013054      0x950 ../../jo_engine/3d.o
                0x060130bc                jo_3d_init
                0x060130e4                jo_3d_create_triangle
                0x06013120                jo_3d_create_plane
                0x06013160                jo_3d_create_mesh_from_vertices_and_normals
                0x06013274                jo_3d_free_mesh
                0x060132c8                jo_3d_create_cube
                0x06013324                jo_3d_set_mesh_polygon_transparency
                0x06013398                jo_3d_set_mesh_transparency
                0x06013404                jo_3d_set_mesh_polygon_screen_doors
                0x0601347c                jo_3d_set_mesh_screen_doors
                0x060134e8                jo_3d_set_mesh_polygon_light
                0x06013558                jo_3d_set_mesh_light
                0x060135c4                jo_3d_set_mesh_polygon_texture
                0x06013690                jo_3d_set_mesh_texture
                0x060136fc                jo_3d_set_mesh_polygon_wireframe
                0x06013750                jo_3d_set_mesh_polygon_color_ex
                0x0601380c                jo_3d_set_mesh_color
                0x0601387c                jo_3d_free_sprite_quad
                0x060138a8                jo_3d_create_sprite_quad
 .text          0x060139a4      0x960 ../../jo_engine/fs.o
                0x06013a0c                jo_fs_init
                0x06013abc                jo_fs_do_background_jobs
                0x06013b78                jo_fs_read_file_async_ptr
                0x06013d1c                jo_fs_cd
                0x06013d8c                jo_fs_read_file_ptr
                0x06013f28                jo_fs_read_file_in_dir
                0x06013f74                jo_fs_open
                0x06014070                jo_fs_seek_forward
                0x06014180                jo_fs_read_next_bytes
                0x06014278                jo_fs_close
                0x060142c4                jo_fs_set_read_sector_count
 .text          0x06014304      0x158 ../../jo_engine/slave.o
                0x06014384                jo_core_add_slave_callback
                0x060143d4                jo_core_remove_slave_callback
                0x06014414                jo_core_slave_init
                0x06014424                jo_core_wait_for_slave
                0x06014448                jo_core_exec_on_slave
 .text          0x0601445c      0x574 ../../jo_engine/font.o
                0x060144c4                jo_font_load
                0x06014754                jo_font_print
                0x06014878                jo_font_print_centered
 .text          0x060149d0      0x164 ../../jo_engine/input.o
                0x06014a38                jo_get_inputs_vblank
                0x06014a80                jo_get_input_type
                0x06014ac8                jo_get_input_count
                0x06014aec                jo_get_input_axis
 .text          0x06014b34        0x0 ../../jo_engine/physics.o
 .text          0x06014b34      0x988 ../../jo_engine/core.o
                0x06014be4                __jo_core_set_screens_order
                0x06014d1c                jo_goto_boot_menu
                0x06014d28                jo_core_suspend
                0x06014e08                __jo_core_error
                0x06014f28                jo_core_add_vblank_callback
                0x06014fac                jo_core_init
                0x06015240                jo_core_remove_vblank_callback
                0x060152a0                jo_core_add_callback
                0x060152f0                jo_core_remove_callback
                0x06015330                jo_core_set_restart_game_callback
                0x0601533c                jo_core_run
                0x06015404                jo_dump_vdp1_registers
                0x06015460                jo_dump_vdp2_registers
 .text          0x060154bc      0xcb8 ../../jo_engine/math.o
                0x06015524                jo_fixed_mult
                0x06015538                jo_fixed_dot
                0x06015550                jo_fixed_pow
                0x06015588                jo_fixed_div
                0x060155b0                jo_fixed_sin
                0x060156b4                jo_fixed_cos
                0x0601582c                jo_gcd
                0x06015894                jo_atan2f_rad
                0x06015a58                jo_planar_rotate
                0x06015bb4                jo_random
                0x06015c24                jo_vector_fixed_compute_bezier_point
                0x06015db4                jo_vectorf_compute_bezier_point
                0x06015f04                jo_fixed_sqrt
                0x06015fb4                jo_sqrt
                0x06015ff4                jo_fixed_rsqrt
                0x06016104                jo_rsqrt
 .text          0x06016174      0x4b4 ../../jo_engine/malloc.o
                0x060161dc                jo_add_memory_zone
                0x0601624c                jo_malloc_with_behaviour
                0x06016398                jo_reduce_memory_fragmentation
                0x0601640c                jo_free
                0x06016488                jo_memory_usage_percent
                0x0601658c                jo_memory_fragmentation
 .text          0x06016628      0x4a8 ../../jo_engine/tools.o
                0x06016690                jo_print
                0x060166e0                jo_clear_screen_line
                0x06016728                jo_clear_screen
                0x0601674c                jo_getdate
                0x060167e8                jo_get_current_language
                0x0601680c                jo_tools_atoi
                0x0601688c                jo_strlen
                0x060168dc                jo_endwith
                0x06016988                jo_strcmp
                0x060169b8                jo_memset
                0x06016a5c                jo_map_to_vram
 .text          0x06016ad0      0x134 ../../jo_engine/palette.o
                0x06016b38                jo_create_palette
                0x06016b8c                jo_set_palette_register
                0x06016bf0                jo_get_palette_register
 .text          0x06016c04      0x9f8 ../../jo_engine/sprites.o
                0x06016da0                jo_sprite_usage_percent
                0x06016e2c                jo_get_last_sprite_id
                0x06016e38                jo_sprite_init
                0x06016ebc                jo_sprite_name2id
                0x06016f34                jo_sprite_replace
                0x06017054                jo_sprite_add
                0x060170a0                jo_sprite_add_8bits_image
                0x060170ec                jo_sprite_free_from
                0x06017194                jo_set_gouraud_shading_colors
                0x060171bc                jo_set_gouraud_shading_brightness
                0x060171fc                jo_sprite_draw_4p_fixed
                0x06017314                jo_sprite_draw
                0x0601745c                jo_sprite_draw_rotate
                0x060175c8                jo_sprite_set_clipping_area
 .text          0x060175fc      0xb38 ../../jo_engine/map.o
                0x0601772c                jo_map_per_pixel_vertical_collision
                0x060178c0                jo_map_hitbox_detection_custom_boundaries
                0x06017930                jo_map_create
                0x060179ac                jo_map_add_tile
                0x060179d0                jo_map_add_animated_tile
                0x060179f4                jo_map_draw_background
                0x06017a8c                jo_map_3d_draw
                0x06017bc8                jo_map_draw
                0x06017cc4                jo_map_free
                0x06017cdc                jo_map_load_from_file
                0x060180b4                jo_map_move_tiles_by_attribute
 .text          0x06018134      0x200 ../../jo_engine/list.o
                0x0601819c                jo_list_init
                0x060181ac                jo_list_add
                0x06018224                jo_list_insert_at
                0x060182d4                jo_list_remove
 .text          0x06018334      0x2bc ../../jo_engine/sprite_animator.o
                0x06018448                jo_replace_sprite_anim
                0x060184fc                jo_create_sprite_anim
                0x060185c8                jo_clear_all_sprite_anim
 .text          0x060185f0      0x7b0 ../../jo_engine/image.o
                0x06018658                __jo_bin_load
                0x060186a8                jo_free_img
                0x060186f0                jo_bin_loader_from_stream
                0x060187c0                jo_bin_loader
                0x06018844                jo_replace_color
                0x060188b0                jo_sprite_add_bin_tileset
                0x06018aa8                jo_sprite_add_bin
                0x06018b74                jo_sprite_add_bin_from_stream
                0x06018c0c                jo_sprite_add_image_pack
 .text          0x06018da0      0xbe8 ../../jo_engine/vdp2.o
                0x06018e84                jo_set_default_background_color
                0x06018ec4                jo_img_to_vdp2_cells
                0x06018fe8                jo_vdp2_replace_rbg0_plane_a_8bits_image
                0x06018ffc                jo_vdp2_replace_rbg0_plane_b_8bits_image
                0x06019010                jo_vdp2_set_rbg0_plane_a_8bits_image
                0x060190d8                jo_vdp2_set_rbg0_plane_b_8bits_image
                0x060191a0                jo_vdp2_enable_rbg0
                0x06019274                jo_vdp2_disable_rbg0
                0x0601928c                jo_init_nbg0_printf
                0x06019310                __jo_init_vdp2
                0x06019374                jo_vdp2_disable_nbg0_line_scroll
                0x06019398                jo_vdp2_compute_nbg0_line_scroll
                0x060193b0                jo_vdp2_enable_nbg0_line_scroll
                0x06019420                jo_vdp2_draw_bitmap_nbg1_line
                0x060194ec                jo_vdp2_clear_bitmap_nbg1
                0x06019550                jo_vdp2_set_nbg1_8bits_image
                0x06019638                jo_vdp2_set_nbg1_image
                0x06019774                jo_vdp2_disable_nbg1_line_scroll
                0x06019798                jo_vdp2_compute_nbg1_line_scroll
                0x060197b0                jo_vdp2_enable_nbg1_line_scroll
                0x06019820                jo_set_displayed_screens
                0x06019830                jo_disable_all_screens_transparency
                0x06019854                jo_enable_screen_transparency
 .text          0x06019988      0x280 ../../jo_engine/time.o
                0x060199f0                jo_time_init
                0x06019a1c                jo_get_ticks
                0x06019afc                jo_fixed_point_time
 .text          0x06019c08       0x68 ../../jo_engine/vdp1_command_pipeline.o
 .text          0x06019c70      0x334 ../../jo_engine/vdp2_malloc.o
                0x06019cd8                jo_vdp2_malloc_init
                0x06019d10                jo_vdp2_free
                0x06019dd0                jo_vdp2_malloc
 *fill*         0x06019fa4        0xc 
 .text          0x06019fb0      0x238 ../../Compiler/COMMON/SGL_302j/LIB_ELF/SEGA_SYS.A(sys_exit.o)
                0x06019fb0                sys_version
                0x06019fd0                SYS_Exit
 *fill*         0x0601a1e8        0x8 
 .text          0x0601a1f0        0x6 ../../Compiler/COMMON/SGL_302j/LIB_ELF/SEGA_SYS.A(sys_sub.o)
                0x0601a1f0                SYSUB_SetStackptr
 *fill*         0x0601a1f6        0xa 
 .text          0x0601a200      0x3a0 ../../Compiler/COMMON/SGL_302j/LIB_ELF/LIBCD.A(CDC_CMN.O)
                0x0601a200                CDC_GetCurStat
                0x0601a250                CDC_GetLastStat
                0x0601a268                CDC_GetPeriStat
                0x0601a33c                CDC_GetHwInfo
                0x0601a3a4                CDC_TgetToc
                0x0601a3f4                CDC_GetSes
                0x0601a430                CDC_CdInit
                0x0601a4b4                CDC_CdOpen
                0x0601a4dc                CDC_DataReady
                0x0601a548                CDC_DataEnd
 .text          0x0601a5a0      0x130 ../../Compiler/COMMON/SGL_302j/LIB_ELF/LIBCD.A(CDC_DRV.O)
                0x0601a5a0                CDC_CdPlay
                0x0601a66c                CDC_CdSeek
                0x0601a6a0                CDC_CdScan
 .text          0x0601a6d0      0x194 ../../Compiler/COMMON/SGL_302j/LIB_ELF/LIBCD.A(CDC_CFS.O)
                0x0601a6d0                CDC_ChgDir
                0x0601a704                CDC_ReadDir
                0x0601a738                CDC_GetFileScope
                0x0601a798                CDC_TgetFileInfo
                0x0601a7f4                CDC_ReadFile
                0x0601a828                CDC_AbortFile
 *fill*         0x0601a864        0xc 
 .text          0x0601a870      0x2dc ../../Compiler/COMMON/SGL_302j/LIB_ELF/LIBCD.A(CDC_REG.O)
                0x0601a870                CDC_GetDataPtr
                0x0601a880                CDC_GetHirqReq
                0x0601a894                CDC_ClrHirqReq
                0x0601a8c4                CDREG_ClrHirqReq
                0x0601a8d4                CDREG_InitHirqReq
                0x0601a8fc                CDREG_SetHirqFlag
                0x0601a910                CDC_GetHirqMsk
                0x0601a924                CDC_SetHirqMsk
                0x0601a934                CDC_GetMpegPtr
                0x0601a944                CDREG_TgetData
                0x0601a9a0                CDREG_CmdRsp
                0x0601aaa0                CDREG_WaitHirq
                0x0601ab10                CDREG_ReadRsp
 *fill*         0x0601ab4c        0x4 
 .text          0x0601ab50      0x152 ../../Compiler/COMMON/SGL_302j/LIB_ELF/LIBCD.A(CDC_SUB.O)
                0x0601ab50                CDSUB_UpdStatus
                0x0601ab68                CDSUB_UpdCdstat
                0x0601ab88                CDSUB_CdCmd
                0x0601abf8                CDSUB_GetCdstat
                0x0601ac38                CDSUB_RspToCdstat
                0x0601ac80                CDSUB_SoftTimer
 *fill*         0x0601aca2        0xe 
 .text          0x0601acb0     0x1adc ../../Compiler/COMMON/SGL_302j/LIB_ELF/LIBCD.A(GFS.O)
                0x0601acb0                gfs_version
                0x0601acd0                GFS_Init
                0x0601adb8                GFS_LoadDir
                0x0601ae60                GFS_SetDir
                0x0601aec8                GFS_NameToId
                0x0601af2c                GFS_IdToName
                0x0601af98                GFS_GetDirInfo
                0x0601b008                GFS_Reset
                0x0601b08c                GFS_Open
                0x0601b140                GFS_Close
                0x0601b178                GFS_Seek
                0x0601b22c                GFS_Tell
                0x0601b27c                GFS_IsEof
                0x0601b2d0                GFS_ByteToSct
                0x0601b32c                GFS_GetFileSize
                0x0601b388                GFS_GetFileInfo
                0x0601b3fc                GFS_GetNumCdbuf
                0x0601b424                GFS_Load
                0x0601b4e8                GFS_Fread
                0x0601b584                gfs_waitRead
                0x0601b62c                GFS_NwFread
                0x0601b738                GFS_NwCdRead
                0x0601b7b0                GFS_NwIsComplete
                0x0601b7e8                GFS_NwStop
                0x0601b854                GFS_NwGetStat
                0x0601b8d0                gfs_recovRdErr
                0x0601b900                GFS_NwExecOne
                0x0601b9c0                GFS_NwExecServer
                0x0601ba3c                GFS_SetGmode
                0x0601baa0                GFS_SetTmode
                0x0601bb0c                GFS_SetReadPara
                0x0601bb70                GFS_SetTransPara
                0x0601bbdc                GFS_SetTrFunc
                0x0601bc40                GFS_StartTrans
                0x0601bc8c                GFS_CdMovePickup
                0x0601bcf8                GFS_SetErrFunc
                0x0601bd24                GFS_GetErrStat
                0x0601bd48                GFS_ConvTno
                0x0601bd70                gfs_chgRoot
                0x0601be3c                gfs_aborttrans
                0x0601be48                gfs_mngSetupFuncTbl
                0x0601be7c                gfs_mngInitWork
                0x0601bf20                gfs_mngGetNumFile
                0x0601bf88                GFS_mngAllocGrp
                0x0601bfd0                gfs_mngFreeGrp
                0x0601bfdc                gfs_mngTermAccess
                0x0601c060                gfs_mngSetErrCode
                0x0601c0e0                gfs_svrSearchHndl
                0x0601c120                gfs_svrAddHndl
                0x0601c15c                gfs_svrRemoveHndl
                0x0601c1b8                GFS_OpenSub
                0x0601c210                gfs_loadVol
                0x0601c2d4                gfs_getRootDir
                0x0601c3d0                gfs_loadRootDir
                0x0601c458                gfs_flowIn
                0x0601c500                gfs_transData
                0x0601c5a4                GFS_GetFad
                0x0601c5fc                gfs_SetSct
                0x0601c63c                gfs_GetFinfo
                0x0601c67c                gfs_closeSub
                0x0601c6b8                gfs_getGmode
                0x0601c6c4                gfs_isTaskDone
                0x0601c718                gfs_convFinStat
 *fill*         0x0601c78c        0x4 
 .text          0x0601c790      0x106 ../../Compiler/COMMON/SGL_302j/LIB_ELF/LIBCD.A(GFS_BUF.O)
                0x0601c7c0                GFBF_GetTranData
                0x0601c7e8                GFBF_GetNumData
                0x0601c818                GFBF_GetSrcPk
                0x0601c840                GFBF_GetSctData
                0x0601c864                GFBF_RtnPk
                0x0601c88c                gfbf_getSctDt
 *fill*         0x0601c896        0xa 
 .text          0x0601c8a0      0x600 ../../Compiler/COMMON/SGL_302j/LIB_ELF/LIBCD.A(GFS_CDB.O)
                0x0601c8a0                GFCB_Setup
                0x0601c9c0                GFCB_Close
                0x0601c9e8                GFCB_GetLenData
                0x0601ca94                GFCB_GetLenRoom
                0x0601caa0                GFCB_SetFilt
                0x0601cb08                GFCB_DeleteAllData
                0x0601cb30                GFCB_Tell
                0x0601cb40                gfcb_getSctNum
                0x0601cb90                GFCB_Seek
                0x0601cc8c                GFCB_GetSrcPack
                0x0601cd6c                GFCB_GetSctData
                0x0601cda4                GFCB_GetDstPack
                0x0601cdb0                GFCB_RtnPk
                0x0601cdf8                GFCB_MovePickup
                0x0601ce14                GFCB_SetCon
                0x0601ce48                GFCB_GetPickup
                0x0601ce70                GFCB_IsPuOwner
                0x0601ce88                GFCB_UngetPickup
 .text          0x0601cea0     0x1a10 ../../Compiler/COMMON/SGL_302j/LIB_ELF/LIBCD.A(GFS_CDC.O)
                0x0601cea0                GFCD_SetCdbfs
                0x0601cecc                GFCD_Init
                0x0601d0d0                GFCD_AllocFilt
                0x0601d10c                GFCD_FreeFilt
                0x0601d13c                GFCD_AllocBuf
                0x0601d170                GFCD_FreeBuf
                0x0601d214                GFCD_GetBaseFad
                0x0601d248                GFCD_GetPickup
                0x0601d27c                GFCD_UngetPickup
                0x0601d2a8                GFCD_IsPuOwner
                0x0601d2cc                GFCD_SetFilt
                0x0601d390                GFCD_GetFilt
                0x0601d3d8                GFCD_SetCon
                0x0601d430                GFCD_Play
                0x0601d490                GFCD_GetLenData
                0x0601d4f8                GFCD_ReqData
                0x0601d554                GFCD_EndData
                0x0601d59c                GFCD_DelSctData
                0x0601d5f4                GFCD_CheckDelSctData
                0x0601d624                GFCD_GetStat
                0x0601d6d8                GFCD_MovePickup
                0x0601d724                GFCD_MoveSctData
                0x0601d798                GFCD_CheckMove
                0x0601d7bc                GFCD_GetSctInfo
                0x0601d804                GFCD_ChgDir
                0x0601d878                GFCD_SetFiltCon
                0x0601d960                GFCD_GetFileInfo
                0x0601da3c                GFCD_GetBufSiz
                0x0601da74                GFCD_ExecServer
                0x0601db48                gfcd_isIdleTask
                0x0601dbd4                gfcd_doTask
                0x0601dc80                GFCD_SetTimer
                0x0601dc94                GFCD_WaitServer
                0x0601dcd0                gfcd_doSetFiltTsk
                0x0601de94                gfcd_doSetConTsk
                0x0601df24                gfcd_doGetLenDataTsk
                0x0601e078                gfcd_doReqDataTsk
                0x0601e118                gfcd_doDelSctDataTsk
                0x0601e24c                gfcd_doMoveSctTsk
                0x0601e3b0                gfcd_doChgDirTsk
                0x0601e5ac                gfcd_doSetFiltConTsk
                0x0601e6f0                gfcd_checkEflag
                0x0601e714                gfcd_initCdbMng
                0x0601e794                gfcd_setStat
                0x0601e7c0                GFCD_SetCsctFunc
                0x0601e7dc                GFCD_ChkScdqFlag
                0x0601e800                GFCD_ClrScdqFlag
                0x0601e81c                GFCD_WaitScdqFlag
                0x0601e860                GFCD_WaitPause
 .text          0x0601e8b0      0x8d8 ../../Compiler/COMMON/SGL_302j/LIB_ELF/LIBCD.A(GFS_CDF.O)
                0x0601e8b0                GFCF_Init
                0x0601e950                GFCF_Setup
                0x0601ea98                GFCF_SetSct
                0x0601eadc                GFCF_GetFileInfo
                0x0601eb50                GFCF_FlowInBuf
                0x0601eca4                GFCF_StopInBuf
                0x0601ed44                GFCF_Recover
                0x0601ed8c                GFCF_Tell
                0x0601eda4                GFCF_Seek
                0x0601edbc                GFCF_MovePickup
                0x0601ee58                GFCF_cnvIntlvOfs
                0x0601eeac                GFCF_GetStat
                0x0601ef44                gfcf_getSctSize
                0x0601ef80                gfcf_isCdOk
                0x0601f040                gfcf_getPlayRange
 *fill*         0x0601f188        0x8 
 .text          0x0601f190      0x92c ../../Compiler/COMMON/SGL_302j/LIB_ELF/LIBCD.A(GFS_DIR.O)
                0x0601f190                GFDR_SetupDirTbl
                0x0601f204                GFDR_NameToId
                0x0601f264                GFDR_GetInfoDirId
                0x0601f278                GFDR_GetInfoDirName
                0x0601f28c                GFDR_GetAtrDirId
                0x0601f2a4                GFDR_GetAtrDirName
                0x0601f2bc                GFDR_ChgRoot
                0x0601f2d4                GFDR_ChgDir
                0x0601f348                gfdr_setupDirIdTbl
                0x0601f3cc                gfdr_setupDirNameTbl
                0x0601f478                gfdr_open
                0x0601f4a0                gfdr_read
                0x0601f560                gfdr_readByte
                0x0601f58c                gfdr_readWord
                0x0601f5b8                gfdr_readWordNB
                0x0601f60c                gfdr_readLongNB
                0x0601f658                gfdr_readLongNM
                0x0601f680                gfdr_setNextRec
                0x0601f704                gfdr_readDirEnt
                0x0601fa80                gfdr_setDirrecCd
 *fill*         0x0601fabc        0x4 
 .text          0x0601fac0      0x9c6 ../../Compiler/COMMON/SGL_302j/LIB_ELF/LIBCD.A(GFS_TRN.O)
                0x0601faf0                GFTR_Setup
                0x0601fb34                GFTR_SetMode
                0x0601fb48                GFTR_SetUnit
                0x0601fb54                GFTR_SetTransPara
                0x0601fb88                GFTR_GetTransPara
                0x0601fb94                GFTR_GetNumTrans
                0x0601fba0                GFTR_SetTransMax
                0x0601fbac                GFTR_Start
                0x0601fbb8                GFTR_Pause
                0x0601fbc4                GFTR_Stop
                0x0601fc7c                GFTR_Exec
                0x0601fd00                GFTR_Idle
                0x0601fd78                GFTR_ExecSvr
                0x0601fe80                gftr_getSrcPack
                0x0601ff08                gftr_getDstPack
                0x0601ff64                gftr_reqScu
                0x0601ff70                gftr_execScu
                0x0602000c                gftr_remScu
                0x06020040                gfdma_canUse
                0x0602004c                gfdma_exec
                0x060200bc                gfdma_getBytecnt
                0x060200f4                gftr_reqDma0
                0x0602010c                gftr_execSdma0
                0x06020130                gftr_remDma0
                0x06020148                gftr_reqDma1
                0x06020160                gftr_execSdma1
                0x06020184                gftr_remDma1
                0x0602019c                gftr_reqCpu
                0x060201a8                gftr_execCpu
                0x060201e8                gftr_remCpu
                0x060201f4                gftr_reqTrn
                0x06020264                gftr_execTrn
                0x0602033c                gftr_remTrn
                0x060203b0                gftr_copyFrac
                0x060203d8                GFTR_GetLenData
                0x060203e4                GFTR_GetLenRoom
                0x060203fc                GFTR_GetDstPack
                0x06020430                GFTR_RtnDstPk
                0x0602044c                GFTR_GetData
                0x06020460                GFTR_SetData
                0x06020474                GFTR_SetTransFunc
 *fill*         0x06020486        0xa 
 .text          0x06020490       0xa8 ../../Compiler/COMMON/SGL_302j/LIB_ELF/LIBCD.A(CDC_DEV.O)
                0x06020490                CDC_CdSetCon
                0x060204c0                CDC_CdGetCon
                0x060204fc                CDC_CdGetLastBuf
 *fill*         0x06020538        0x8 
 .text          0x06020540      0x2b8 ../../Compiler/COMMON/SGL_302j/LIB_ELF/LIBCD.A(CDC_SEL.O)
                0x06020540                CDC_SetFiltRange
                0x06020574                CDC_GetFiltRange
                0x060205cc                CDC_SetFiltSubh
                0x0602063c                CDC_GetFiltSubh
                0x060206b8                CDC_SetFiltMode
                0x060206ec                CDC_GetFiltMode
                0x06020730                CDC_SetFiltCon
                0x06020770                CDC_GetFiltCon
                0x060207c4                CDC_ResetSelector
 *fill*         0x060207f8        0x8 
 .text          0x06020800      0x270 ../../Compiler/COMMON/SGL_302j/LIB_ELF/LIBCD.A(CDC_BIF.O)
                0x06020800                CDC_GetBufSiz
                0x0602085c                CDC_GetSctNum
                0x060208a0                CDC_CalActSiz
                0x060208dc                CDC_GetActSiz
                0x0602095c                CDC_GetSctInfo
                0x060209dc                CDC_ExeFadSearch
                0x06020a14                CDC_GetFadSearch
 .text          0x06020a70      0x1e4 ../../Compiler/COMMON/SGL_302j/LIB_ELF/LIBCD.A(CDC_BIO.O)
                0x06020a70                CDC_SetSctLen
                0x06020aa4                CDC_GetSctData
                0x06020ae0                CDC_DelSctData
                0x06020b1c                CDC_GetdelSctData
                0x06020b58                CDC_PutSctData
                0x06020b90                CDC_CopySctData
                0x06020bd4                CDC_MoveSctData
                0x06020c18                CDC_GetCopyErr
 *fill*         0x06020c54        0xc 
 .text          0x06020c60        0x0 ../../Compiler/COMMON/SGL_302j/LIB_ELF/LIBSGL.A(sglA15.o)
 .text          0x06020c60        0x0 ../../Compiler/COMMON/SGL_302j/LIB_ELF/LIBSGL.A(sglA16.o)
 .text          0x06020c60        0x0 ../../Compiler/COMMON/SGL_302j/LIB_ELF/LIBSGL.A(sglA17.o)
 .text          0x06020c60        0x0 ../../Compiler/COMMON/SGL_302j/LIB_ELF/LIBSGL.A(sglA18.o)
 .text          0x06020c60        0x0 ../../Compiler/COMMON/SGL_302j/LIB_ELF/LIBSGL.A(sglA19.o)
 .text          0x06020c60        0x0 ../../Compiler/COMMON/SGL_302j/LIB_ELF/LIBSGL.A(sglA20.o)
 .text          0x06020c60        0x0 ../../Compiler/COMMON/SGL_302j/LIB_ELF/LIBSGL.A(sglA21.o)
 .text          0x06020c60        0x0 ../../Compiler/COMMON/SGL_302j/LIB_ELF/LIBSGL.A(sglA27.o)
 .text          0x06020c60        0x0 ../../Compiler/COMMON/SGL_302j/LIB_ELF/LIBSGL.A(sglA28.o)
 .text          0x06020c60        0x0 ../../Compiler/COMMON/SGL_302j/LIB_ELF/LIBSGL.A(sglA40.o)
 .text          0x06020c60        0x0 ../../Compiler/COMMON/SGL_302j/LIB_ELF/LIBSGL.A(sglB001.o)
 .text          0x06020c60        0x0 ../../Compiler/COMMON/SGL_302j/LIB_ELF/LIBSGL.A(sglB011.o)
 .text          0x06020c60        0x0 ../../Compiler/COMMON/SGL_302j/LIB_ELF/LIBSGL.A(sglB014.o)
 .text          0x06020c60        0x0 ../../Compiler/COMMON/SGL_302j/LIB_ELF/LIBSGL.A(sglB015.o)
 .text          0x06020c60        0x0 ../../Compiler/COMMON/SGL_302j/LIB_ELF/LIBSGL.A(sglB016.o)
 .text          0x06020c60        0x0 ../../Compiler/COMMON/SGL_302j/LIB_ELF/LIBSGL.A(sglB020.o)
 .text          0x06020c60        0x0 ../../Compiler/COMMON/SGL_302j/LIB_ELF/LIBSGL.A(sglB021.o)
 .text          0x06020c60        0x0 ../../Compiler/COMMON/SGL_302j/LIB_ELF/LIBSGL.A(sglB023.o)
 .text          0x06020c60        0x0 ../../Compiler/COMMON/SGL_302j/LIB_ELF/LIBSGL.A(sglB032.o)
 .text          0x06020c60        0x0 ../../Compiler/COMMON/SGL_302j/LIB_ELF/LIBSGL.A(sglB035.o)
 .text          0x06020c60        0x0 ../../Compiler/COMMON/SGL_302j/LIB_ELF/LIBSGL.A(sglB036.o)
 .text          0x06020c60        0x0 ../../Compiler/COMMON/SGL_302j/LIB_ELF/LIBSGL.A(sglB038.o)
 .text          0x06020c60        0x0 ../../Compiler/COMMON/SGL_302j/LIB_ELF/LIBSGL.A(sglB039.o)
 .text          0x06020c60        0x0 ../../Compiler/COMMON/SGL_302j/LIB_ELF/LIBSGL.A(sglB040.o)
 .text          0x06020c60        0x0 ../../Compiler/COMMON/SGL_302j/LIB_ELF/LIBSGL.A(sglB041.o)
 .text          0x06020c60        0x0 ../../Compiler/COMMON/SGL_302j/LIB_ELF/LIBSGL.A(sglB042.o)
 .text          0x06020c60        0x0 ../../Compiler/COMMON/SGL_302j/LIB_ELF/LIBSGL.A(sglB043.o)
 .text          0x06020c60        0x0 ../../Compiler/COMMON/SGL_302j/LIB_ELF/LIBSGL.A(sglB044.o)
 .text          0x06020c60        0x0 ../../Compiler/COMMON/SGL_302j/LIB_ELF/LIBSGL.A(sglB045.o)
 .text          0x06020c60        0x0 ../../Compiler/COMMON/SGL_302j/LIB_ELF/LIBSGL.A(sglB047.o)
 .text          0x06020c60        0x0 ../../Compiler/COMMON/SGL_302j/LIB_ELF/LIBSGL.A(sglB048.o)
 .text          0x06020c60        0x0 ../../Compiler/COMMON/SGL_302j/LIB_ELF/LIBSGL.A(sglB056.o)
 .text          0x06020c60        0x0 ../../Compiler/COMMON/SGL_302j/LIB_ELF/LIBSGL.A(sglB059.o)
 .text          0x06020c60        0x0 ../../Compiler/COMMON/SGL_302j/LIB_ELF/LIBSGL.A(sglB060.o)
 .text          0x06020c60        0x0 ../../Compiler/COMMON/SGL_302j/LIB_ELF/LIBSGL.A(sglB063.o)
 .text          0x06020c60        0x0 ../../Compiler/COMMON/SGL_302j/LIB_ELF/LIBSGL.A(sglB087.o)
 .text          0x06020c60        0x0 ../../Compiler/COMMON/SGL_302j/LIB_ELF/LIBSGL.A(sglB088.o)
 .text          0x06020c60        0x0 ../../Compiler/COMMON/SGL_302j/LIB_ELF/LIBSGL.A(sglB090.o)
 .text          0x06020c60        0x0 ../../Compiler/COMMON/SGL_302j/LIB_ELF/LIBSGL.A(sglB200.o)
 .text          0x06020c60        0x0 ../../Compiler/COMMON/SGL_302j/LIB_ELF/LIBSGL.A(sglC03.o)
 .text          0x06020c60        0x0 ../../Compiler/COMMON/SGL_302j/LIB_ELF/LIBSGL.A(sglC04.o)
 .text          0x06020c60        0x0 ../../Compiler/COMMON/SGL_302j/LIB_ELF/LIBSGL.A(sglC05.o)
 .text          0x06020c60        0x0 ../../Compiler/COMMON/SGL_302j/LIB_ELF/LIBSGL.A(sglC06.o)
 .text          0x06020c60        0x0 ../../Compiler/COMMON/SGL_302j/LIB_ELF/LIBSGL.A(sglC07.o)
 .text          0x06020c60        0x0 ../../Compiler/COMMON/SGL_302j/LIB_ELF/LIBSGL.A(sglC08.o)
 .text          0x06020c60        0x0 ../../Compiler/COMMON/SGL_302j/LIB_ELF/LIBSGL.A(sglC14.o)
 .text          0x06020c60        0x0 ../../Compiler/COMMON/SGL_302j/LIB_ELF/LIBSGL.A(sglC16.o)
 .text          0x06020c60        0x0 ../../Compiler/COMMON/SGL_302j/LIB_ELF/LIBSGL.A(sglC17.o)
 .text          0x06020c60        0x0 ../../Compiler/COMMON/SGL_302j/LIB_ELF/LIBSGL.A(sglC19.o)
 .text          0x06020c60        0x0 ../../Compiler/COMMON/SGL_302j/LIB_ELF/LIBSGL.A(sglC20.o)
 .text          0x06020c60        0x0 ../../Compiler/COMMON/SGL_302j/LIB_ELF/LIBSGL.A(sglC21.o)
 .text          0x06020c60        0x0 ../../Compiler/COMMON/SGL_302j/LIB_ELF/LIBSGL.A(sglD00.o)
 .text          0x06020c60        0x0 ../../Compiler/COMMON/SGL_302j/LIB_ELF/LIBSGL.A(sglD01.o)
 .text          0x06020c60        0x0 ../../Compiler/COMMON/SGL_302j/LIB_ELF/LIBSGL.A(sglD02.o)
 .text          0x06020c60        0x0 ../../Compiler/COMMON/SGL_302j/LIB_ELF/LIBSGL.A(sglD03.o)
 .text          0x06020c60        0x0 ../../Compiler/COMMON/SGL_302j/LIB_ELF/LIBSGL.A(sglD15.o)
 .text          0x06020c60        0x0 ../../Compiler/COMMON/SGL_302j/LIB_ELF/LIBSGL.A(sglD16.o)
 .text          0x06020c60        0x0 ../../Compiler/COMMON/SGL_302j/LIB_ELF/LIBSGL.A(sglD17.o)
 .text          0x06020c60        0x0 ../../Compiler/COMMON/SGL_302j/LIB_ELF/LIBSGL.A(sglD18.o)
 .text          0x06020c60        0x0 ../../Compiler/COMMON/SGL_302j/LIB_ELF/LIBSGL.A(sglF00.o)
 .text          0x06020c60        0x0 ../../Compiler/COMMON/SGL_302j/LIB_ELF/LIBSGL.A(sglF05.o)
 .text          0x06020c60        0x0 ../../Compiler/COMMON/SGL_302j/LIB_ELF/LIBSGL.A(sglF08.o)
 .text          0x06020c60        0x0 ../../Compiler/COMMON/SGL_302j/LIB_ELF/LIBSGL.A(sglH00.o)
 .text          0x06020c60        0x0 ../../Compiler/COMMON/SGL_302j/LIB_ELF/LIBSGL.A(sglH01.o)
 .text          0x06020c60        0x0 ../../Compiler/COMMON/SGL_302j/LIB_ELF/LIBSGL.A(sglH02.o)
 .text          0x06020c60        0x0 ../../Compiler/COMMON/SGL_302j/LIB_ELF/LIBSGL.A(sglH04.o)
 .text          0x06020c60        0x0 ../../Compiler/COMMON/SGL_302j/LIB_ELF/LIBSGL.A(sglI01.o)
 .text          0x06020c60        0x0 ../../Compiler/COMMON/SGL_302j/LIB_ELF/LIBSGL.A(sglI04.o)
 .text          0x06020c60      0x128 ../../Compiler/COMMON/SGL_302j/LIB_ELF/LIBSGL.A(sglIc0.o)
                0x06020c60                slInitSystem
 *fill*         0x06020d88        0x8 
 .text          0x06020d90        0x0 ../../Compiler/COMMON/SGL_302j/LIB_ELF/LIBSGL.A(sglJ00.o)
 .text          0x06020d90        0x0 ../../Compiler/COMMON/SGL_302j/LIB_ELF/LIBSGL.A(sglJ01.o)
 .text          0x06020d90        0x0 ../../Compiler/COMMON/SGL_302j/LIB_ELF/LIBSGL.A(sglJ02.o)
 .text          0x06020d90        0x0 ../../Compiler/COMMON/SGL_302j/LIB_ELF/LIBSGL.A(sglJ03.o)
 .text          0x06020d90        0x0 ../../Compiler/COMMON/SGL_302j/LIB_ELF/LIBSGL.A(sglJ04.o)
 .text          0x06020d90        0x0 ../../Compiler/COMMON/SGL_302j/LIB_ELF/LIBSGL.A(sglJ05.o)
 .text          0x06020d90        0x0 ../../Compiler/COMMON/SGL_302j/LIB_ELF/LIBSGL.A(sglK01.o)
 .text          0x06020d90        0x0 ../../Compiler/COMMON/SGL_302j/LIB_ELF/LIBSGL.A(sglM00.o)
 .text          0x06020d90        0x0 ../../Compiler/COMMON/SGL_302j/LIB_ELF/LIBSGL.A(sglM01.o)
 .text          0x06020d90        0x0 ../../Compiler/COMMON/SGL_302j/LIB_ELF/LIBSGL.A(sglA00.o)
 .text          0x06020d90        0x0 ../../Compiler/COMMON/SGL_302j/LIB_ELF/LIBSGL.A(sglA01.o)
 .text          0x06020d90        0x0 ../../Compiler/COMMON/SGL_302j/LIB_ELF/LIBSGL.A(sglA10.o)
 .text          0x06020d90        0x0 ../../Compiler/COMMON/SGL_302j/LIB_ELF/LIBSGL.A(sglA24.o)
 .text          0x06020d90        0x0 ../../Compiler/COMMON/SGL_302j/LIB_ELF/LIBSGL.A(sglA25.o)
 .text          0x06020d90        0x0 ../../Compiler/COMMON/SGL_302j/LIB_ELF/LIBSGL.A(sglB000.o)
 .text          0x06020d90        0x0 ../../Compiler/COMMON/SGL_302j/LIB_ELF/LIBSGL.A(sglC00.o)
 .text          0x06020d90        0x0 ../../Compiler/COMMON/SGL_302j/LIB_ELF/LIBSGL.A(sglC13.o)
 .text          0x06020d90        0x0 ../../Compiler/COMMON/SGL_302j/LIB_ELF/LIBSGL.A(sglD19.o)
 .text          0x06020d90        0x0 ../../Compiler/COMMON/SGL_302j/LIB_ELF/LIBSGL.A(sglI00.o)
 .text          0x06020d90        0x0 ../../Compiler/COMMON/SGL_302j/LIB_ELF/LIBSGL.A(sglH03.o)
 .text          0x06020d90       0x52 c:/users/jason/desktop/saturn game project/joengine-master/compiler/windows/bin/../lib/gcc/sh-elf/9.3.0\libgcc.a(_ashiftrt.o)
                0x06020d90                __ashiftrt_r4_31
                0x06020d90                __ashiftrt_r4_32
                0x06020d96                __ashiftrt_r4_30
                0x06020d98                __ashiftrt_r4_29
                0x06020d9a                __ashiftrt_r4_28
                0x06020d9c                __ashiftrt_r4_27
                0x06020d9e                __ashiftrt_r4_26
                0x06020da0                __ashiftrt_r4_25
                0x06020da2                __ashiftrt_r4_24
                0x06020daa                __ashiftrt_r4_23
                0x06020dac                __ashiftrt_r4_22
                0x06020dae                __ashiftrt_r4_21
                0x06020db0                __ashiftrt_r4_20
                0x06020db2                __ashiftrt_r4_19
                0x06020db4                __ashiftrt_r4_18
                0x06020db6                __ashiftrt_r4_17
                0x06020db8                __ashiftrt_r4_16
                0x06020dbe                __ashiftrt_r4_15
                0x06020dc0                __ashiftrt_r4_14
                0x06020dc2                __ashiftrt_r4_13
                0x06020dc4                __ashiftrt_r4_12
                0x06020dc6                __ashiftrt_r4_11
                0x06020dc8                __ashiftrt_r4_10
                0x06020dca                __ashiftrt_r4_9
                0x06020dcc                __ashiftrt_r4_8
                0x06020dce                __ashiftrt_r4_7
                0x06020dd0                __ashiftrt_r4_6
                0x06020dd2                __ashiftrt_r4_5
                0x06020dd4                __ashiftrt_r4_4
                0x06020dd6                __ashiftrt_r4_3
                0x06020dd8                __ashiftrt_r4_2
                0x06020dda                __ashiftrt_r4_1
                0x06020dde                __ashiftrt_r4_0
 *fill*         0x06020de2        0x2 
 .text          0x06020de4       0x80 c:/users/jason/desktop/saturn game project/joengine-master/compiler/windows/bin/../lib/gcc/sh-elf/9.3.0\libgcc.a(_ashiftrt_n.o)
                0x06020de4                __ashrsi3
 .text          0x06020e64       0xbc c:/users/jason/desktop/saturn game project/joengine-master/compiler/windows/bin/../lib/gcc/sh-elf/9.3.0\libgcc.a(_ashiftlt.o)
                0x06020e64                __ashlsi3
                0x06020e68                __ashlsi3_r0
 .text          0x06020f20       0xbc c:/users/jason/desktop/saturn game project/joengine-master/compiler/windows/bin/../lib/gcc/sh-elf/9.3.0\libgcc.a(_lshiftrt.o)
                0x06020f20                __lshrsi3
                0x06020f24                __lshrsi3_r0
 .text          0x06020fdc       0xa0 c:/users/jason/desktop/saturn game project/joengine-master/compiler/windows/bin/../lib/gcc/sh-elf/9.3.0\libgcc.a(_sdivsi3.o)
                0x06020fdc                __sdivsi3
 .text          0x0602107c       0x6c c:/users/jason/desktop/saturn game project/joengine-master/compiler/windows/bin/../lib/gcc/sh-elf/9.3.0\libgcc.a(_udivsi3.o)
                0x0602109e                __udivsi3
 .text          0x060210e8       0x4c c:/users/jason/desktop/saturn game project/joengine-master/compiler/windows/bin/../lib/gcc/sh-elf/9.3.0\libgcc.a(_fixunssfsi.o)
                0x060210e8                __fixunssfsi
 .text          0x06021134      0x21c c:/users/jason/desktop/saturn game project/joengine-master/compiler/windows/bin/../lib/gcc/sh-elf/9.3.0\libgcc.a(_addsub_sf.o)
                0x060212b4                __addsf3
                0x06021300                __subsf3
 .text          0x06021350      0x134 c:/users/jason/desktop/saturn game project/joengine-master/compiler/windows/bin/../lib/gcc/sh-elf/9.3.0\libgcc.a(_mul_sf.o)
                0x06021350                __mulsf3
 .text          0x06021484       0xdc c:/users/jason/desktop/saturn game project/joengine-master/compiler/windows/bin/../lib/gcc/sh-elf/9.3.0\libgcc.a(_div_sf.o)
                0x06021484                __divsf3
 .text          0x06021560       0x54 c:/users/jason/desktop/saturn game project/joengine-master/compiler/windows/bin/../lib/gcc/sh-elf/9.3.0\libgcc.a(_ne_sf.o)
                0x06021560                __nesf2
 .text          0x060215b4       0x54 c:/users/jason/desktop/saturn game project/joengine-master/compiler/windows/bin/../lib/gcc/sh-elf/9.3.0\libgcc.a(_gt_sf.o)
                0x060215b4                __gtsf2
 .text          0x06021608       0x54 c:/users/jason/desktop/saturn game project/joengine-master/compiler/windows/bin/../lib/gcc/sh-elf/9.3.0\libgcc.a(_ge_sf.o)
                0x06021608                __gesf2
 .text          0x0602165c       0x54 c:/users/jason/desktop/saturn game project/joengine-master/compiler/windows/bin/../lib/gcc/sh-elf/9.3.0\libgcc.a(_lt_sf.o)
                0x0602165c                __ltsf2
 .text          0x060216b0       0x54 c:/users/jason/desktop/saturn game project/joengine-master/compiler/windows/bin/../lib/gcc/sh-elf/9.3.0\libgcc.a(_le_sf.o)
                0x060216b0                __lesf2
 .text          0x06021704       0x84 c:/users/jason/desktop/saturn game project/joengine-master/compiler/windows/bin/../lib/gcc/sh-elf/9.3.0\libgcc.a(_si_to_sf.o)
                0x06021704                __floatsisf
 .text          0x06021788       0x70 c:/users/jason/desktop/saturn game project/joengine-master/compiler/windows/bin/../lib/gcc/sh-elf/9.3.0\libgcc.a(_sf_to_si.o)
                0x06021788                __fixsfsi
 .text          0x060217f8       0x3c c:/users/jason/desktop/saturn game project/joengine-master/compiler/windows/bin/../lib/gcc/sh-elf/9.3.0\libgcc.a(_sf_to_df.o)
                0x060217f8                __extendsfdf2
 .text          0x06021834        0x0 c:/users/jason/desktop/saturn game project/joengine-master/compiler/windows/bin/../lib/gcc/sh-elf/9.3.0\libgcc.a(_thenan_sf.o)
 .text          0x06021834       0x94 c:/users/jason/desktop/saturn game project/joengine-master/compiler/windows/bin/../lib/gcc/sh-elf/9.3.0\libgcc.a(_usi_to_sf.o)
                0x06021834                __floatunsisf
 .text          0x060218c8      0x3e0 c:/users/jason/desktop/saturn game project/joengine-master/compiler/windows/bin/../lib/gcc/sh-elf/9.3.0\libgcc.a(_addsub_df.o)
                0x06021c04                __adddf3
                0x06021c54                __subdf3
 .text          0x06021ca8      0x208 c:/users/jason/desktop/saturn game project/joengine-master/compiler/windows/bin/../lib/gcc/sh-elf/9.3.0\libgcc.a(_mul_df.o)
                0x06021ca8                __muldf3
 .text          0x06021eb0       0xa8 c:/users/jason/desktop/saturn game project/joengine-master/compiler/windows/bin/../lib/gcc/sh-elf/9.3.0\libgcc.a(_si_to_df.o)
                0x06021eb0                __floatsidf
 .text          0x06021f58       0xa0 c:/users/jason/desktop/saturn game project/joengine-master/compiler/windows/bin/../lib/gcc/sh-elf/9.3.0\libgcc.a(_df_to_si.o)
                0x06021f58                __fixdfsi
 .text          0x06021ff8       0x28 c:/users/jason/desktop/saturn game project/joengine-master/compiler/windows/bin/../lib/gcc/sh-elf/9.3.0\libgcc.a(_make_df.o)
                0x06021ff8                __make_dp
 .text          0x06022020       0x4c c:/users/jason/desktop/saturn game project/joengine-master/compiler/windows/bin/../lib/gcc/sh-elf/9.3.0\libgcc.a(_df_to_sf.o)
                0x06022020                __truncdfsf2
 .text          0x0602206c        0x0 c:/users/jason/desktop/saturn game project/joengine-master/compiler/windows/bin/../lib/gcc/sh-elf/9.3.0\libgcc.a(_thenan_df.o)
 .text          0x0602206c       0x54 c:/users/jason/desktop/saturn game project/joengine-master/compiler/windows/bin/../lib/gcc/sh-elf/9.3.0\libgcc.a(_clzsi2.o)
                0x0602206c                __clzsi2
 .text          0x060220c0      0x11c c:/users/jason/desktop/saturn game project/joengine-master/compiler/windows/bin/../lib/gcc/sh-elf/9.3.0\libgcc.a(_pack_sf.o)
                0x060220c0                __pack_f
 .text          0x060221dc       0xa0 c:/users/jason/desktop/saturn game project/joengine-master/compiler/windows/bin/../lib/gcc/sh-elf/9.3.0\libgcc.a(_unpack_sf.o)
                0x060221dc                __unpack_f
 .text          0x0602227c       0xac c:/users/jason/desktop/saturn game project/joengine-master/compiler/windows/bin/../lib/gcc/sh-elf/9.3.0\libgcc.a(_fpcmp_parts_sf.o)
                0x0602227c                __fpcmp_parts_f
 .text          0x06022328       0x20 c:/users/jason/desktop/saturn game project/joengine-master/compiler/windows/bin/../lib/gcc/sh-elf/9.3.0\libgcc.a(_make_sf.o)
                0x06022328                __make_fp
 .text          0x06022348      0x274 c:/users/jason/desktop/saturn game project/joengine-master/compiler/windows/bin/../lib/gcc/sh-elf/9.3.0\libgcc.a(_pack_df.o)
                0x06022348                __pack_d
 .text          0x060225bc       0xcc c:/users/jason/desktop/saturn game project/joengine-master/compiler/windows/bin/../lib/gcc/sh-elf/9.3.0\libgcc.a(_unpack_df.o)
                0x060225bc                __unpack_d
 .text          0x06022688        0x0 c:/users/jason/desktop/saturn game project/joengine-master/compiler/windows/bin/../lib/gcc/sh-elf/9.3.0\libgcc.a(_clz.o)
 .text          0x06022688        0x0 c:/users/jason/desktop/saturn game project/joengine-master/compiler/windows/bin/../lib/gcc/sh-elf/9.3.0/../../../../sh-elf/lib\libc.a(lib_a-impure.o)
 .text          0x06022688       0x1e c:/users/jason/desktop/saturn game project/joengine-master/compiler/windows/bin/../lib/gcc/sh-elf/9.3.0/../../../../sh-elf/lib\libc.a(lib_a-memcmp.o)
                0x06022688                memcmp
 *fill*         0x060226a6        0x2 
 .text          0x060226a8       0x94 c:/users/jason/desktop/saturn game project/joengine-master/compiler/windows/bin/../lib/gcc/sh-elf/9.3.0/../../../../sh-elf/lib\libc.a(lib_a-memcpy.o)
                0x060226a8                memcpy
 .text          0x0602273c       0x40 c:/users/jason/desktop/saturn game project/joengine-master/compiler/windows/bin/../lib/gcc/sh-elf/9.3.0/../../../../sh-elf/lib\libc.a(lib_a-memset.o)
                0x0602273c                memset
 .text          0x0602277c       0x60 c:/users/jason/desktop/saturn game project/joengine-master/compiler/windows/bin/../lib/gcc/sh-elf/9.3.0/../../../../sh-elf/lib\libc.a(lib_a-rget.o)
                0x0602277c                __srget_r
                0x060227c8                __srget
 .text          0x060227dc       0x8c c:/users/jason/desktop/saturn game project/joengine-master/compiler/windows/bin/../lib/gcc/sh-elf/9.3.0/../../../../sh-elf/lib\libc.a(lib_a-sprintf.o)
                0x060227dc                _siprintf_r
                0x060227dc                _sprintf_r
                0x0602281c                siprintf
                0x0602281c                sprintf
 .text          0x06022868       0xd0 c:/users/jason/desktop/saturn game project/joengine-master/compiler/windows/bin/../lib/gcc/sh-elf/9.3.0/../../../../sh-elf/lib\libc.a(lib_a-sscanf.o)
                0x06022868                sscanf
                0x06022868                siscanf
                0x060228d0                _siscanf_r
                0x060228d0                _sscanf_r
 .text          0x06022938       0xe0 c:/users/jason/desktop/saturn game project/joengine-master/compiler/windows/bin/../lib/gcc/sh-elf/9.3.0/../../../../sh-elf/lib\libc.a(lib_a-stdio.o)
                0x06022938                __sread
                0x06022974                __seofread
                0x06022978                __swrite
                0x060229c8                __sseek
                0x06022a08                __sclose
 .text          0x06022a18       0x3c c:/users/jason/desktop/saturn game project/joengine-master/compiler/windows/bin/../lib/gcc/sh-elf/9.3.0/../../../../sh-elf/lib\libc.a(lib_a-strcpy.o)
                0x06022a18                strcpy
 .text          0x06022a54       0x20 c:/users/jason/desktop/saturn game project/joengine-master/compiler/windows/bin/../lib/gcc/sh-elf/9.3.0/../../../../sh-elf/lib\libc.a(lib_a-strlen.o)
                0x06022a54                strlen
 .text          0x06022a74       0x2a c:/users/jason/desktop/saturn game project/joengine-master/compiler/windows/bin/../lib/gcc/sh-elf/9.3.0/../../../../sh-elf/lib\libc.a(lib_a-strncmp.o)
                0x06022a74                strncmp
 .text          0x06022a9e       0x36 c:/users/jason/desktop/saturn game project/joengine-master/compiler/windows/bin/../lib/gcc/sh-elf/9.3.0/../../../../sh-elf/lib\libc.a(lib_a-strncpy.o)
                0x06022a9e                strncpy
 .text          0x06022ad4       0xdc c:/users/jason/desktop/saturn game project/joengine-master/compiler/windows/bin/../lib/gcc/sh-elf/9.3.0/../../../../sh-elf/lib\libc.a(lib_a-wbuf.o)
                0x06022ad4                __swbuf_r
                0x06022b9c                __swbuf
 .text          0x06022bb0       0x34 c:/users/jason/desktop/saturn game project/joengine-master/compiler/windows/bin/../lib/gcc/sh-elf/9.3.0/../../../../sh-elf/lib\libc.a(lib_a-writer.o)
                0x06022bb0                _write_r
 .text          0x06022be4       0xcc c:/users/jason/desktop/saturn game project/joengine-master/compiler/windows/bin/../lib/gcc/sh-elf/9.3.0/../../../../sh-elf/lib\libc.a(lib_a-wsetup.o)
                0x06022be4                __swsetup_r
 .text          0x06022cb0       0x30 c:/users/jason/desktop/saturn game project/joengine-master/compiler/windows/bin/../lib/gcc/sh-elf/9.3.0/../../../../sh-elf/lib\libc.a(lib_a-closer.o)
                0x06022cb0                _close_r
 .text          0x06022ce0      0x1a4 c:/users/jason/desktop/saturn game project/joengine-master/compiler/windows/bin/../lib/gcc/sh-elf/9.3.0/../../../../sh-elf/lib\libc.a(lib_a-fflush.o)
                0x06022ce0                __sflush_r
                0x06022e1c                _fflush_r
                0x06022e5c                fflush
 .text          0x06022e84      0x1d0 c:/users/jason/desktop/saturn game project/joengine-master/compiler/windows/bin/../lib/gcc/sh-elf/9.3.0/../../../../sh-elf/lib\libc.a(lib_a-findfp.o)
                0x06022edc                _cleanup_r
                0x06022eec                __sfmoreglue
                0x06022f38                _cleanup
                0x06022f4c                __sinit
                0x06022fa0                __sfp
 .text          0x06023054       0xb0 c:/users/jason/desktop/saturn game project/joengine-master/compiler/windows/bin/../lib/gcc/sh-elf/9.3.0/../../../../sh-elf/lib\libc.a(lib_a-fwalk.o)
                0x06023054                _fwalk
                0x060230a8                _fwalk_reent
 .text          0x06023104       0x34 c:/users/jason/desktop/saturn game project/joengine-master/compiler/windows/bin/../lib/gcc/sh-elf/9.3.0/../../../../sh-elf/lib\libc.a(lib_a-lseekr.o)
                0x06023104                _lseek_r
 .text          0x06023138      0x108 c:/users/jason/desktop/saturn game project/joengine-master/compiler/windows/bin/../lib/gcc/sh-elf/9.3.0/../../../../sh-elf/lib\libc.a(lib_a-makebuf.o)
                0x06023138                __swhatbuf_r
                0x06023194                __smakebuf_r
 .text          0x06023240       0xd0 c:/users/jason/desktop/saturn game project/joengine-master/compiler/windows/bin/../lib/gcc/sh-elf/9.3.0/../../../../sh-elf/lib\libc.a(lib_a-nano-freer.o)
                0x06023240                _free_r
 .text          0x06023310       0xf8 c:/users/jason/desktop/saturn game project/joengine-master/compiler/windows/bin/../lib/gcc/sh-elf/9.3.0/../../../../sh-elf/lib\libc.a(lib_a-nano-mallocr.o)
                0x06023310                _malloc_r
 .text          0x06023408      0x444 c:/users/jason/desktop/saturn game project/joengine-master/compiler/windows/bin/../lib/gcc/sh-elf/9.3.0/../../../../sh-elf/lib\libc.a(lib_a-nano-svfprintf.o)
                0x06023408                __ssputs_r
                0x060234fc                __ssprint_r
                0x06023630                _svfprintf_r
                0x06023630                _svfiprintf_r
 .text          0x0602384c      0x3f8 c:/users/jason/desktop/saturn game project/joengine-master/compiler/windows/bin/../lib/gcc/sh-elf/9.3.0/../../../../sh-elf/lib\libc.a(lib_a-nano-svfscanf.o)
                0x0602384c                _sungetc_r
                0x060238e8                __ssrefill_r
                0x06023934                __ssvfiscanf_r
                0x06023934                __ssvfscanf_r
 .text          0x06023c44      0x380 c:/users/jason/desktop/saturn game project/joengine-master/compiler/windows/bin/../lib/gcc/sh-elf/9.3.0/../../../../sh-elf/lib\libc.a(lib_a-nano-vfprintf_i.o)
                0x06023c44                _printf_common
                0x06023d44                _printf_i
 .text          0x06023fc4      0x324 c:/users/jason/desktop/saturn game project/joengine-master/compiler/windows/bin/../lib/gcc/sh-elf/9.3.0/../../../../sh-elf/lib\libc.a(lib_a-nano-vfscanf_i.o)
                0x06023fc4                _scanf_chars
                0x060240a4                _scanf_i
 .text          0x060242e8       0x34 c:/users/jason/desktop/saturn game project/joengine-master/compiler/windows/bin/../lib/gcc/sh-elf/9.3.0/../../../../sh-elf/lib\libc.a(lib_a-readr.o)
                0x060242e8                _read_r
 .text          0x0602431c      0x100 c:/users/jason/desktop/saturn game project/joengine-master/compiler/windows/bin/../lib/gcc/sh-elf/9.3.0/../../../../sh-elf/lib\libc.a(lib_a-reent.o)
                0x0602431c                cleanup_glue
                0x06024348                _reclaim_reent
 .text          0x0602441c      0x150 c:/users/jason/desktop/saturn game project/joengine-master/compiler/windows/bin/../lib/gcc/sh-elf/9.3.0/../../../../sh-elf/lib\libc.a(lib_a-refill.o)
                0x06024434                __srefill_r
 .text          0x0602456c       0x30 c:/users/jason/desktop/saturn game project/joengine-master/compiler/windows/bin/../lib/gcc/sh-elf/9.3.0/../../../../sh-elf/lib\libc.a(lib_a-sbrkr.o)
                0x0602456c                _sbrk_r
 .text          0x0602459c       0xa0 c:/users/jason/desktop/saturn game project/joengine-master/compiler/windows/bin/../lib/gcc/sh-elf/9.3.0/../../../../sh-elf/lib\libc.a(lib_a-sccl.o)
                0x0602459c                __sccl
 .text          0x0602463c      0x19c c:/users/jason/desktop/saturn game project/joengine-master/compiler/windows/bin/../lib/gcc/sh-elf/9.3.0/../../../../sh-elf/lib\libc.a(lib_a-strtol.o)
                0x0602479c                _strtol_r
                0x060247a8                strtol_l
                0x060247c0                strtol
 .text          0x060247d8      0x16c c:/users/jason/desktop/saturn game project/joengine-master/compiler/windows/bin/../lib/gcc/sh-elf/9.3.0/../../../../sh-elf/lib\libc.a(lib_a-strtoul.o)
                0x06024908                _strtoul_r
                0x06024914                strtoul_l
                0x0602492c                strtoul
 .text          0x06024944      0x25c c:/users/jason/desktop/saturn game project/joengine-master/compiler/windows/bin/../lib/gcc/sh-elf/9.3.0/../../../../sh-elf/lib\libc.a(lib_a-syscalls.o)
                0x060249bc                _read
                0x060249cc                _lseek
                0x060249dc                _write
                0x060249ec                _close
                0x060249fc                _link
                0x06024a00                _sbrk
                0x06024a58                _fstat
                0x06024a62                _open
                0x06024a74                _creat
                0x06024a84                _unlink
                0x06024a88                isatty
                0x06024a8c                _isatty
                0x06024a90                _exit
                0x06024aa0                _kill
                0x06024ab4                _getpid
                0x06024ab8                _raise
                0x06024abc                _stat
                0x06024acc                _chmod
                0x06024adc                _chown
                0x06024aec                _utime
                0x06024b00                _fork
                0x06024b0c                _wait
                0x06024b1c                _execve
                0x06024b2c                _execv
                0x06024b3c                _pipe
                0x06024b48                _times
                0x06024b4c                _gettimeofday
                0x06024b74                __setup_argv_and_call_main
 .text          0x06024ba0       0x14 c:/users/jason/desktop/saturn game project/joengine-master/compiler/windows/bin/../lib/gcc/sh-elf/9.3.0/../../../../sh-elf/lib\libc.a(lib_a-trap.o)
                0x06024ba0                __trap34
 .text          0x06024bb4      0x1b0 c:/users/jason/desktop/saturn game project/joengine-master/compiler/windows/bin/../lib/gcc/sh-elf/9.3.0/../../../../sh-elf/lib\libc.a(lib_a-ungetc.o)
                0x06024bb4                __submore
                0x06024c44                _ungetc_r
                0x06024d50                ungetc
 .text          0x06024d64       0x18 c:/users/jason/desktop/saturn game project/joengine-master/compiler/windows/bin/../lib/gcc/sh-elf/9.3.0/../../../../sh-elf/lib\libc.a(lib_a-abort.o)
                0x06024d64                abort
 .text          0x06024d7c        0x0 c:/users/jason/desktop/saturn game project/joengine-master/compiler/windows/bin/../lib/gcc/sh-elf/9.3.0/../../../../sh-elf/lib\libc.a(lib_a-ctype_.o)
 .text          0x06024d7c        0xc c:/users/jason/desktop/saturn game project/joengine-master/compiler/windows/bin/../lib/gcc/sh-elf/9.3.0/../../../../sh-elf/lib\libc.a(lib_a-errno.o)
                0x06024d7c                __errno
 .text          0x06024d88       0x34 c:/users/jason/desktop/saturn game project/joengine-master/compiler/windows/bin/../lib/gcc/sh-elf/9.3.0/../../../../sh-elf/lib\libc.a(lib_a-fstatr.o)
                0x06024d88                _fstat_r
 .text          0x06024dbc       0x30 c:/users/jason/desktop/saturn game project/joengine-master/compiler/windows/bin/../lib/gcc/sh-elf/9.3.0/../../../../sh-elf/lib\libc.a(lib_a-isattyr.o)
                0x06024dbc                _isatty_r
 .text          0x06024dec       0x1c c:/users/jason/desktop/saturn game project/joengine-master/compiler/windows/bin/../lib/gcc/sh-elf/9.3.0/../../../../sh-elf/lib\libc.a(lib_a-memchr.o)
                0x06024dec                memchr
 .text          0x06024e08       0x3c c:/users/jason/desktop/saturn game project/joengine-master/compiler/windows/bin/../lib/gcc/sh-elf/9.3.0/../../../../sh-elf/lib\libc.a(lib_a-memmove.o)
                0x06024e08                memmove
 .text          0x06024e44        0x8 c:/users/jason/desktop/saturn game project/joengine-master/compiler/windows/bin/../lib/gcc/sh-elf/9.3.0/../../../../sh-elf/lib\libc.a(lib_a-mlock.o)
                0x06024e44                __malloc_lock
                0x06024e48                __malloc_unlock
 .text          0x06024e4c       0x7c c:/users/jason/desktop/saturn game project/joengine-master/compiler/windows/bin/../lib/gcc/sh-elf/9.3.0/../../../../sh-elf/lib\libc.a(lib_a-nano-reallocr.o)
                0x06024e4c                _realloc_r
 .text          0x06024ec8      0x1b4 c:/users/jason/desktop/saturn game project/joengine-master/compiler/windows/bin/../lib/gcc/sh-elf/9.3.0/../../../../sh-elf/lib\libc.a(lib_a-signal.o)
                0x06024ec8                _init_signal_r
                0x06024f08                _signal_r
                0x06024f54                _raise_r
                0x06024fcc                __sigtramp_r
                0x06025030                raise
                0x06025044                signal
                0x06025058                _init_signal
                0x06025068                __sigtramp
 .text          0x0602507c       0x40 c:/users/jason/desktop/saturn game project/joengine-master/compiler/windows/bin/../lib/gcc/sh-elf/9.3.0/../../../../sh-elf/lib\libc.a(lib_a-signalr.o)
                0x0602507c                _kill_r
                0x060250b0                _getpid_r
 .text          0x060250bc       0x16 c:/users/jason/desktop/saturn game project/joengine-master/compiler/windows/bin/../lib/gcc/sh-elf/9.3.0/../../../../sh-elf/lib\libc.a(lib_a-nano-msizer.o)
                0x060250bc                _malloc_usable_size_r
 *fill*         0x060250d2        0x2 
 .text          0x060250d4       0x78 c:/users/jason/desktop/saturn game project/joengine-master/compiler/windows/bin/../lib/gcc/sh-elf/9.3.0\libgcc.a(_movmem.o)
                0x060250d4                __movmem
                0x060250d4                __movstr
                0x06025108                __movstrSI64
                0x06025108                __movmemSI64
                0x0602510c                __movstrSI60
                0x0602510c                __movmemSI60
                0x06025110                __movstrSI56
                0x06025110                __movmemSI56
                0x06025114                __movstrSI52
                0x06025114                __movmemSI52
                0x06025118                __movstrSI48
                0x06025118                __movmemSI48
                0x0602511c                __movmemSI44
                0x0602511c                __movstrSI44
                0x06025120                __movstrSI40
                0x06025120                __movmemSI40
                0x06025124                __movmemSI36
                0x06025124                __movstrSI36
                0x06025128                __movmemSI32
                0x06025128                __movstrSI32
                0x0602512c                __movstrSI28
                0x0602512c                __movmemSI28
                0x06025130                __movmemSI24
                0x06025130                __movstrSI24
                0x06025134                __movstrSI20
                0x06025134                __movmemSI20
                0x06025138                __movstrSI16
                0x06025138                __movmemSI16
                0x0602513c                __movstrSI12
                0x0602513c                __movmemSI12
                0x06025140                __movmemSI8
                0x06025140                __movstrSI8
                0x06025144                __movmemSI4
                0x06025144                __movstrSI4
 *(.strings)
 *(SEGA_P)
 *(.eh_frame_hdr)
 *(.eh_frame)
                0x0602514c                __etext = .

.text.startup   0x06025150       0x40
 .text.startup  0x06025150       0x40 ../../jo_engine/core.o
                0x06025150                main

SLPROG          0x060251a0    0x134f0
                0x060251a0                __slprog_start = .
 *(SLPROG)
 SLPROG         0x060251a0     0x6540 ../../Compiler/COMMON/SGL_302j/LIB_ELF/SGLAREA.O
                0x060251a0                MasterStack
                0x060251a4                SlaveStack
                0x060251a8                MaxVertices
                0x060251aa                MaxPolygons
                0x060251ac                SortList
                0x060251b0                SortListSize
                0x060251b4                TransList
                0x060251b8                Zbuffer
                0x060251bc                SpriteBuf
                0x060251c0                SpriteBufSize
                0x060251c4                Pbuffer
                0x060251c8                CommandBuf
                0x060251cc                CLOfstBuf
                0x060251d0                PCM_Work
                0x060251d4                PCM_WkSize
                0x060251d8                MaxEvents
                0x060251da                EventSize
                0x060251dc                MaxWorks
                0x060251de                WorkSize
                0x060251e0                RemainEvent
                0x060252e0                RemainWork
                0x060256e0                EventBuf
                0x060276e0                WorkBuf
 SLPROG         0x0602b6e0       0x18 ../../Compiler/COMMON/SGL_302j/LIB_ELF/LIBSGL.A(sglA15.o)
                0x0602b6e0                slSlaveFunc
 *fill*         0x0602b6f8        0x8 
 SLPROG         0x0602b700       0xd0 ../../Compiler/COMMON/SGL_302j/LIB_ELF/LIBSGL.A(sglA16.o)
                0x0602b700                slLookAt
 SLPROG         0x0602b7d0       0x78 ../../Compiler/COMMON/SGL_302j/LIB_ELF/LIBSGL.A(sglA17.o)
                0x0602b7d0                slRotZ
                0x0602b7da                slRotZSC
 *fill*         0x0602b848        0x8 
 SLPROG         0x0602b850       0x78 ../../Compiler/COMMON/SGL_302j/LIB_ELF/LIBSGL.A(sglA18.o)
                0x0602b850                slRotY
                0x0602b85a                slRotYSC
 *fill*         0x0602b8c8        0x8 
 SLPROG         0x0602b8d0       0x78 ../../Compiler/COMMON/SGL_302j/LIB_ELF/LIBSGL.A(sglA19.o)
                0x0602b8d0                slRotX
                0x0602b8da                slRotXSC
 *fill*         0x0602b948        0x8 
 SLPROG         0x0602b950      0x42c ../../Compiler/COMMON/SGL_302j/LIB_ELF/LIBSGL.A(sglA20.o)
                0x0602b950                slInitMatrix
                0x0602b95a                slPushUnitMatrix
                0x0602b96e                slUnitMatrix
 *fill*         0x0602bd7c        0x4 
 SLPROG         0x0602bd80       0x48 ../../Compiler/COMMON/SGL_302j/LIB_ELF/LIBSGL.A(sglA21.o)
                0x0602bd80                slPushMatrix
                0x0602bdb4                slDecMatrixPtr
                0x0602bdb4                slPopMatrix
 *fill*         0x0602bdc8        0x8 
 SLPROG         0x0602bdd0       0x50 ../../Compiler/COMMON/SGL_302j/LIB_ELF/LIBSGL.A(sglA27.o)
                0x0602bdd0                slTranslate
 SLPROG         0x0602be20       0x70 ../../Compiler/COMMON/SGL_302j/LIB_ELF/LIBSGL.A(sglA28.o)
                0x0602be20                slScale
 SLPROG         0x0602be90       0x22 ../../Compiler/COMMON/SGL_302j/LIB_ELF/LIBSGL.A(sglA40.o)
                0x0602be90                slCalcVector
 *fill*         0x0602beb2        0xe 
 SLPROG         0x0602bec0       0x20 ../../Compiler/COMMON/SGL_302j/LIB_ELF/LIBSGL.A(sglB001.o)
                0x0602bec0                slTVOn
                0x0602beca                slTVOff
 SLPROG         0x0602bee0       0x24 ../../Compiler/COMMON/SGL_302j/LIB_ELF/LIBSGL.A(sglB011.o)
                0x0602bee0                slBitMapNbg1
 *fill*         0x0602bf04        0xc 
 SLPROG         0x0602bf10        0x8 ../../Compiler/COMMON/SGL_302j/LIB_ELF/LIBSGL.A(sglB014.o)
                0x0602bf10                slScrTransparent
 *fill*         0x0602bf18        0x8 
 SLPROG         0x0602bf20      0x40c ../../Compiler/COMMON/SGL_302j/LIB_ELF/LIBSGL.A(sglB015.o)
                0x0602bf20                slScrAutoDisp
 *fill*         0x0602c32c        0x4 
 SLPROG         0x0602c330        0xc ../../Compiler/COMMON/SGL_302j/LIB_ELF/LIBSGL.A(sglB016.o)
                0x0602c330                slBack1ColSet
 *fill*         0x0602c33c        0x4 
 SLPROG         0x0602c340       0x10 ../../Compiler/COMMON/SGL_302j/LIB_ELF/LIBSGL.A(sglB020.o)
                0x0602c340                slColorCalc
 SLPROG         0x0602c350        0xc ../../Compiler/COMMON/SGL_302j/LIB_ELF/LIBSGL.A(sglB021.o)
                0x0602c350                slColorCalcOn
 *fill*         0x0602c35c        0x4 
 SLPROG         0x0602c360        0xc ../../Compiler/COMMON/SGL_302j/LIB_ELF/LIBSGL.A(sglB023.o)
                0x0602c360                slColRate
 *fill*         0x0602c36c        0x4 
 SLPROG         0x0602c370       0xb4 ../../Compiler/COMMON/SGL_302j/LIB_ELF/LIBSGL.A(sglB032.o)
                0x0602c370                slMapNbg1
 *fill*         0x0602c424        0xc 
 SLPROG         0x0602c430       0xd4 ../../Compiler/COMMON/SGL_302j/LIB_ELF/LIBSGL.A(sglB035.o)
                0x0602c430                sl1MapRA
                0x0602c4c2                rbank_set
 *fill*         0x0602c504        0xc 
 SLPROG         0x0602c510       0xa0 ../../Compiler/COMMON/SGL_302j/LIB_ELF/LIBSGL.A(sglB036.o)
                0x0602c510                sl1MapRB
 SLPROG         0x0602c5b0       0x70 ../../Compiler/COMMON/SGL_302j/LIB_ELF/LIBSGL.A(sglB038.o)
                0x0602c5b0                slRparaInitSet
 SLPROG         0x0602c620       0x7e ../../Compiler/COMMON/SGL_302j/LIB_ELF/LIBSGL.A(sglB039.o)
                0x0602c620                slMakeKtable
 *fill*         0x0602c69e        0x2 
 SLPROG         0x0602c6a0       0x58 ../../Compiler/COMMON/SGL_302j/LIB_ELF/LIBSGL.A(sglB040.o)
                0x0602c6a0                slKtableRA
 *fill*         0x0602c6f8        0x8 
 SLPROG         0x0602c700       0x5c ../../Compiler/COMMON/SGL_302j/LIB_ELF/LIBSGL.A(sglB041.o)
                0x0602c700                slKtableRB
 *fill*         0x0602c75c        0x4 
 SLPROG         0x0602c760       0x10 ../../Compiler/COMMON/SGL_302j/LIB_ELF/LIBSGL.A(sglB042.o)
                0x0602c760                slCurRpara
 SLPROG         0x0602c770        0x8 ../../Compiler/COMMON/SGL_302j/LIB_ELF/LIBSGL.A(sglB043.o)
                0x0602c770                slRparaMode
 *fill*         0x0602c778        0x8 
 SLPROG         0x0602c780      0x4e4 ../../Compiler/COMMON/SGL_302j/LIB_ELF/LIBSGL.A(sglB044.o)
                0x0602c780                slScrMatSet
 *fill*         0x0602cc64        0xc 
 SLPROG         0x0602cc70       0x28 ../../Compiler/COMMON/SGL_302j/LIB_ELF/LIBSGL.A(sglB045.o)
                0x0602cc70                slScrMatConv
 *fill*         0x0602cc98        0x8 
 SLPROG         0x0602cca0        0xc ../../Compiler/COMMON/SGL_302j/LIB_ELF/LIBSGL.A(sglB047.o)
                0x0602cca0                slOverRA
 *fill*         0x0602ccac        0x4 
 SLPROG         0x0602ccb0       0x10 ../../Compiler/COMMON/SGL_302j/LIB_ELF/LIBSGL.A(sglB048.o)
                0x0602ccb0                slOverRB
 SLPROG         0x0602ccc0        0xc ../../Compiler/COMMON/SGL_302j/LIB_ELF/LIBSGL.A(sglB056.o)
                0x0602ccc0                slPlaneNbg1
 *fill*         0x0602cccc        0x4 
 SLPROG         0x0602ccd0        0xc ../../Compiler/COMMON/SGL_302j/LIB_ELF/LIBSGL.A(sglB059.o)
                0x0602ccd0                slPlaneRA
 *fill*         0x0602ccdc        0x4 
 SLPROG         0x0602cce0       0x10 ../../Compiler/COMMON/SGL_302j/LIB_ELF/LIBSGL.A(sglB060.o)
                0x0602cce0                slPlaneRB
 SLPROG         0x0602ccf0        0xc ../../Compiler/COMMON/SGL_302j/LIB_ELF/LIBSGL.A(sglB063.o)
                0x0602ccf0                slPriority
 *fill*         0x0602ccfc        0x4 
 SLPROG         0x0602cd00       0x18 ../../Compiler/COMMON/SGL_302j/LIB_ELF/LIBSGL.A(sglB087.o)
                0x0602cd00                slLineScrollTable0
 *fill*         0x0602cd18        0x8 
 SLPROG         0x0602cd20        0x8 ../../Compiler/COMMON/SGL_302j/LIB_ELF/LIBSGL.A(sglB088.o)
                0x0602cd20                slLineScrollTable1
 *fill*         0x0602cd28        0x8 
 SLPROG         0x0602cd30        0xc ../../Compiler/COMMON/SGL_302j/LIB_ELF/LIBSGL.A(sglB090.o)
                0x0602cd30                slLineScrollMode
 *fill*         0x0602cd3c        0x4 
 SLPROG         0x0602cd40      0x114 ../../Compiler/COMMON/SGL_302j/LIB_ELF/LIBSGL.A(sglB200.o)
                0x0602cd40                slCharRbg0
                0x0602cd4c                slCharNbg0
                0x0602cd58                slCharNbg1
                0x0602cd64                slCharNbg2
                0x0602cd7a                slCharNbg3
                0x0602cd92                slPageRbg0
                0x0602cda8                slPageNbg1
                0x0602cdb0                slPageNbg2
                0x0602cdb8                slPageNbg3
                0x0602cdc4                slPageNbg0
 *fill*         0x0602ce54        0xc 
 SLPROG         0x0602ce60       0xc4 ../../Compiler/COMMON/SGL_302j/LIB_ELF/LIBSGL.A(sglC03.o)
                0x0602ce60                slWindow
 *fill*         0x0602cf24        0xc 
 SLPROG         0x0602cf30       0x2c ../../Compiler/COMMON/SGL_302j/LIB_ELF/LIBSGL.A(sglC04.o)
                0x0602cf30                slZdspLevel
 *fill*         0x0602cf5c        0x4 
 SLPROG         0x0602cf60       0x78 ../../Compiler/COMMON/SGL_302j/LIB_ELF/LIBSGL.A(sglC05.o)
                0x0602cf60                slSetSprite
 *fill*         0x0602cfd8        0x8 
 SLPROG         0x0602cfe0       0xfa ../../Compiler/COMMON/SGL_302j/LIB_ELF/LIBSGL.A(sglC06.o)
                0x0602cfe0                slDispSprite
 *fill*         0x0602d0da        0x6 
 SLPROG         0x0602d0e0      0x162 ../../Compiler/COMMON/SGL_302j/LIB_ELF/LIBSGL.A(sglC07.o)
                0x0602d0e6                slPutSprite
 *fill*         0x0602d242        0xe 
 SLPROG         0x0602d250     0x1218 ../../Compiler/COMMON/SGL_302j/LIB_ELF/LIBSGL.A(sglC08.o)
                0x0602d250                slPutPolygon
                0x0602decc                MsCalcDepthFlat
 *fill*         0x0602e468        0x8 
 SLPROG         0x0602e470       0x8c ../../Compiler/COMMON/SGL_302j/LIB_ELF/LIBSGL.A(sglC14.o)
                0x0602e470                slCurWindow
 *fill*         0x0602e4fc        0x4 
 SLPROG         0x0602e500       0x54 ../../Compiler/COMMON/SGL_302j/LIB_ELF/LIBSGL.A(sglC16.o)
                0x0602e500                slDynamicFrame
 *fill*         0x0602e554        0xc 
 SLPROG         0x0602e560       0x4c ../../Compiler/COMMON/SGL_302j/LIB_ELF/LIBSGL.A(sglC17.o)
                0x0602e560                slDispSpriteHV
 *fill*         0x0602e5ac        0x4 
 SLPROG         0x0602e5b0       0xd4 ../../Compiler/COMMON/SGL_302j/LIB_ELF/LIBSGL.A(sglC19.o)
                0x0602e5b0                slDispSprite4P
 *fill*         0x0602e684        0xc 
 SLPROG         0x0602e690       0x40 ../../Compiler/COMMON/SGL_302j/LIB_ELF/LIBSGL.A(sglC20.o)
                0x0602e690                SpriteEntry
 SLPROG         0x0602e6d0      0x4ae ../../Compiler/COMMON/SGL_302j/LIB_ELF/LIBSGL.A(sglC21.o)
                0x0602e758                RotSprite
                0x0602e7e6                SetSprPosition
 *fill*         0x0602eb7e        0x2 
 SLPROG         0x0602eb80       0x84 ../../Compiler/COMMON/SGL_302j/LIB_ELF/LIBSGL.A(sglD00.o)
                0x0602eb80                slCpuDMACopy
                0x0602eb80                slDMACopy
                0x0602ebda                CSH_AllClr
                0x0602ebda                slCashPurge
 *fill*         0x0602ec04        0xc 
 SLPROG         0x0602ec10       0xa0 ../../Compiler/COMMON/SGL_302j/LIB_ELF/LIBSGL.A(sglD01.o)
                0x0602ec10                slDMAXCopy
 SLPROG         0x0602ecb0       0x10 ../../Compiler/COMMON/SGL_302j/LIB_ELF/LIBSGL.A(sglD02.o)
                0x0602ecb0                slDMAWait
 SLPROG         0x0602ecc0        0xc ../../Compiler/COMMON/SGL_302j/LIB_ELF/LIBSGL.A(sglD03.o)
                0x0602ecc0                slDMAStatus
 *fill*         0x0602eccc        0x4 
 SLPROG         0x0602ecd0       0x20 ../../Compiler/COMMON/SGL_302j/LIB_ELF/LIBSGL.A(sglD15.o)
                0x0602ecd0                CSH_Purge
 SLPROG         0x0602ecf0       0x84 ../../Compiler/COMMON/SGL_302j/LIB_ELF/LIBSGL.A(sglD16.o)
                0x0602ecf0                DMA_ScuSetPrm
                0x0602ed38                DMA_SCU_PRM0
 *fill*         0x0602ed74        0xc 
 SLPROG         0x0602ed80       0x88 ../../Compiler/COMMON/SGL_302j/LIB_ELF/LIBSGL.A(sglD17.o)
                0x0602ed80                DMA_ScuStart
 *fill*         0x0602ee08        0x8 
 SLPROG         0x0602ee10       0x34 ../../Compiler/COMMON/SGL_302j/LIB_ELF/LIBSGL.A(sglD18.o)
                0x0602ee10                DMA_ScuGetStatus
 *fill*         0x0602ee44        0xc 
 SLPROG         0x0602ee50       0x4e ../../Compiler/COMMON/SGL_302j/LIB_ELF/LIBSGL.A(sglF00.o)
                0x0602ee50                slCurScrn
                0x0602ee60                slCurColor
                0x0602ee6a                slLocate
                0x0602ee9c                CurrentScreen
 *fill*         0x0602ee9e        0x2 
 SLPROG         0x0602eea0       0x1c ../../Compiler/COMMON/SGL_302j/LIB_ELF/LIBSGL.A(sglF05.o)
                0x0602eea0                slPrint
 *fill*         0x0602eebc        0x4 
 SLPROG         0x0602eec0       0x34 ../../Compiler/COMMON/SGL_302j/LIB_ELF/LIBSGL.A(sglF08.o)
                0x0602eec0                slDec2Hex
 *fill*         0x0602eef4        0xc 
 SLPROG         0x0602ef00      0xfc8 ../../Compiler/COMMON/SGL_302j/LIB_ELF/LIBSGL.A(sglH00.o)
                0x0602ef18                slGetPortDir1
                0x0602ef20                slGetPortDir2
                0x0602ef28                slSetPortDir1
                0x0602ef52                slSetPortDir2
                0x0602ef8c                slGetPortData1
                0x0602ef94                slGetPortData2
                0x0602ef9c                slSetPortData1
                0x0602efa6                slSetPortData2
                0x0602efb8                slGetPortSelect1
                0x0602efc2                slGetPortSelect2
                0x0602efcc                slSetPortSelect1
                0x0602f000                slSetPortSelect2
                0x0602f03c                slGetPortExt1
                0x0602f046                slGetPortExt2
                0x0602f050                slSetPortExt1
                0x0602f080                slSetPortExt2
                0x0602f1f4                slSmpcDirectAccess
                0x0602f274                slInitPeripheral
                0x0602f306                slSetResultBuffer
                0x0602f392                slCheckIntBackSet
                0x0602f39e                slIntBackCancel
                0x0602f3c8                slCheckReset
                0x0602f3d2                slClearReset
                0x0602f598                slSmpcCashSend
                0x0602f654                slSmpcCashBlow
                0x0602f730                slGetOptimize
                0x0602f73a                slSetOptimize
                0x0602f760                slGetPortMode1
                0x0602f76c                slGetPortMode2
                0x0602f77a                slSetPortMode1
                0x0602f7b8                slSetPortMode2
                0x0602f944                slRequestCommand
                0x0602f9b4                Smpc_Status
                0x0602f9b8                Smpc_Result
                0x0602f9bc                Smpc_Peripheral
                0x0602f9c2                Per_Connect1
                0x0602f9c3                Per_Connect2
                0x0602f9e4                SmpcStatusBuf
 *fill*         0x0602fec8        0x8 
 SLPROG         0x0602fed0       0xa8 ../../Compiler/COMMON/SGL_302j/LIB_ELF/LIBSGL.A(sglH01.o)
                0x0602fed0                slGetLanguage
                0x0602feda                slSetLanguage
                0x0602fefc                slGetSoundEffect
                0x0602ff08                slSetSoundEffect
                0x0602ff24                slGetSoundOutput
                0x0602ff30                slSetSoundOutput
                0x0602ff4c                slGetHelpWindow
                0x0602ff58                slSetHelpWindow
 *fill*         0x0602ff78        0x8 
 SLPROG         0x0602ff80      0x470 ../../Compiler/COMMON/SGL_302j/LIB_ELF/LIBSGL.A(sglH02.o)
                0x06030370                smpc_pfr_tbl
                0x060303b0                smpc_ptf_tbl
 SLPROG         0x060303f0       0x60 ../../Compiler/COMMON/SGL_302j/LIB_ELF/LIBSGL.A(sglH04.o)
                0x060303f0                slComPrmIntBack
                0x06030404                slComPrmSetMemory
                0x0603041a                slComPrmSetTime
 SLPROG         0x06030450      0x3a4 ../../Compiler/COMMON/SGL_302j/LIB_ELF/LIBSGL.A(sglI01.o)
                0x06030450                slInitSynch
                0x0603046a                slSynch
                0x06030560                slRandom
                0x0603057e                PCM_EndCheck
                0x0603063a                RetPCMBuf
                0x060306d4                PCM_Buf
                0x06030774                Sound_Buf
 *fill*         0x060307f4        0xc 
 SLPROG         0x06030800       0x10 ../../Compiler/COMMON/SGL_302j/LIB_ELF/LIBSGL.A(sglI04.o)
                0x06030800                slIntFunction
 SLPROG         0x06030810       0x74 ../../Compiler/COMMON/SGL_302j/LIB_ELF/LIBSGL.A(sglJ00.o)
                0x06030810                InitSlaveSH
                0x06030878                SlaveCommand
 *fill*         0x06030884        0xc 
 SLPROG         0x06030890      0x3d0 ../../Compiler/COMMON/SGL_302j/LIB_ELF/LIBSGL.A(sglJ01.o)
                0x06030890                SlaveControl
                0x06030c4c                ErasePolygonData
 SLPROG         0x06030c60     0x12b8 ../../Compiler/COMMON/SGL_302j/LIB_ELF/LIBSGL.A(sglJ02.o)
                0x06030c60                sbMakePolygon
                0x06030e48                sbCalcPolygon
                0x06031b80                SetTexture
                0x06031b8c                SetPolygon
                0x06031b94                SetPosition
                0x06031bcc                stvtc_4
                0x06031c84                stvtc_3
                0x06031e94                stvtc_1
                0x06031ea8                stvtc_2
                0x06031ebc                stvtc_0
 *fill*         0x06031f18        0x8 
 SLPROG         0x06031f20      0x140 ../../Compiler/COMMON/SGL_302j/LIB_ELF/LIBSGL.A(sglJ03.o)
                0x06031f20                sbMakeDMATable
 SLPROG         0x06032060      0x470 ../../Compiler/COMMON/SGL_302j/LIB_ELF/LIBSGL.A(sglJ04.o)
                0x060320be                sbMakeSprite
                0x06032124                sbMakeRotSprite
 SLPROG         0x060324d0       0x3c ../../Compiler/COMMON/SGL_302j/LIB_ELF/LIBSGL.A(sglJ05.o)
                0x060324d0                sbSortEntry
 *fill*         0x0603250c        0x4 
 SLPROG         0x06032510      0x4b8 ../../Compiler/COMMON/SGL_302j/LIB_ELF/LIBSGL.A(sglM00.o)
                0x06032510                slInitGouraud
                0x06032604                slPutPolygonX
                0x0603264a                slGouraudTblCopy
                0x060326a2                slSetGouraudTbl
                0x060326a8                slSetGouraudColor
                0x06032720                slSetAmbient
                0x06032744                slSetFlatColor
 *fill*         0x060329c8        0x8 
 SLPROG         0x060329d0       0x6a ../../Compiler/COMMON/SGL_302j/LIB_ELF/LIBSGL.A(sglM01.o)
                0x060329d0                slSetDepthLimit
                0x060329fc                slSetDepthTbl
                0x06032a2c                DepthWorkArea
 *fill*         0x06032a3a        0x6 